Archive member included because of file (symbol)

/home/robert/Desktop/Projektwoche/stm/U23_2013_examples/libs/libCMSIS/obj/libCMSIS.a(system_stm32f4xx.o)
                              (--whole-archive)
/home/robert/Desktop/Projektwoche/stm/U23_2013_examples/libs/libCMSIS/obj/libCMSIS.a(startup_stm32f4xx.o)
                              (--whole-archive)
/home/robert/Desktop/Projektwoche/stm/U23_2013_examples/libs/libstm32f4xx/obj/libstm32f4xx.a(misc.o)
                              (--whole-archive)
/home/robert/Desktop/Projektwoche/stm/U23_2013_examples/libs/libstm32f4xx/obj/libstm32f4xx.a(stm32f4xx_cryp_aes.o)
                              (--whole-archive)
/home/robert/Desktop/Projektwoche/stm/U23_2013_examples/libs/libstm32f4xx/obj/libstm32f4xx.a(stm32f4xx_dac.o)
                              (--whole-archive)
/home/robert/Desktop/Projektwoche/stm/U23_2013_examples/libs/libstm32f4xx/obj/libstm32f4xx.a(stm32f4xx_exti.o)
                              (--whole-archive)
/home/robert/Desktop/Projektwoche/stm/U23_2013_examples/libs/libstm32f4xx/obj/libstm32f4xx.a(stm32f4xx_hash.o)
                              (--whole-archive)
/home/robert/Desktop/Projektwoche/stm/U23_2013_examples/libs/libstm32f4xx/obj/libstm32f4xx.a(stm32f4xx_iwdg.o)
                              (--whole-archive)
/home/robert/Desktop/Projektwoche/stm/U23_2013_examples/libs/libstm32f4xx/obj/libstm32f4xx.a(stm32f4xx_rtc.o)
                              (--whole-archive)
/home/robert/Desktop/Projektwoche/stm/U23_2013_examples/libs/libstm32f4xx/obj/libstm32f4xx.a(stm32f4xx_tim.o)
                              (--whole-archive)
/home/robert/Desktop/Projektwoche/stm/U23_2013_examples/libs/libstm32f4xx/obj/libstm32f4xx.a(stm32f4xx_adc.o)
                              (--whole-archive)
/home/robert/Desktop/Projektwoche/stm/U23_2013_examples/libs/libstm32f4xx/obj/libstm32f4xx.a(stm32f4xx_cryp.o)
                              (--whole-archive)
/home/robert/Desktop/Projektwoche/stm/U23_2013_examples/libs/libstm32f4xx/obj/libstm32f4xx.a(stm32f4xx_dbgmcu.o)
                              (--whole-archive)
/home/robert/Desktop/Projektwoche/stm/U23_2013_examples/libs/libstm32f4xx/obj/libstm32f4xx.a(stm32f4xx_flash.o)
                              (--whole-archive)
/home/robert/Desktop/Projektwoche/stm/U23_2013_examples/libs/libstm32f4xx/obj/libstm32f4xx.a(stm32f4xx_hash_md5.o)
                              (--whole-archive)
/home/robert/Desktop/Projektwoche/stm/U23_2013_examples/libs/libstm32f4xx/obj/libstm32f4xx.a(stm32f4xx_pwr.o)
                              (--whole-archive)
/home/robert/Desktop/Projektwoche/stm/U23_2013_examples/libs/libstm32f4xx/obj/libstm32f4xx.a(stm32f4xx_sdio.o)
                              (--whole-archive)
/home/robert/Desktop/Projektwoche/stm/U23_2013_examples/libs/libstm32f4xx/obj/libstm32f4xx.a(stm32f4xx_usart.o)
                              (--whole-archive)
/home/robert/Desktop/Projektwoche/stm/U23_2013_examples/libs/libstm32f4xx/obj/libstm32f4xx.a(stm32f4xx_can.o)
                              (--whole-archive)
/home/robert/Desktop/Projektwoche/stm/U23_2013_examples/libs/libstm32f4xx/obj/libstm32f4xx.a(stm32f4xx_cryp_des.o)
                              (--whole-archive)
/home/robert/Desktop/Projektwoche/stm/U23_2013_examples/libs/libstm32f4xx/obj/libstm32f4xx.a(stm32f4xx_dcmi.o)
                              (--whole-archive)
/home/robert/Desktop/Projektwoche/stm/U23_2013_examples/libs/libstm32f4xx/obj/libstm32f4xx.a(stm32f4xx_fsmc.o)
                              (--whole-archive)
/home/robert/Desktop/Projektwoche/stm/U23_2013_examples/libs/libstm32f4xx/obj/libstm32f4xx.a(stm32f4xx_hash_sha1.o)
                              (--whole-archive)
/home/robert/Desktop/Projektwoche/stm/U23_2013_examples/libs/libstm32f4xx/obj/libstm32f4xx.a(stm32f4xx_rcc.o)
                              (--whole-archive)
/home/robert/Desktop/Projektwoche/stm/U23_2013_examples/libs/libstm32f4xx/obj/libstm32f4xx.a(stm32f4xx_spi.o)
                              (--whole-archive)
/home/robert/Desktop/Projektwoche/stm/U23_2013_examples/libs/libstm32f4xx/obj/libstm32f4xx.a(stm32f4xx_wwdg.o)
                              (--whole-archive)
/home/robert/Desktop/Projektwoche/stm/U23_2013_examples/libs/libstm32f4xx/obj/libstm32f4xx.a(stm32f4xx_crc.o)
                              (--whole-archive)
/home/robert/Desktop/Projektwoche/stm/U23_2013_examples/libs/libstm32f4xx/obj/libstm32f4xx.a(stm32f4xx_cryp_tdes.o)
                              (--whole-archive)
/home/robert/Desktop/Projektwoche/stm/U23_2013_examples/libs/libstm32f4xx/obj/libstm32f4xx.a(stm32f4xx_dma.o)
                              (--whole-archive)
/home/robert/Desktop/Projektwoche/stm/U23_2013_examples/libs/libstm32f4xx/obj/libstm32f4xx.a(stm32f4xx_gpio.o)
                              (--whole-archive)
/home/robert/Desktop/Projektwoche/stm/U23_2013_examples/libs/libstm32f4xx/obj/libstm32f4xx.a(stm32f4xx_i2c.o)
                              (--whole-archive)
[...]
Memory Configuration

Name             Origin             Length             Attributes
flash            0x0000000008000000 0x0000000000100000 xr
ccmram           0x0000000010000000 0x0000000000010000 xrw
sram             0x0000000020000000 0x0000000000020000 xrw
*default*        0x0000000000000000 0xffffffffffffffff

Linker script and memory map

                0x0000000008000000                . = ORIGIN (flash)

.text           0x0000000008000000     0xae68
 *(.vectors)
 .vectors       0x0000000008000000      0x188 /home/robert/Desktop/Projektwoche/stm/U23_2013_examples/libs/libCMSIS/obj/libCMSIS.a(startup_stm32f4xx.o)
                0x0000000008000000                InterruptVectors
 *(.text*)
 .text.DelayMS  0x0000000008000188       0x38 /home/robert/Desktop/Projektwoche/stm/U23_2013_examples/examples/tetris/obj/SSD1289.o
 .text.SSD1289_Configuration
                0x00000000080001c0       0x6c /home/robert/Desktop/Projektwoche/stm/U23_2013_examples/examples/tetris/obj/SSD1289.o
 .text.SSD1289_WriteIndex
                0x000000000800022c       0x5c /home/robert/Desktop/Projektwoche/stm/U23_2013_examples/examples/tetris/obj/SSD1289.o
                0x000000000800022c                SSD1289_WriteIndex
 .text.SSD1289_WriteData
                0x0000000008000288       0x4c /home/robert/Desktop/Projektwoche/stm/U23_2013_examples/examples/tetris/obj/SSD1289.o
                0x0000000008000288                SSD1289_WriteData
 .text.SSD1289_WriteReg
                0x00000000080002d4       0x44 /home/robert/Desktop/Projektwoche/stm/U23_2013_examples/examples/tetris/obj/SSD1289.o
                0x00000000080002d4                SSD1289_WriteReg
 .text.SSD1289_SetCursor
                0x0000000008000318       0x50 /home/robert/Desktop/Projektwoche/stm/U23_2013_examples/examples/tetris/obj/SSD1289.o
                0x0000000008000318                SSD1289_SetCursor
 .text.SSD1289_Init
                0x0000000008000368      0x1c0 /home/robert/Desktop/Projektwoche/stm/U23_2013_examples/examples/tetris/obj/SSD1289.o
                0x0000000008000368                SSD1289_Init
 .text.SSD1289_Clear
                0x0000000008000528       0x60 /home/robert/Desktop/Projektwoche/stm/U23_2013_examples/examples/tetris/obj/SSD1289.o
                0x0000000008000528                SSD1289_Clear
 .text.SSD1289_SetPoint
                0x0000000008000588       0x40 /home/robert/Desktop/Projektwoche/stm/U23_2013_examples/examples/tetris/obj/SSD1289.o
                0x0000000008000588                SSD1289_SetPoint
 .text.SSD1289_DrawLine
                0x00000000080005c8      0x198 /home/robert/Desktop/Projektwoche/stm/U23_2013_examples/examples/tetris/obj/SSD1289.o
                0x00000000080005c8                SSD1289_DrawLine
 .text.SSD1289_CleanPutCharFont
                0x0000000008000760       0xbc /home/robert/Desktop/Projektwoche/stm/U23_2013_examples/examples/tetris/obj/SSD1289.o
                0x0000000008000760                SSD1289_CleanPutCharFont
 .text.SSD1289_CleanTextFont
                0x000000000800081c       0x64 /home/robert/Desktop/Projektwoche/stm/U23_2013_examples/examples/tetris/obj/SSD1289.o
                0x000000000800081c                SSD1289_CleanTextFont
 .text.SSD1289_DrawRect
                0x0000000008000880       0xc4 /home/robert/Desktop/Projektwoche/stm/U23_2013_examples/examples/tetris/obj/SSD1289.o
                0x0000000008000880                SSD1289_DrawRect
 .text.SSD1289_FillRect
                0x0000000008000944       0x94 /home/robert/Desktop/Projektwoche/stm/U23_2013_examples/examples/tetris/obj/SSD1289.o
                0x0000000008000944                SSD1289_FillRect
 .text.XPT2046_Init
                0x00000000080009d8      0x120 /home/robert/Desktop/Projektwoche/stm/U23_2013_examples/examples/tetris/obj/XPT2046.o
                0x00000000080009d8                XPT2046_Init
 .text.set_CS   0x0000000008000af8       0x18 /home/robert/Desktop/Projektwoche/stm/U23_2013_examples/examples/tetris/obj/XPT2046.o
 .text.SetLEDs  0x0000000008000b10       0x40 /home/robert/Desktop/Projektwoche/stm/U23_2013_examples/examples/tetris/obj/LCD.o
 .text.DelayMS  0x0000000008000b50       0x38 /home/robert/Desktop/Projektwoche/stm/U23_2013_examples/examples/tetris/obj/LCD.o
 .text.lcd_initLCD
                0x0000000008000b88       0x30 /home/robert/Desktop/Projektwoche/stm/U23_2013_examples/examples/tetris/obj/LCD.o
                0x0000000008000b88                lcd_initLCD
 .text.SetBit   0x0000000008000bb8       0x4c /home/robert/Desktop/Projektwoche/stm/U23_2013_examples/examples/tetris/obj/controller.o
                0x0000000008000bb8                SetBit
 .text.controller_checkButton
                0x0000000008000c04       0x2c /home/robert/Desktop/Projektwoche/stm/U23_2013_examples/examples/tetris/obj/controller.o
                0x0000000008000c04                controller_checkButton
 .text.handleController
                0x0000000008000c30      0x16c /home/robert/Desktop/Projektwoche/stm/U23_2013_examples/examples/tetris/obj/controller.o
                0x0000000008000c30                handleController
 .text.controller_main
                0x0000000008000d9c       0x30 /home/robert/Desktop/Projektwoche/stm/U23_2013_examples/examples/tetris/obj/controller.o
                0x0000000008000d9c                controller_main
 .text.controller_init
                0x0000000008000dcc       0x5c /home/robert/Desktop/Projektwoche/stm/U23_2013_examples/examples/tetris/obj/controller.o
                0x0000000008000dcc                controller_init
 .text.drawCube
                0x0000000008000e28       0x48 /home/robert/Desktop/Projektwoche/stm/U23_2013_examples/examples/tetris/obj/game.o
                0x0000000008000e28                drawCube
 .text.setTile  0x0000000008000e70       0xb4 /home/robert/Desktop/Projektwoche/stm/U23_2013_examples/examples/tetris/obj/game.o
                0x0000000008000e70                setTile
 .text.game_spawnTile
                0x0000000008000f24      0x148 /home/robert/Desktop/Projektwoche/stm/U23_2013_examples/examples/tetris/obj/game.o
                0x0000000008000f24                game_spawnTile
 .text.drawTile
                0x000000000800106c      0x154 /home/robert/Desktop/Projektwoche/stm/U23_2013_examples/examples/tetris/obj/game.o
                0x000000000800106c                drawTile
 .text.game_draw
                0x00000000080011c0       0x70 /home/robert/Desktop/Projektwoche/stm/U23_2013_examples/examples/tetris/obj/game.o
                0x00000000080011c0                game_draw
 .text.collide_P
                0x0000000008001230       0x54 /home/robert/Desktop/Projektwoche/stm/U23_2013_examples/examples/tetris/obj/game.o
                0x0000000008001230                collide_P
 .text.collide  0x0000000008001284      0x164 /home/robert/Desktop/Projektwoche/stm/U23_2013_examples/examples/tetris/obj/game.o
                0x0000000008001284                collide
 .text.addTile  0x00000000080013e8      0x180 /home/robert/Desktop/Projektwoche/stm/U23_2013_examples/examples/tetris/obj/game.o
                0x00000000080013e8                addTile
 .text.game_rotateTile
                0x0000000008001568       0x7c /home/robert/Desktop/Projektwoche/stm/U23_2013_examples/examples/tetris/obj/game.o
                0x0000000008001568                game_rotateTile
 .text.game_moveTile
                0x00000000080015e4       0xf4 /home/robert/Desktop/Projektwoche/stm/U23_2013_examples/examples/tetris/obj/game.o
                0x00000000080015e4                game_moveTile
 .text.game_update
                0x00000000080016d8      0x108 /home/robert/Desktop/Projektwoche/stm/U23_2013_examples/examples/tetris/obj/game.o
                0x00000000080016d8                game_update
 .text.NVIC_SetPriority
                0x00000000080017e0       0x58 /home/robert/Desktop/Projektwoche/stm/U23_2013_examples/examples/tetris/obj/main.o
 .text.SysTick_Config
                0x0000000008001838       0x54 /home/robert/Desktop/Projektwoche/stm/U23_2013_examples/examples/tetris/obj/main.o
 .text.DelayMS  0x000000000800188c       0x38 /home/robert/Desktop/Projektwoche/stm/U23_2013_examples/examples/tetris/obj/main.o
 .text.main     0x00000000080018c4      0x114 /home/robert/Desktop/Projektwoche/stm/U23_2013_examples/examples/tetris/obj/main.o
                0x00000000080018c4                main
 .text.GetASCIICode
                0x00000000080019d8       0xa8 /home/robert/Desktop/Projektwoche/stm/U23_2013_examples/examples/tetris/obj/AsciiLib.o
                0x00000000080019d8                GetASCIICode
 .text.SystemInit
                0x0000000008001a80       0xac /home/robert/Desktop/Projektwoche/stm/U23_2013_examples/libs/libCMSIS/obj/libCMSIS.a(system_stm32f4xx.o)
                0x0000000008001a80                SystemInit
 .text.SetSysClock
                0x0000000008001b2c      0x1d4 /home/robert/Desktop/Projektwoche/stm/U23_2013_examples/libs/libCMSIS/obj/libCMSIS.a(system_stm32f4xx.o)
 .text.Reset_Handler
                0x0000000008001d00       0x90 /home/robert/Desktop/Projektwoche/stm/U23_2013_examples/libs/libCMSIS/obj/libCMSIS.a(startup_stm32f4xx.o)
                0x0000000008001d00                Reset_Handler
 .text.Default_Handler
                0x0000000008001d90        0x4 /home/robert/Desktop/Projektwoche/stm/U23_2013_examples/libs/libCMSIS/obj/libCMSIS.a(startup_stm32f4xx.o)
                0x0000000008001d90                RTC_Alarm_IRQHandler
                0x0000000008001d90                HASH_RNG_IRQHandler
                0x0000000008001d90                EXTI2_IRQHandler
                0x0000000008001d90                TIM8_CC_IRQHandler
                0x0000000008001d90                SVCall_Handler
                0x0000000008001d90                DebugMon_Handler
                0x0000000008001d90                TIM1_CC_IRQHandler
                0x0000000008001d90                DMA2_Stream5_IRQHandler
                0x0000000008001d90                HardFault_Handler
                0x0000000008001d90                DMA1_Stream5_IRQHandler
                0x0000000008001d90                PVD_IRQHandler
                0x0000000008001d90                SDIO_IRQHandler
                0x0000000008001d90                TAMP_STAMP_IRQHandler
                0x0000000008001d90                PendSV_Handler
                0x0000000008001d90                NMI_Handler
                0x0000000008001d90                CAN2_RX1_IRQHandler
                0x0000000008001d90                EXTI3_IRQHandler
                0x0000000008001d90                TIM8_TRG_COM_TIM14_IRQHandler
                0x0000000008001d90                TIM1_UP_TIM10_IRQHandler
                0x0000000008001d90                TIM8_UP_TIM13_IRQHandler
                0x0000000008001d90                I2C3_ER_IRQHandler
                0x0000000008001d90                EXTI0_IRQHandler
                0x0000000008001d90                I2C2_EV_IRQHandler
                0x0000000008001d90                DMA1_Stream2_IRQHandler
                0x0000000008001d90                CAN1_RX0_IRQHandler
                0x0000000008001d90                FPU_IRQHandler
                0x0000000008001d90                OTG_HS_WKUP_IRQHandler
                0x0000000008001d90                UsageFault_Handler
                0x0000000008001d90                CAN2_SCE_IRQHandler
                0x0000000008001d90                DMA2_Stream2_IRQHandler
                0x0000000008001d90                SPI1_IRQHandler
                0x0000000008001d90                TIM6_DAC_IRQHandler
                0x0000000008001d90                TIM1_BRK_TIM9_IRQHandler
                0x0000000008001d90                DCMI_IRQHandler
                0x0000000008001d90                CAN2_RX0_IRQHandler
                0x0000000008001d90                DMA2_Stream3_IRQHandler
                0x0000000008001d90                USART6_IRQHandler
                0x0000000008001d90                USART3_IRQHandler
                0x0000000008001d90                CRYP_IRQHandler
                0x0000000008001d90                CAN1_RX1_IRQHandler
                0x0000000008001d90                UART5_IRQHandler
                0x0000000008001d90                DMA2_Stream0_IRQHandler
                0x0000000008001d90                TIM4_IRQHandler
                0x0000000008001d90                I2C1_EV_IRQHandler
                0x0000000008001d90                DMA1_Stream6_IRQHandler
                0x0000000008001d90                DMA1_Stream1_IRQHandler
                0x0000000008001d90                UART4_IRQHandler
                0x0000000008001d90                TIM3_IRQHandler
                0x0000000008001d90                RCC_IRQHandler
                0x0000000008001d90                TIM8_BRK_TIM12_IRQHandler
                0x0000000008001d90                Default_Handler
                0x0000000008001d90                EXTI15_10_IRQHandler
                0x0000000008001d90                ADC_IRQHandler
                0x0000000008001d90                CAN2_TX_IRQHandler
                0x0000000008001d90                TIM5_IRQHandler
                0x0000000008001d90                DMA2_Stream7_IRQHandler
                0x0000000008001d90                I2C3_EV_IRQHandler
                0x0000000008001d90                EXTI9_5_IRQHandler
                0x0000000008001d90                RTC_WKUP_IRQHandler
                0x0000000008001d90                ETH_WKUP_IRQHandler
                0x0000000008001d90                OTG_HS_EP1_IN_IRQHandler
                0x0000000008001d90                MemManage_Handler
                0x0000000008001d90                DMA1_Stream0_IRQHandler
                0x0000000008001d90                CAN1_TX_IRQHandler
                0x0000000008001d90                EXTI4_IRQHandler
                0x0000000008001d90                FSMC_IRQHandler
                0x0000000008001d90                ETH_IRQHandler
                0x0000000008001d90                OTG_HS_EP1_OUT_IRQHandler
                0x0000000008001d90                WWDG_IRQHandler
                0x0000000008001d90                TIM2_IRQHandler
                0x0000000008001d90                OTG_FS_WKUP_IRQHandler
                0x0000000008001d90                TIM1_TRG_COM_TIM11_IRQHandler
                0x0000000008001d90                OTG_HS_IRQHandler
                0x0000000008001d90                EXTI1_IRQHandler
                0x0000000008001d90                USART2_IRQHandler
                0x0000000008001d90                I2C2_ER_IRQHandler
                0x0000000008001d90                DMA2_Stream1_IRQHandler
                0x0000000008001d90                CAN1_SCE_IRQHandler
                0x0000000008001d90                FLASH_IRQHandler
                0x0000000008001d90                DMA2_Stream4_IRQHandler
                0x0000000008001d90                BusFault_Handler
                0x0000000008001d90                USART1_IRQHandler
                0x0000000008001d90                OTG_FS_IRQHandler
                0x0000000008001d90                SPI3_IRQHandler
                0x0000000008001d90                DMA1_Stream4_IRQHandler
                0x0000000008001d90                I2C1_ER_IRQHandler
                0x0000000008001d90                DMA2_Stream6_IRQHandler
                0x0000000008001d90                DMA1_Stream3_IRQHandler
 .text.NVIC_PriorityGroupConfig
                0x0000000008001d94       0x28 /home/robert/Desktop/Projektwoche/stm/U23_2013_examples/libs/libstm32f4xx/obj/libstm32f4xx.a(misc.o)
                0x0000000008001d94                NVIC_PriorityGroupConfig
 .text.NVIC_Init
                0x0000000008001dbc       0xcc /home/robert/Desktop/Projektwoche/stm/U23_2013_examples/libs/libstm32f4xx/obj/libstm32f4xx.a(misc.o)
                0x0000000008001dbc                NVIC_Init
 .text.TIM_GetITStatus
                0x0000000008001e88       0x54 /home/robert/Desktop/Projektwoche/stm/U23_2013_examples/libs/libstm32f4xx/obj/libstm32f4xx.a(stm32f4xx_tim.o)
                0x0000000008001e88                TIM_GetITStatus
 .text.TIM_ClearITPendingBit
                0x0000000008001edc       0x20 /home/robert/Desktop/Projektwoche/stm/U23_2013_examples/libs/libstm32f4xx/obj/libstm32f4xx.a(stm32f4xx_tim.o)
                0x0000000008001edc                TIM_ClearITPendingBit
 .text.USART_Init
                0x0000000008001efc      0x188 /home/robert/Desktop/Projektwoche/stm/U23_2013_examples/libs/libstm32f4xx/obj/libstm32f4xx.a(stm32f4xx_usart.o)
                0x0000000008001efc                USART_Init
 .text.USART_ClockInit
                0x0000000008002084       0x54 /home/robert/Desktop/Projektwoche/stm/U23_2013_examples/libs/libstm32f4xx/obj/libstm32f4xx.a(stm32f4xx_usart.o)
                0x0000000008002084                USART_ClockInit
 .text.USART_ClockStructInit
                0x00000000080020d8       0x2c /home/robert/Desktop/Projektwoche/stm/U23_2013_examples/libs/libstm32f4xx/obj/libstm32f4xx.a(stm32f4xx_usart.o)
                0x00000000080020d8                USART_ClockStructInit
 .text.USART_Cmd
                0x0000000008002104       0x40 /home/robert/Desktop/Projektwoche/stm/U23_2013_examples/libs/libstm32f4xx/obj/libstm32f4xx.a(stm32f4xx_usart.o)
                0x0000000008002104                USART_Cmd
 .text.USART_SendData
                0x0000000008002144       0x24 /home/robert/Desktop/Projektwoche/stm/U23_2013_examples/libs/libstm32f4xx/obj/libstm32f4xx.a(stm32f4xx_usart.o)
                0x0000000008002144                USART_SendData
 .text.USART_GetFlagStatus
                0x0000000008002168       0x38 /home/robert/Desktop/Projektwoche/stm/U23_2013_examples/libs/libstm32f4xx/obj/libstm32f4xx.a(stm32f4xx_usart.o)
                0x0000000008002168                USART_GetFlagStatus
 .text.RCC_GetClocksFreq
                0x00000000080021a0      0x1a8 /home/robert/Desktop/Projektwoche/stm/U23_2013_examples/libs/libstm32f4xx/obj/libstm32f4xx.a(stm32f4xx_rcc.o)
                0x00000000080021a0                RCC_GetClocksFreq
 .text.RCC_AHB1PeriphClockCmd
                0x0000000008002348       0x50 /home/robert/Desktop/Projektwoche/stm/U23_2013_examples/libs/libstm32f4xx/obj/libstm32f4xx.a(stm32f4xx_rcc.o)
                0x0000000008002348                RCC_AHB1PeriphClockCmd
 .text.RCC_AHB2PeriphClockCmd
                0x0000000008002398       0x50 /home/robert/Desktop/Projektwoche/stm/U23_2013_examples/libs/libstm32f4xx/obj/libstm32f4xx.a(stm32f4xx_rcc.o)
                0x0000000008002398                RCC_AHB2PeriphClockCmd
 .text.RCC_APB1PeriphClockCmd
                0x00000000080023e8       0x50 /home/robert/Desktop/Projektwoche/stm/U23_2013_examples/libs/libstm32f4xx/obj/libstm32f4xx.a(stm32f4xx_rcc.o)
                0x00000000080023e8                RCC_APB1PeriphClockCmd
 .text.SPI_Init
                0x0000000008002438       0x88 /home/robert/Desktop/Projektwoche/stm/U23_2013_examples/libs/libstm32f4xx/obj/libstm32f4xx.a(stm32f4xx_spi.o)
                0x0000000008002438                SPI_Init
 .text.SPI_Cmd  0x00000000080024c0       0x40 /home/robert/Desktop/Projektwoche/stm/U23_2013_examples/libs/libstm32f4xx/obj/libstm32f4xx.a(stm32f4xx_spi.o)
                0x00000000080024c0                SPI_Cmd
 .text.SPI_I2S_ReceiveData
                0x0000000008002500       0x1c /home/robert/Desktop/Projektwoche/stm/U23_2013_examples/libs/libstm32f4xx/obj/libstm32f4xx.a(stm32f4xx_spi.o)
                0x0000000008002500                SPI_I2S_ReceiveData
 .text.SPI_I2S_SendData
                0x000000000800251c       0x1c /home/robert/Desktop/Projektwoche/stm/U23_2013_examples/libs/libstm32f4xx/obj/libstm32f4xx.a(stm32f4xx_spi.o)
                0x000000000800251c                SPI_I2S_SendData
 .text.SPI_I2S_ITConfig
                0x0000000008002538       0x60 /home/robert/Desktop/Projektwoche/stm/U23_2013_examples/libs/libstm32f4xx/obj/libstm32f4xx.a(stm32f4xx_spi.o)
                0x0000000008002538                SPI_I2S_ITConfig
 .text.SPI_I2S_GetFlagStatus
                0x0000000008002598       0x38 /home/robert/Desktop/Projektwoche/stm/U23_2013_examples/libs/libstm32f4xx/obj/libstm32f4xx.a(stm32f4xx_spi.o)
                0x0000000008002598                SPI_I2S_GetFlagStatus
 .text.DMA_Init
                0x00000000080025d0       0xb0 /home/robert/Desktop/Projektwoche/stm/U23_2013_examples/libs/libstm32f4xx/obj/libstm32f4xx.a(stm32f4xx_dma.o)
                0x00000000080025d0                DMA_Init
 .text.DMA_Cmd  0x0000000008002680       0x38 /home/robert/Desktop/Projektwoche/stm/U23_2013_examples/libs/libstm32f4xx/obj/libstm32f4xx.a(stm32f4xx_dma.o)
                0x0000000008002680                DMA_Cmd
 .text.DMA_ClearFlag
                0x00000000080026b8       0x60 /home/robert/Desktop/Projektwoche/stm/U23_2013_examples/libs/libstm32f4xx/obj/libstm32f4xx.a(stm32f4xx_dma.o)
                0x00000000080026b8                DMA_ClearFlag
 .text.GPIO_Init
                0x0000000008002718      0x11c /home/robert/Desktop/Projektwoche/stm/U23_2013_examples/libs/libstm32f4xx/obj/libstm32f4xx.a(stm32f4xx_gpio.o)
                0x0000000008002718                GPIO_Init
 .text.GPIO_ReadInputDataBit
                0x0000000008002834       0x34 /home/robert/Desktop/Projektwoche/stm/U23_2013_examples/libs/libstm32f4xx/obj/libstm32f4xx.a(stm32f4xx_gpio.o)
                0x0000000008002834                GPIO_ReadInputDataBit
 .text.GPIO_ReadOutputData
                0x0000000008002868       0x1c /home/robert/Desktop/Projektwoche/stm/U23_2013_examples/libs/libstm32f4xx/obj/libstm32f4xx.a(stm32f4xx_gpio.o)
                0x0000000008002868                GPIO_ReadOutputData
 .text.GPIO_SetBits
                0x0000000008002884       0x1c /home/robert/Desktop/Projektwoche/stm/U23_2013_examples/libs/libstm32f4xx/obj/libstm32f4xx.a(stm32f4xx_gpio.o)
                0x0000000008002884                GPIO_SetBits
 .text.GPIO_ResetBits
                0x00000000080028a0       0x1c /home/robert/Desktop/Projektwoche/stm/U23_2013_examples/libs/libstm32f4xx/obj/libstm32f4xx.a(stm32f4xx_gpio.o)
                0x00000000080028a0                GPIO_ResetBits
 .text.GPIO_Write
                0x00000000080028bc       0x1c /home/robert/Desktop/Projektwoche/stm/U23_2013_examples/libs/libstm32f4xx/obj/libstm32f4xx.a(stm32f4xx_gpio.o)
                0x00000000080028bc                GPIO_Write
 .text.GPIO_PinAFConfig
                0x00000000080028d8       0x8c /home/robert/Desktop/Projektwoche/stm/U23_2013_examples/libs/libstm32f4xx/obj/libstm32f4xx.a(stm32f4xx_gpio.o)
                0x00000000080028d8                GPIO_PinAFConfig
 .text.RNG_Cmd  0x0000000008002964       0x4c /home/robert/Desktop/Projektwoche/stm/U23_2013_examples/libs/libstm32f4xx/obj/libstm32f4xx.a(stm32f4xx_rng.o)
                0x0000000008002964                RNG_Cmd
 .text.RNG_GetRandomNumber
                0x00000000080029b0       0x18 /home/robert/Desktop/Projektwoche/stm/U23_2013_examples/libs/libstm32f4xx/obj/libstm32f4xx.a(stm32f4xx_rng.o)
                0x00000000080029b0                RNG_GetRandomNumber
 .text.RNG_ITConfig
                0x00000000080029c8       0x4c /home/robert/Desktop/Projektwoche/stm/U23_2013_examples/libs/libstm32f4xx/obj/libstm32f4xx.a(stm32f4xx_rng.o)
                0x00000000080029c8                RNG_ITConfig
 .text.RNG_GetFlagStatus
                0x0000000008002a14       0x38 /home/robert/Desktop/Projektwoche/stm/U23_2013_examples/libs/libstm32f4xx/obj/libstm32f4xx.a(stm32f4xx_rng.o)
                0x0000000008002a14                RNG_GetFlagStatus
 .text.TIM7_IRQHandler
                0x0000000008002a4c       0x40 /home/robert/Desktop/Projektwoche/stm/U23_2013_examples/libs/libstm32f4xx/obj/libstm32f4xx.a(stm32_ub_onewire.o)
                0x0000000008002a4c                TIM7_IRQHandler
 .text._fstat   0x0000000008002a8c       0x3c /home/robert/Desktop/Projektwoche/stm/U23_2013_examples/libs/libsystem/obj/libsystem.a(NewlibSyscalls.o)
                0x0000000008002a8c                _fstat
 .text._lseek   0x0000000008002ac8       0x38 /home/robert/Desktop/Projektwoche/stm/U23_2013_examples/libs/libsystem/obj/libsystem.a(NewlibSyscalls.o)
                0x0000000008002ac8                _lseek
 .text._read    0x0000000008002b00       0x38 /home/robert/Desktop/Projektwoche/stm/U23_2013_examples/libs/libsystem/obj/libsystem.a(NewlibSyscalls.o)
                0x0000000008002b00                _read
 .text._close   0x0000000008002b38       0x30 /home/robert/Desktop/Projektwoche/stm/U23_2013_examples/libs/libsystem/obj/libsystem.a(NewlibSyscalls.o)
                0x0000000008002b38                _close
 .text._isatty_r
                0x0000000008002b68       0x30 /home/robert/Desktop/Projektwoche/stm/U23_2013_examples/libs/libsystem/obj/libsystem.a(NewlibSyscalls.o)
                0x0000000008002b68                _isatty_r
 .text._write   0x0000000008002b98       0x68 /home/robert/Desktop/Projektwoche/stm/U23_2013_examples/libs/libsystem/obj/libsystem.a(NewlibSyscalls.o)
                0x0000000008002b98                _write
 .text._sbrk    0x0000000008002c00       0x98 /home/robert/Desktop/Projektwoche/stm/U23_2013_examples/libs/libsystem/obj/libsystem.a(NewlibSyscalls.o)
                0x0000000008002c00                _sbrk
 .text._file_fstat
                0x0000000008002c98       0x38 /home/robert/Desktop/Projektwoche/stm/U23_2013_examples/libs/libsystem/obj/libsystem.a(NewlibSyscalls.o)
                0x0000000008002c98                _file_fstat
 .text._file_write
                0x0000000008002cd0       0x38 /home/robert/Desktop/Projektwoche/stm/U23_2013_examples/libs/libsystem/obj/libsystem.a(NewlibSyscalls.o)
                0x0000000008002cd0                _file_write
 .text._file_read
                0x0000000008002d08       0x38 /home/robert/Desktop/Projektwoche/stm/U23_2013_examples/libs/libsystem/obj/libsystem.a(NewlibSyscalls.o)
                0x0000000008002d08                _file_read
 .text._file_lseek
                0x0000000008002d40       0x38 /home/robert/Desktop/Projektwoche/stm/U23_2013_examples/libs/libsystem/obj/libsystem.a(NewlibSyscalls.o)
                0x0000000008002d40                _file_lseek
 .text._file_close
                0x0000000008002d78       0x34 /home/robert/Desktop/Projektwoche/stm/U23_2013_examples/libs/libsystem/obj/libsystem.a(NewlibSyscalls.o)
                0x0000000008002d78                _file_close
 .text._file_isatty
                0x0000000008002dac       0x34 /home/robert/Desktop/Projektwoche/stm/U23_2013_examples/libs/libsystem/obj/libsystem.a(NewlibSyscalls.o)
                0x0000000008002dac                _file_isatty
 .text.SysTick_Handler
                0x0000000008002de0       0x24 /home/robert/Desktop/Projektwoche/stm/U23_2013_examples/libs/libsystem/obj/libsystem.a(SysTick.o)
                0x0000000008002de0                SysTick_Handler
 .text.ITM_SendChar
                0x0000000008002e04       0x4c /home/robert/Desktop/Projektwoche/stm/U23_2013_examples/libs/libsystem/obj/libsystem.a(Debug.o)
 .text.EnableDebugOutput
                0x0000000008002e50       0x40 /home/robert/Desktop/Projektwoche/stm/U23_2013_examples/libs/libsystem/obj/libsystem.a(Debug.o)
                0x0000000008002e50                EnableDebugOutput
 .text.DebugPrintChar
                0x0000000008002e90       0x40 /home/robert/Desktop/Projektwoche/stm/U23_2013_examples/libs/libsystem/obj/libsystem.a(Debug.o)
                0x0000000008002e90                DebugPrintChar
 .text.MyUSART_Init
                0x0000000008002ed0       0xe0 /home/robert/Desktop/Projektwoche/stm/U23_2013_examples/libs/libsystem/obj/libsystem.a(USART.o)
                0x0000000008002ed0                MyUSART_Init
 .text.USART_SendChar
                0x0000000008002fb0       0x38 /home/robert/Desktop/Projektwoche/stm/U23_2013_examples/libs/libsystem/obj/libsystem.a(USART.o)
                0x0000000008002fb0                USART_SendChar
 .text.InitializeRandom
                0x0000000008002fe8       0x28 /home/robert/Desktop/Projektwoche/stm/U23_2013_examples/libs/libsystem/obj/libsystem.a(Random.o)
                0x0000000008002fe8                InitializeRandom
 .text.GetRandomInteger
                0x0000000008003010       0x30 /home/robert/Desktop/Projektwoche/stm/U23_2013_examples/libs/libsystem/obj/libsystem.a(Random.o)
                0x0000000008003010                GetRandomInteger
 .text.ProvideAudioBuffer
                0x0000000008003040       0x28 /home/robert/Desktop/Projektwoche/stm/U23_2013_examples/libs/libsystem/obj/libsystem.a(Audio.o)
 .text.ProvideAudioBufferWithoutBlocking
                0x0000000008003068       0x84 /home/robert/Desktop/Projektwoche/stm/U23_2013_examples/libs/libsystem/obj/libsystem.a(Audio.o)
 .text.StartAudioDMAAndRequestBuffers
                0x00000000080030ec      0x104 /home/robert/Desktop/Projektwoche/stm/U23_2013_examples/libs/libsystem/obj/libsystem.a(Audio.o)
 .text.DMA1_Stream7_IRQHandler
                0x00000000080031f0       0x38 /home/robert/Desktop/Projektwoche/stm/U23_2013_examples/libs/libsystem/obj/libsystem.a(Audio.o)
                0x00000000080031f0                DMA1_Stream7_IRQHandler
 .text.SPI2_IRQHandler
                0x0000000008003228      0x1a4 /home/robert/Desktop/Projektwoche/stm/U23_2013_examples/libs/libsystem/obj/libsystem.a(Spi.o)
                0x0000000008003228                SPI2_IRQHandler
 .text.InitializeLEDs
                0x00000000080033cc       0x3c /home/robert/Desktop/Projektwoche/stm/U23_2013_examples/libs/libsystem/obj/libsystem.a(LED.o)
                0x00000000080033cc                InitializeLEDs
 .text.NVIC_SetPriority
                0x0000000008003408       0x58 /home/robert/Desktop/Projektwoche/stm/U23_2013_examples/libs/libsystem/obj/libsystem.a(Init.o)
 .text.SysTick_Config
                0x0000000008003460       0x54 /home/robert/Desktop/Projektwoche/stm/U23_2013_examples/libs/libsystem/obj/libsystem.a(Init.o)
 .text.InitializeSystem
                0x00000000080034b4       0x34 /home/robert/Desktop/Projektwoche/stm/U23_2013_examples/libs/libsystem/obj/libsystem.a(Init.o)
                0x00000000080034b4                InitializeSystem
 .text          0x00000000080034e8      0x370 /home/robert/Desktop/Projektwoche/stm/STM32-Toolchain/arm-none-eabi/lib/gcc/arm-none-eabi/4.8.0/thumb/cortex-m4/float-abi-hard/fpuv4-sp-d16/libgcc.a(_arm_addsubdf3.o)
                0x00000000080034e8                __aeabi_drsub
                0x00000000080034f0                __aeabi_dsub
                0x00000000080034f0                __subdf3
                0x00000000080034f4                __adddf3
                0x00000000080034f4                __aeabi_dadd
                0x000000000800376c                __aeabi_ui2d
                0x000000000800376c                __floatunsidf
                0x000000000800378c                __floatsidf
                0x000000000800378c                __aeabi_i2d
                0x00000000080037b0                __extendsfdf2
                0x00000000080037b0                __aeabi_f2d
                0x00000000080037ec                __aeabi_ul2d
                0x00000000080037ec                __floatundidf
                0x00000000080037fc                __floatdidf
                0x00000000080037fc                __aeabi_l2d
 .text          0x0000000008003858      0x424 /home/robert/Desktop/Projektwoche/stm/STM32-Toolchain/arm-none-eabi/lib/gcc/arm-none-eabi/4.8.0/thumb/cortex-m4/float-abi-hard/fpuv4-sp-d16/libgcc.a(_arm_muldivdf3.o)
                0x0000000008003858                __aeabi_dmul
                0x0000000008003858                __muldf3
                0x0000000008003aac                __aeabi_ddiv
                0x0000000008003aac                __divdf3
 .text          0x0000000008003c7c      0x110 /home/robert/Desktop/Projektwoche/stm/STM32-Toolchain/arm-none-eabi/lib/gcc/arm-none-eabi/4.8.0/thumb/cortex-m4/float-abi-hard/fpuv4-sp-d16/libgcc.a(_arm_cmpdf2.o)
                0x0000000008003c7c                __gtdf2
                0x0000000008003c7c                __gedf2
                0x0000000008003c84                __ltdf2
                0x0000000008003c84                __ledf2
                0x0000000008003c8c                __cmpdf2
                0x0000000008003c8c                __eqdf2
                0x0000000008003c8c                __nedf2
                0x0000000008003d08                __aeabi_cdrcmple
                0x0000000008003d18                __aeabi_cdcmple
                0x0000000008003d18                __aeabi_cdcmpeq
                0x0000000008003d28                __aeabi_dcmpeq
                0x0000000008003d3c                __aeabi_dcmplt
                0x0000000008003d50                __aeabi_dcmple
                0x0000000008003d64                __aeabi_dcmpge
                0x0000000008003d78                __aeabi_dcmpgt
 .text          0x0000000008003d8c        0xc /home/robert/Desktop/Projektwoche/stm/STM32-Toolchain/arm-none-eabi/lib/gcc/arm-none-eabi/4.8.0/../../../../arm-none-eabi/lib/thumb/cortex-m4/float-abi-hard/fpuv4-sp-d16/libc.a(lib_a-errno.o)
                0x0000000008003d8c                __errno
 .text          0x0000000008003d98       0x4c /home/robert/Desktop/Projektwoche/stm/STM32-Toolchain/arm-none-eabi/lib/gcc/arm-none-eabi/4.8.0/../../../../arm-none-eabi/lib/thumb/cortex-m4/float-abi-hard/fpuv4-sp-d16/libc.a(lib_a-fprintf.o)
                0x0000000008003d98                _fprintf_r
                0x0000000008003db8                fprintf
 .text          0x0000000008003de4       0x88 /home/robert/Desktop/Projektwoche/stm/STM32-Toolchain/arm-none-eabi/lib/gcc/arm-none-eabi/4.8.0/../../../../arm-none-eabi/lib/thumb/cortex-m4/float-abi-hard/fpuv4-sp-d16/libc.a(lib_a-fwrite.o)
                0x0000000008003de4                _fwrite_r
                0x0000000008003e48                fwrite
 .text          0x0000000008003e6c       0x20 /home/robert/Desktop/Projektwoche/stm/STM32-Toolchain/arm-none-eabi/lib/gcc/arm-none-eabi/4.8.0/../../../../arm-none-eabi/lib/thumb/cortex-m4/float-abi-hard/fpuv4-sp-d16/libc.a(lib_a-malloc.o)
                0x0000000008003e6c                malloc
                0x0000000008003e7c                free
 .text          0x0000000008003e8c      0x554 /home/robert/Desktop/Projektwoche/stm/STM32-Toolchain/arm-none-eabi/lib/gcc/arm-none-eabi/4.8.0/../../../../arm-none-eabi/lib/thumb/cortex-m4/float-abi-hard/fpuv4-sp-d16/libc.a(lib_a-mallocr.o)
                0x0000000008003e8c                _malloc_r
 .text          0x00000000080043e0       0x9c /home/robert/Desktop/Projektwoche/stm/STM32-Toolchain/arm-none-eabi/lib/gcc/arm-none-eabi/4.8.0/../../../../arm-none-eabi/lib/thumb/cortex-m4/float-abi-hard/fpuv4-sp-d16/libc.a(lib_a-memcpy-stub.o)
                0x00000000080043e0                memcpy
 .text          0x000000000800447c       0x94 /home/robert/Desktop/Projektwoche/stm/STM32-Toolchain/arm-none-eabi/lib/gcc/arm-none-eabi/4.8.0/../../../../arm-none-eabi/lib/thumb/cortex-m4/float-abi-hard/fpuv4-sp-d16/libc.a(lib_a-memset.o)
                0x000000000800447c                memset
 .text          0x0000000008004510        0x8 /home/robert/Desktop/Projektwoche/stm/STM32-Toolchain/arm-none-eabi/lib/gcc/arm-none-eabi/4.8.0/../../../../arm-none-eabi/lib/thumb/cortex-m4/float-abi-hard/fpuv4-sp-d16/libc.a(lib_a-mlock.o)
                0x0000000008004510                __malloc_lock
                0x0000000008004514                __malloc_unlock
 .text          0x0000000008004518       0x28 /home/robert/Desktop/Projektwoche/stm/STM32-Toolchain/arm-none-eabi/lib/gcc/arm-none-eabi/4.8.0/../../../../arm-none-eabi/lib/thumb/cortex-m4/float-abi-hard/fpuv4-sp-d16/libc.a(lib_a-sbrkr.o)
                0x0000000008004518                _sbrk_r
 .text          0x0000000008004540      0x11c /home/robert/Desktop/Projektwoche/stm/STM32-Toolchain/arm-none-eabi/lib/gcc/arm-none-eabi/4.8.0/../../../../arm-none-eabi/lib/thumb/cortex-m4/float-abi-hard/fpuv4-sp-d16/libc.a(lib_a-setvbuf.o)
                0x0000000008004540                setvbuf
 .text          0x000000000800465c       0x60 /home/robert/Desktop/Projektwoche/stm/STM32-Toolchain/arm-none-eabi/lib/gcc/arm-none-eabi/4.8.0/../../../../arm-none-eabi/lib/thumb/cortex-m4/float-abi-hard/fpuv4-sp-d16/libc.a(lib_a-strlen.o)
                0x000000000800465c                strlen
 .text          0x00000000080046bc     0x14cc /home/robert/Desktop/Projektwoche/stm/STM32-Toolchain/arm-none-eabi/lib/gcc/arm-none-eabi/4.8.0/../../../../arm-none-eabi/lib/thumb/cortex-m4/float-abi-hard/fpuv4-sp-d16/libc.a(lib_a-vfprintf.o)
                0x00000000080046bc                _vfprintf_r
                0x0000000008005af4                vfprintf
 .text          0x0000000008005b88       0xc8 /home/robert/Desktop/Projektwoche/stm/STM32-Toolchain/arm-none-eabi/lib/gcc/arm-none-eabi/4.8.0/../../../../arm-none-eabi/lib/thumb/cortex-m4/float-abi-hard/fpuv4-sp-d16/libc.a(lib_a-wsetup.o)
                0x0000000008005b88                __swsetup_r
 .text          0x0000000008005c50     0x1080 /home/robert/Desktop/Projektwoche/stm/STM32-Toolchain/arm-none-eabi/lib/gcc/arm-none-eabi/4.8.0/../../../../arm-none-eabi/lib/thumb/cortex-m4/float-abi-hard/fpuv4-sp-d16/libc.a(lib_a-dtoa.o)
                0x0000000008005d7c                _dtoa_r
 .text          0x0000000008006cd0      0x1ac /home/robert/Desktop/Projektwoche/stm/STM32-Toolchain/arm-none-eabi/lib/gcc/arm-none-eabi/4.8.0/../../../../arm-none-eabi/lib/thumb/cortex-m4/float-abi-hard/fpuv4-sp-d16/libc.a(lib_a-fflush.o)
                0x0000000008006cd0                __sflush_r
                0x0000000008006e28                _fflush_r
                0x0000000008006e54                fflush
 .text          0x0000000008006e7c      0x21c /home/robert/Desktop/Projektwoche/stm/STM32-Toolchain/arm-none-eabi/lib/gcc/arm-none-eabi/4.8.0/../../../../arm-none-eabi/lib/thumb/cortex-m4/float-abi-hard/fpuv4-sp-d16/libc.a(lib_a-findfp.o)
                0x0000000008006e84                _cleanup_r
                0x0000000008006e90                __sfmoreglue
                0x0000000008006ebc                _cleanup
                0x0000000008006ed4                __sinit
                0x0000000008006fcc                __sfp
                0x0000000008007058                __sfp_lock_acquire
                0x000000000800705c                __sfp_lock_release
                0x0000000008007060                __sinit_lock_acquire
                0x0000000008007064                __sinit_lock_release
                0x0000000008007068                __fp_lock_all
                0x0000000008007080                __fp_unlock_all
 .text          0x0000000008007098      0x240 /home/robert/Desktop/Projektwoche/stm/STM32-Toolchain/arm-none-eabi/lib/gcc/arm-none-eabi/4.8.0/../../../../arm-none-eabi/lib/thumb/cortex-m4/float-abi-hard/fpuv4-sp-d16/libc.a(lib_a-freer.o)
                0x0000000008007098                _malloc_trim_r
                0x000000000800713c                _free_r
 .text          0x00000000080072d8      0x2f4 /home/robert/Desktop/Projektwoche/stm/STM32-Toolchain/arm-none-eabi/lib/gcc/arm-none-eabi/4.8.0/../../../../arm-none-eabi/lib/thumb/cortex-m4/float-abi-hard/fpuv4-sp-d16/libc.a(lib_a-fvwrite.o)
                0x00000000080072d8                __sfvwrite_r
 .text          0x00000000080075cc       0x9c /home/robert/Desktop/Projektwoche/stm/STM32-Toolchain/arm-none-eabi/lib/gcc/arm-none-eabi/4.8.0/../../../../arm-none-eabi/lib/thumb/cortex-m4/float-abi-hard/fpuv4-sp-d16/libc.a(lib_a-fwalk.o)
                0x00000000080075cc                _fwalk
                0x0000000008007618                _fwalk_reent
 .text          0x0000000008007668       0x9c /home/robert/Desktop/Projektwoche/stm/STM32-Toolchain/arm-none-eabi/lib/gcc/arm-none-eabi/4.8.0/../../../../arm-none-eabi/lib/thumb/cortex-m4/float-abi-hard/fpuv4-sp-d16/libc.a(lib_a-locale.o)
                0x0000000008007668                _setlocale_r
                0x00000000080076bc                __locale_charset
                0x00000000080076c8                __locale_mb_cur_max
                0x00000000080076d4                __locale_msgcharset
                0x00000000080076dc                __locale_cjk_lang
                0x00000000080076e0                _localeconv_r
                0x00000000080076e8                setlocale
                0x00000000080076fc                localeconv
 .text          0x0000000008007704       0xe4 /home/robert/Desktop/Projektwoche/stm/STM32-Toolchain/arm-none-eabi/lib/gcc/arm-none-eabi/4.8.0/../../../../arm-none-eabi/lib/thumb/cortex-m4/float-abi-hard/fpuv4-sp-d16/libc.a(lib_a-makebuf.o)
                0x0000000008007704                __smakebuf_r
 .text          0x00000000080077e8       0x90 /home/robert/Desktop/Projektwoche/stm/STM32-Toolchain/arm-none-eabi/lib/gcc/arm-none-eabi/4.8.0/../../../../arm-none-eabi/lib/thumb/cortex-m4/float-abi-hard/fpuv4-sp-d16/libc.a(lib_a-memchr-stub.o)
                0x00000000080077e8                memchr
 .text          0x0000000008007878       0xc4 /home/robert/Desktop/Projektwoche/stm/STM32-Toolchain/arm-none-eabi/lib/gcc/arm-none-eabi/4.8.0/../../../../arm-none-eabi/lib/thumb/cortex-m4/float-abi-hard/fpuv4-sp-d16/libc.a(lib_a-memmove.o)
                0x0000000008007878                memmove
 .text          0x000000000800793c      0x8f8 /home/robert/Desktop/Projektwoche/stm/STM32-Toolchain/arm-none-eabi/lib/gcc/arm-none-eabi/4.8.0/../../../../arm-none-eabi/lib/thumb/cortex-m4/float-abi-hard/fpuv4-sp-d16/libc.a(lib_a-mprec.o)
                0x000000000800793c                _Balloc
                0x0000000008007988                _Bfree
                0x000000000800799c                __multadd
                0x0000000008007a34                __s2b
                0x0000000008007ad0                __hi0bits
                0x0000000008007b0c                __lo0bits
                0x0000000008007b68                __i2b
                0x0000000008007b7c                __multiply
                0x0000000008007cd0                __pow5mult
                0x0000000008007d70                __lshift
                0x0000000008007e2c                __mcmp
                0x0000000008007e70                __mdiff
                0x0000000008007f44                __ulp
                0x0000000008007f94                __b2d
                0x0000000008008044                __d2b
                0x00000000080080f8                __ratio
                0x0000000008008158                _mprec_log10
                0x0000000008008190                __copybits
                0x00000000080081d8                __any_on
 .text          0x0000000008008234      0x3e0 /home/robert/Desktop/Projektwoche/stm/STM32-Toolchain/arm-none-eabi/lib/gcc/arm-none-eabi/4.8.0/../../../../arm-none-eabi/lib/thumb/cortex-m4/float-abi-hard/fpuv4-sp-d16/libc.a(lib_a-reallocr.o)
                0x0000000008008234                _realloc_r
 .text          0x0000000008008614       0x54 /home/robert/Desktop/Projektwoche/stm/STM32-Toolchain/arm-none-eabi/lib/gcc/arm-none-eabi/4.8.0/../../../../arm-none-eabi/lib/thumb/cortex-m4/float-abi-hard/fpuv4-sp-d16/libc.a(lib_a-s_fpclassify.o)
                0x0000000008008614                __fpclassifyd
 .text          0x0000000008008668       0x88 /home/robert/Desktop/Projektwoche/stm/STM32-Toolchain/arm-none-eabi/lib/gcc/arm-none-eabi/4.8.0/../../../../arm-none-eabi/lib/thumb/cortex-m4/float-abi-hard/fpuv4-sp-d16/libc.a(lib_a-stdio.o)
                0x0000000008008668                __sread
                0x000000000800868c                __seofread
                0x0000000008008690                __swrite
                0x00000000080086c8                __sseek
                0x00000000080086e8                __sclose
 .text          0x00000000080086f0      0x248 /home/robert/Desktop/Projektwoche/stm/STM32-Toolchain/arm-none-eabi/lib/gcc/arm-none-eabi/4.8.0/../../../../arm-none-eabi/lib/thumb/cortex-m4/float-abi-hard/fpuv4-sp-d16/libc.a(lib_a-strcmp.o)
                0x00000000080086f0                strcmp
 .text          0x0000000008008938      0xb70 /home/robert/Desktop/Projektwoche/stm/STM32-Toolchain/arm-none-eabi/lib/gcc/arm-none-eabi/4.8.0/../../../../arm-none-eabi/lib/thumb/cortex-m4/float-abi-hard/fpuv4-sp-d16/libc.a(lib_a-vfiprintf.o)
                0x00000000080089b4                __sprint_r
                0x00000000080089cc                _vfiprintf_r
                0x0000000008009414                vfiprintf
 .text          0x00000000080094a8       0x2c /home/robert/Desktop/Projektwoche/stm/STM32-Toolchain/arm-none-eabi/lib/gcc/arm-none-eabi/4.8.0/../../../../arm-none-eabi/lib/thumb/cortex-m4/float-abi-hard/fpuv4-sp-d16/libc.a(lib_a-writer.o)
                0x00000000080094a8                _write_r
 .text          0x00000000080094d4       0x60 /home/robert/Desktop/Projektwoche/stm/STM32-Toolchain/arm-none-eabi/lib/gcc/arm-none-eabi/4.8.0/../../../../arm-none-eabi/lib/thumb/cortex-m4/float-abi-hard/fpuv4-sp-d16/libc.a(lib_a-callocr.o)
                0x00000000080094d4                _calloc_r
 .text          0x0000000008009534       0x28 /home/robert/Desktop/Projektwoche/stm/STM32-Toolchain/arm-none-eabi/lib/gcc/arm-none-eabi/4.8.0/../../../../arm-none-eabi/lib/thumb/cortex-m4/float-abi-hard/fpuv4-sp-d16/libc.a(lib_a-closer.o)
                0x0000000008009534                _close_r
 .text          0x000000000800955c       0x94 /home/robert/Desktop/Projektwoche/stm/STM32-Toolchain/arm-none-eabi/lib/gcc/arm-none-eabi/4.8.0/../../../../arm-none-eabi/lib/thumb/cortex-m4/float-abi-hard/fpuv4-sp-d16/libc.a(lib_a-fclose.o)
                0x000000000800955c                _fclose_r
                0x00000000080095e0                fclose
 .text          0x00000000080095f0       0xe8 /home/robert/Desktop/Projektwoche/stm/STM32-Toolchain/arm-none-eabi/lib/gcc/arm-none-eabi/4.8.0/../../../../arm-none-eabi/lib/thumb/cortex-m4/float-abi-hard/fpuv4-sp-d16/libc.a(lib_a-fputwc.o)
                0x00000000080095f0                _fputwc_r
                0x00000000080096b0                fputwc
 .text          0x00000000080096d8       0x28 /home/robert/Desktop/Projektwoche/stm/STM32-Toolchain/arm-none-eabi/lib/gcc/arm-none-eabi/4.8.0/../../../../arm-none-eabi/lib/thumb/cortex-m4/float-abi-hard/fpuv4-sp-d16/libc.a(lib_a-fstatr.o)
                0x00000000080096d8                _fstat_r
 .text          0x0000000008009700       0x2c /home/robert/Desktop/Projektwoche/stm/STM32-Toolchain/arm-none-eabi/lib/gcc/arm-none-eabi/4.8.0/../../../../arm-none-eabi/lib/thumb/cortex-m4/float-abi-hard/fpuv4-sp-d16/libc.a(lib_a-lseekr.o)
                0x0000000008009700                _lseek_r
 .text          0x000000000800972c       0x2c /home/robert/Desktop/Projektwoche/stm/STM32-Toolchain/arm-none-eabi/lib/gcc/arm-none-eabi/4.8.0/../../../../arm-none-eabi/lib/thumb/cortex-m4/float-abi-hard/fpuv4-sp-d16/libc.a(lib_a-readr.o)
                0x000000000800972c                _read_r
 .text          0x0000000008009758       0xb8 /home/robert/Desktop/Projektwoche/stm/STM32-Toolchain/arm-none-eabi/lib/gcc/arm-none-eabi/4.8.0/../../../../arm-none-eabi/lib/thumb/cortex-m4/float-abi-hard/fpuv4-sp-d16/libc.a(lib_a-wbuf.o)
                0x0000000008009758                __swbuf_r
                0x00000000080097fc                __swbuf
 .text          0x0000000008009810       0xbc /home/robert/Desktop/Projektwoche/stm/STM32-Toolchain/arm-none-eabi/lib/gcc/arm-none-eabi/4.8.0/../../../../arm-none-eabi/lib/thumb/cortex-m4/float-abi-hard/fpuv4-sp-d16/libc.a(lib_a-wcrtomb.o)
                0x0000000008009810                _wcrtomb_r
                0x0000000008009868                wcrtomb
 .text          0x00000000080098cc       0x4c /home/robert/Desktop/Projektwoche/stm/STM32-Toolchain/arm-none-eabi/lib/gcc/arm-none-eabi/4.8.0/../../../../arm-none-eabi/lib/thumb/cortex-m4/float-abi-hard/fpuv4-sp-d16/libc.a(lib_a-wctomb_r.o)
                0x00000000080098cc                __ascii_wctomb
                0x00000000080098e8                _wctomb_r
 .text          0x0000000008009918       0x50 /home/robert/Desktop/Projektwoche/stm/STM32-Toolchain/arm-none-eabi/lib/gcc/arm-none-eabi/4.8.0/thumb/cortex-m4/float-abi-hard/fpuv4-sp-d16/libgcc.a(_arm_fixdfsi.o)
                0x0000000008009918                __fixdfsi
                0x0000000008009918                __aeabi_d2iz
                0x0000000008009968                . = ALIGN (0x4)
 *(.rodata*)
 .rodata        0x0000000008009968       0x5c /home/robert/Desktop/Projektwoche/stm/U23_2013_examples/examples/tetris/obj/controller.o
 .rodata        0x00000000080099c4       0x14 /home/robert/Desktop/Projektwoche/stm/U23_2013_examples/examples/tetris/obj/main.o
 .rodata.FONT6x8_table
                0x00000000080099d8      0x2f8 /home/robert/Desktop/Projektwoche/stm/U23_2013_examples/examples/tetris/obj/AsciiLib.o
 .rodata.FONT8x8_table
                0x0000000008009cd0      0x2f8 /home/robert/Desktop/Projektwoche/stm/U23_2013_examples/examples/tetris/obj/AsciiLib.o
 .rodata.MS_GOTHIC_8x16_table
                0x0000000008009fc8      0x5f0 /home/robert/Desktop/Projektwoche/stm/U23_2013_examples/examples/tetris/obj/AsciiLib.o
 .rodata.SYSTEM_8x16_table
                0x000000000800a5b8      0x5f0 /home/robert/Desktop/Projektwoche/stm/U23_2013_examples/examples/tetris/obj/AsciiLib.o
 .rodata        0x000000000800aba8       0x6c /home/robert/Desktop/Projektwoche/stm/U23_2013_examples/libs/libsystem/obj/libsystem.a(NewlibSyscalls.o)
 .rodata.__func__.5194
                0x000000000800ac14        0xc /home/robert/Desktop/Projektwoche/stm/U23_2013_examples/libs/libsystem/obj/libsystem.a(NewlibSyscalls.o)
 .rodata.__func__.5200
                0x000000000800ac20        0xc /home/robert/Desktop/Projektwoche/stm/U23_2013_examples/libs/libsystem/obj/libsystem.a(NewlibSyscalls.o)
 .rodata.__func__.5211
                0x000000000800ac2c        0xc /home/robert/Desktop/Projektwoche/stm/U23_2013_examples/libs/libsystem/obj/libsystem.a(NewlibSyscalls.o)
 .rodata.__func__.5217
                0x000000000800ac38        0xc /home/robert/Desktop/Projektwoche/stm/U23_2013_examples/libs/libsystem/obj/libsystem.a(NewlibSyscalls.o)
 .rodata.__func__.5221
                0x000000000800ac44        0xc /home/robert/Desktop/Projektwoche/stm/U23_2013_examples/libs/libsystem/obj/libsystem.a(NewlibSyscalls.o)
 .rodata.__func__.5225
                0x000000000800ac50       0x10 /home/robert/Desktop/Projektwoche/stm/U23_2013_examples/libs/libsystem/obj/libsystem.a(NewlibSyscalls.o)
 .rodata        0x000000000800ac60       0x34 /home/robert/Desktop/Projektwoche/stm/U23_2013_examples/libs/libsystem/obj/libsystem.a(Audio.o)
 .rodata        0x000000000800ac94        0x4 /home/robert/Desktop/Projektwoche/stm/STM32-Toolchain/arm-none-eabi/lib/gcc/arm-none-eabi/4.8.0/../../../../arm-none-eabi/lib/thumb/cortex-m4/float-abi-hard/fpuv4-sp-d16/libc.a(lib_a-impure.o)
                0x000000000800ac94                _global_impure_ptr
 .rodata.str1.4
                0x000000000800ac98        0x2 /home/robert/Desktop/Projektwoche/stm/STM32-Toolchain/arm-none-eabi/lib/gcc/arm-none-eabi/4.8.0/../../../../arm-none-eabi/lib/thumb/cortex-m4/float-abi-hard/fpuv4-sp-d16/libc.a(lib_a-impure.o)
                                          0x4 (size before relaxing)
 *fill*         0x000000000800ac9a        0x2 00
 .rodata        0x000000000800ac9c       0x20 /home/robert/Desktop/Projektwoche/stm/STM32-Toolchain/arm-none-eabi/lib/gcc/arm-none-eabi/4.8.0/../../../../arm-none-eabi/lib/thumb/cortex-m4/float-abi-hard/fpuv4-sp-d16/libc.a(lib_a-vfprintf.o)
 .rodata.str1.4
                0x000000000800acbc       0x42 /home/robert/Desktop/Projektwoche/stm/STM32-Toolchain/arm-none-eabi/lib/gcc/arm-none-eabi/4.8.0/../../../../arm-none-eabi/lib/thumb/cortex-m4/float-abi-hard/fpuv4-sp-d16/libc.a(lib_a-vfprintf.o)
                                         0x44 (size before relaxing)
 *fill*         0x000000000800acfe        0x2 00
 .rodata.str1.4
                0x000000000800ad00       0x10 /home/robert/Desktop/Projektwoche/stm/STM32-Toolchain/arm-none-eabi/lib/gcc/arm-none-eabi/4.8.0/../../../../arm-none-eabi/lib/thumb/cortex-m4/float-abi-hard/fpuv4-sp-d16/libc.a(lib_a-dtoa.o)
                                         0x14 (size before relaxing)
 .rodata.str1.4
                0x000000000800ad10        0xc /home/robert/Desktop/Projektwoche/stm/STM32-Toolchain/arm-none-eabi/lib/gcc/arm-none-eabi/4.8.0/../../../../arm-none-eabi/lib/thumb/cortex-m4/float-abi-hard/fpuv4-sp-d16/libc.a(lib_a-locale.o)
                                         0x14 (size before relaxing)
 *fill*         0x000000000800ad1c        0x4 00
 .rodata        0x000000000800ad20      0x128 /home/robert/Desktop/Projektwoche/stm/STM32-Toolchain/arm-none-eabi/lib/gcc/arm-none-eabi/4.8.0/../../../../arm-none-eabi/lib/thumb/cortex-m4/float-abi-hard/fpuv4-sp-d16/libc.a(lib_a-mprec.o)
                0x000000000800ad30                __mprec_tens
                0x000000000800adf8                __mprec_tinytens
                0x000000000800ae20                __mprec_bigtens
 .rodata        0x000000000800ae48       0x20 /home/robert/Desktop/Projektwoche/stm/STM32-Toolchain/arm-none-eabi/lib/gcc/arm-none-eabi/4.8.0/../../../../arm-none-eabi/lib/thumb/cortex-m4/float-abi-hard/fpuv4-sp-d16/libc.a(lib_a-vfiprintf.o)
 .rodata.str1.4
                0x0000000000000000       0x30 /home/robert/Desktop/Projektwoche/stm/STM32-Toolchain/arm-none-eabi/lib/gcc/arm-none-eabi/4.8.0/../../../../arm-none-eabi/lib/thumb/cortex-m4/float-abi-hard/fpuv4-sp-d16/libc.a(lib_a-vfiprintf.o)
                0x000000000800ae68                . = ALIGN (0x4)
                0x000000000800ae68                __exidx_start = .

.glue_7         0x000000000800ae68        0x0
 .glue_7        0x0000000000000000        0x0 linker stubs

.glue_7t        0x000000000800ae68        0x0
 .glue_7t       0x0000000000000000        0x0 linker stubs

.vfp11_veneer   0x000000000800ae68        0x0
 .vfp11_veneer  0x0000000000000000        0x0 linker stubs

.v4_bx          0x000000000800ae68        0x0
 .v4_bx         0x0000000000000000        0x0 linker stubs

.iplt           0x000000000800ae68        0x0
 .iplt          0x0000000000000000        0x0 /home/robert/Desktop/Projektwoche/stm/U23_2013_examples/examples/tetris/obj/SSD1289.o

.rel.dyn        0x000000000800ae68        0x0
 .rel.iplt      0x0000000000000000        0x0 /home/robert/Desktop/Projektwoche/stm/U23_2013_examples/examples/tetris/obj/SSD1289.o

.ARM.exidx
 *(.ARM.exidx*)
                0x000000000800ae68                __exidx_end = .
                0x000000000800ae68                _etext = .

.data           0x0000000010000000      0xb40 load address 0x000000000800ae68
                0x0000000010000000                _data = .
 *(.data*)
 .data.ttileI   0x0000000010000000       0x58 /home/robert/Desktop/Projektwoche/stm/U23_2013_examples/examples/tetris/obj/game.o
                0x0000000010000000                ttileI
 .data.ttileL   0x0000000010000058       0x58 /home/robert/Desktop/Projektwoche/stm/U23_2013_examples/examples/tetris/obj/game.o
                0x0000000010000058                ttileL
 .data.ttileJ   0x00000000100000b0       0x58 /home/robert/Desktop/Projektwoche/stm/U23_2013_examples/examples/tetris/obj/game.o
                0x00000000100000b0                ttileJ
 .data.ttileZ   0x0000000010000108       0x58 /home/robert/Desktop/Projektwoche/stm/U23_2013_examples/examples/tetris/obj/game.o
                0x0000000010000108                ttileZ
 .data.ttileS   0x0000000010000160       0x58 /home/robert/Desktop/Projektwoche/stm/U23_2013_examples/examples/tetris/obj/game.o
                0x0000000010000160                ttileS
 .data.ttileO   0x00000000100001b8       0x58 /home/robert/Desktop/Projektwoche/stm/U23_2013_examples/examples/tetris/obj/game.o
                0x00000000100001b8                ttileO
 .data.ttileT   0x0000000010000210       0x58 /home/robert/Desktop/Projektwoche/stm/U23_2013_examples/examples/tetris/obj/game.o
                0x0000000010000210                ttileT
 .data.APBAHBPrescTable
                0x0000000010000268       0x10 /home/robert/Desktop/Projektwoche/stm/U23_2013_examples/libs/libstm32f4xx/obj/libstm32f4xx.a(stm32f4xx_rcc.o)
 .data.spi_txe  0x0000000010000278        0x1 /home/robert/Desktop/Projektwoche/stm/U23_2013_examples/libs/libsystem/obj/libsystem.a(Spi.o)
 *fill*         0x0000000010000279        0x7 00
 .data          0x0000000010000280      0x430 /home/robert/Desktop/Projektwoche/stm/STM32-Toolchain/arm-none-eabi/lib/gcc/arm-none-eabi/4.8.0/../../../../arm-none-eabi/lib/thumb/cortex-m4/float-abi-hard/fpuv4-sp-d16/libc.a(lib_a-impure.o)
                0x0000000010000280                _impure_ptr
 .data          0x00000000100006b0      0x410 /home/robert/Desktop/Projektwoche/stm/STM32-Toolchain/arm-none-eabi/lib/gcc/arm-none-eabi/4.8.0/../../../../arm-none-eabi/lib/thumb/cortex-m4/float-abi-hard/fpuv4-sp-d16/libc.a(lib_a-mallocr.o)
                0x00000000100006b0                __malloc_av_
                0x0000000010000ab8                __malloc_sbrk_base
                0x0000000010000abc                __malloc_trim_threshold
 .data          0x0000000010000ac0       0x7c /home/robert/Desktop/Projektwoche/stm/STM32-Toolchain/arm-none-eabi/lib/gcc/arm-none-eabi/4.8.0/../../../../arm-none-eabi/lib/thumb/cortex-m4/float-abi-hard/fpuv4-sp-d16/libc.a(lib_a-locale.o)
                0x0000000010000ae0                __mb_cur_max
 .data          0x0000000010000b3c        0x4 /home/robert/Desktop/Projektwoche/stm/STM32-Toolchain/arm-none-eabi/lib/gcc/arm-none-eabi/4.8.0/../../../../arm-none-eabi/lib/thumb/cortex-m4/float-abi-hard/fpuv4-sp-d16/libc.a(lib_a-wctomb_r.o)
                0x0000000010000b3c                __wctomb
                0x0000000010000b40                . = ALIGN (0x4)
                0x0000000010000b40                _edata = .

.igot.plt       0x0000000010000b40        0x0 load address 0x000000000800b9a8
 .igot.plt      0x0000000000000000        0x0 /home/robert/Desktop/Projektwoche/stm/U23_2013_examples/examples/tetris/obj/SSD1289.o

.bss            0x0000000010000b40      0x404 load address 0x000000000800b9a8
 *(.bss*)
 .bss.state_ctrl
                0x0000000010000b40        0x1 /home/robert/Desktop/Projektwoche/stm/U23_2013_examples/examples/tetris/obj/controller.o
                0x0000000010000b40                state_ctrl
 *fill*         0x0000000010000b41        0x3 00
 .bss.controller_now
                0x0000000010000b44        0x4 /home/robert/Desktop/Projektwoche/stm/U23_2013_examples/examples/tetris/obj/controller.o
                0x0000000010000b44                controller_now
 .bss.controller_save
                0x0000000010000b48        0x4 /home/robert/Desktop/Projektwoche/stm/U23_2013_examples/examples/tetris/obj/controller.o
                0x0000000010000b48                controller_save
 .bss.tileFallDelay
                0x0000000010000b4c        0x4 /home/robert/Desktop/Projektwoche/stm/U23_2013_examples/examples/tetris/obj/game.o
                0x0000000010000b4c                tileFallDelay
 .bss.actualTile
                0x0000000010000b50       0x58 /home/robert/Desktop/Projektwoche/stm/U23_2013_examples/examples/tetris/obj/game.o
                0x0000000010000b50                actualTile
 .bss.heap_end.5184
                0x0000000010000ba8        0x4 /home/robert/Desktop/Projektwoche/stm/U23_2013_examples/libs/libsystem/obj/libsystem.a(NewlibSyscalls.o)
 .bss.SysTickCounter
                0x0000000010000bac        0x4 /home/robert/Desktop/Projektwoche/stm/U23_2013_examples/libs/libsystem/obj/libsystem.a(SysTick.o)
                0x0000000010000bac                SysTickCounter
 .bss.CurrentDebugDevice
                0x0000000010000bb0        0x1 /home/robert/Desktop/Projektwoche/stm/U23_2013_examples/libs/libsystem/obj/libsystem.a(Debug.o)
                0x0000000010000bb0                CurrentDebugDevice
 *fill*         0x0000000010000bb1        0x1 00
 .bss.RNGInitialized
                0x0000000010000bb2        0x2 /home/robert/Desktop/Projektwoche/stm/U23_2013_examples/libs/libsystem/obj/libsystem.a(Random.o)
 .bss.CallbackFunction
                0x0000000010000bb4        0x4 /home/robert/Desktop/Projektwoche/stm/U23_2013_examples/libs/libsystem/obj/libsystem.a(Audio.o)
 .bss.CallbackContext
                0x0000000010000bb8        0x4 /home/robert/Desktop/Projektwoche/stm/U23_2013_examples/libs/libsystem/obj/libsystem.a(Audio.o)
 .bss.NextBufferSamples
                0x0000000010000bbc        0x4 /home/robert/Desktop/Projektwoche/stm/U23_2013_examples/libs/libsystem/obj/libsystem.a(Audio.o)
 .bss.NextBufferLength
                0x0000000010000bc0        0x4 /home/robert/Desktop/Projektwoche/stm/U23_2013_examples/libs/libsystem/obj/libsystem.a(Audio.o)
 .bss.DMARunning
                0x0000000010000bc4        0x1 /home/robert/Desktop/Projektwoche/stm/U23_2013_examples/libs/libsystem/obj/libsystem.a(Audio.o)
 *fill*         0x0000000010000bc5        0x3 00
 .bss.BufferNumber
                0x0000000010000bc8        0x4 /home/robert/Desktop/Projektwoche/stm/U23_2013_examples/libs/libsystem/obj/libsystem.a(Audio.o)
 .bss.spi_running
                0x0000000010000bcc        0x1 /home/robert/Desktop/Projektwoche/stm/U23_2013_examples/libs/libsystem/obj/libsystem.a(Spi.o)
 .bss.spi_last_byte
                0x0000000010000bcd        0x1 /home/robert/Desktop/Projektwoche/stm/U23_2013_examples/libs/libsystem/obj/libsystem.a(Spi.o)
 *fill*         0x0000000010000bce        0x2 00
 .bss.spi_transmit_buffer
                0x0000000010000bd0        0x4 /home/robert/Desktop/Projektwoche/stm/U23_2013_examples/libs/libsystem/obj/libsystem.a(Spi.o)
 .bss.spi_receive_buffer
                0x0000000010000bd4        0x4 /home/robert/Desktop/Projektwoche/stm/U23_2013_examples/libs/libsystem/obj/libsystem.a(Spi.o)
 .bss.spi_data_buffersize
                0x0000000010000bd8        0x2 /home/robert/Desktop/Projektwoche/stm/U23_2013_examples/libs/libsystem/obj/libsystem.a(Spi.o)
 .bss.spi_data_rx_counter
                0x0000000010000bda        0x2 /home/robert/Desktop/Projektwoche/stm/U23_2013_examples/libs/libsystem/obj/libsystem.a(Spi.o)
 .bss.spi_data_tx_counter
                0x0000000010000bdc        0x2 /home/robert/Desktop/Projektwoche/stm/U23_2013_examples/libs/libsystem/obj/libsystem.a(Spi.o)
 *fill*         0x0000000010000bde        0x2 00
 .bss.spi_external_handler
                0x0000000010000be0        0x4 /home/robert/Desktop/Projektwoche/stm/U23_2013_examples/libs/libsystem/obj/libsystem.a(Spi.o)
 .bss           0x0000000010000be4       0x34 /home/robert/Desktop/Projektwoche/stm/STM32-Toolchain/arm-none-eabi/lib/gcc/arm-none-eabi/4.8.0/../../../../arm-none-eabi/lib/thumb/cortex-m4/float-abi-hard/fpuv4-sp-d16/libc.a(lib_a-mallocr.o)
                0x0000000010000be4                __malloc_top_pad
                0x0000000010000be8                __malloc_current_mallinfo
                0x0000000010000c10                __malloc_max_sbrked_mem
                0x0000000010000c14                __malloc_max_total_mem
 *(COMMON)
 COMMON         0x0000000010000c18      0x320 /home/robert/Desktop/Projektwoche/stm/U23_2013_examples/examples/tetris/obj/game.o
                0x0000000010000c18                grid
 COMMON         0x0000000010000f38        0x5 /home/robert/Desktop/Projektwoche/stm/U23_2013_examples/libs/libstm32f4xx/obj/libstm32f4xx.a(stm32_ub_onewire.o)
                0x0000000010000f38                ow_akt_delay
                0x0000000010000f3c                ow_ascii_err_flag
 *fill*         0x0000000010000f3d        0x3 00
 COMMON         0x0000000010000f40        0x4 /home/robert/Desktop/Projektwoche/stm/STM32-Toolchain/arm-none-eabi/lib/gcc/arm-none-eabi/4.8.0/../../../../arm-none-eabi/lib/thumb/cortex-m4/float-abi-hard/fpuv4-sp-d16/libc.a(lib_a-reent.o)
                0x0000000010000f40                errno
                0x0000000010000f44                . = ALIGN (0x4)
                0x0000000010000f44                _ebss = .

.ARM.extab
 *(.ARM.extab*)
                0x0000000010000f44                . = ALIGN (0x4)
                0x0000000010000f44                end = .
                0x0000000010001000                . = ALIGN (0x100)
                0x0000000010001000                _start_heap = .

.sram.data      0x0000000020000000        0x0 load address 0x000000000800b9a8
                0x0000000020000000                __sram_data_start = ABSOLUTE (.)
 *(.sram.data*)
                0x0000000020000000                . = ALIGN (0x4)
                0x000000000800b9a8                __srom_data_start = LOADADDR (.sram.data)
                0x0000000020000000                __sram_data_end = .
                0x0000000020000000                PROVIDE (__sram_data_end, .)
                0x000000000800b9a8                PROVIDE (__srom_data_end, (LOADADDR (.sram.data) + SIZEOF (.sram.data)))

.sram.bss       0x0000000020000000      0x400 load address 0x000000000800b9a8
                0x0000000020000000                __sram_bss_start = ABSOLUTE (.)
 *(.sram.bss*)
 .sram.bss      0x0000000020000000      0x400 /home/robert/Desktop/Projektwoche/stm/U23_2013_examples/libs/libsystem/obj/libsystem.a(Audio.o)
                0x0000000020000400                . = ALIGN (0x4)
                0x0000000020000400                __sram_bss_end = .
                0x0000000020000400                PROVIDE (__sram_bss_end, .)
                0x0000000010010000                PROVIDE (_stack, (ORIGIN (ccmram) + 0x10000))
LOAD /home/robert/Desktop/Projektwoche/stm/U23_2013_examples/examples/tetris/obj/SSD1289.o
LOAD /home/robert/Desktop/Projektwoche/stm/U23_2013_examples/examples/tetris/obj/XPT2046.o
LOAD /home/robert/Desktop/Projektwoche/stm/U23_2013_examples/examples/tetris/obj/LCD.o
LOAD /home/robert/Desktop/Projektwoche/stm/U23_2013_examples/examples/tetris/obj/controller.o
LOAD /home/robert/Desktop/Projektwoche/stm/U23_2013_examples/examples/tetris/obj/game.o
LOAD /home/robert/Desktop/Projektwoche/stm/U23_2013_examples/examples/tetris/obj/main.o
LOAD /home/robert/Desktop/Projektwoche/stm/U23_2013_examples/examples/tetris/obj/AsciiLib.o
LOAD /home/robert/Desktop/Projektwoche/stm/U23_2013_examples/libs/libCMSIS/obj/libCMSIS.a
LOAD /home/robert/Desktop/Projektwoche/stm/U23_2013_examples/libs/libstm32f4xx/obj/libstm32f4xx.a
LOAD /home/robert/Desktop/Projektwoche/stm/U23_2013_examples/libs/libsystem/obj/libsystem.a
LOAD /home/robert/Desktop/Projektwoche/stm/STM32-Toolchain/arm-none-eabi/lib/gcc/arm-none-eabi/4.8.0/../../../../arm-none-eabi/lib/thumb/cortex-m4/float-abi-hard/fpuv4-sp-d16/libm.a
START GROUP
LOAD /home/robert/Desktop/Projektwoche/stm/STM32-Toolchain/arm-none-eabi/lib/gcc/arm-none-eabi/4.8.0/thumb/cortex-m4/float-abi-hard/fpuv4-sp-d16/libgcc.a
LOAD /home/robert/Desktop/Projektwoche/stm/STM32-Toolchain/arm-none-eabi/lib/gcc/arm-none-eabi/4.8.0/../../../../arm-none-eabi/lib/thumb/cortex-m4/float-abi-hard/fpuv4-sp-d16/libc.a
END GROUP
OUTPUT(/home/robert/Desktop/Projektwoche/stm/U23_2013_examples/examples/tetris/obj/tetris.elf elf32-littlearm)

.debug_info     0x0000000000000000    0x27402
 .debug_info    0x0000000000000000      0xf77 /home/robert/Desktop/Projektwoche/stm/U23_2013_examples/examples/tetris/obj/SSD1289.o
 .debug_info    0x0000000000000f77      0x8b4 /home/robert/Desktop/Projektwoche/stm/U23_2013_examples/examples/tetris/obj/XPT2046.o
 .debug_info    0x000000000000182b      0x501 /home/robert/Desktop/Projektwoche/stm/U23_2013_examples/examples/tetris/obj/LCD.o
 .debug_info    0x0000000000001d2c      0x4e3 /home/robert/Desktop/Projektwoche/stm/U23_2013_examples/examples/tetris/obj/controller.o
 .debug_info    0x000000000000220f      0x4fb /home/robert/Desktop/Projektwoche/stm/U23_2013_examples/examples/tetris/obj/game.o
 .debug_info    0x000000000000270a      0x953 /home/robert/Desktop/Projektwoche/stm/U23_2013_examples/examples/tetris/obj/main.o
 .debug_info    0x000000000000305d      0x14c /home/robert/Desktop/Projektwoche/stm/U23_2013_examples/examples/tetris/obj/AsciiLib.o
 .debug_info    0x00000000000031a9      0x573 /home/robert/Desktop/Projektwoche/stm/U23_2013_examples/libs/libCMSIS/obj/libCMSIS.a(system_stm32f4xx.o)
 .debug_info    0x000000000000371c      0x15c /home/robert/Desktop/Projektwoche/stm/U23_2013_examples/libs/libCMSIS/obj/libCMSIS.a(startup_stm32f4xx.o)
 .debug_info    0x0000000000003878      0x51c /home/robert/Desktop/Projektwoche/stm/U23_2013_examples/libs/libstm32f4xx/obj/libstm32f4xx.a(misc.o)
 .debug_info    0x0000000000003d94     0x1c35 /home/robert/Desktop/Projektwoche/stm/U23_2013_examples/libs/libstm32f4xx/obj/libstm32f4xx.a(stm32f4xx_tim.o)
 .debug_info    0x00000000000059c9      0x996 /home/robert/Desktop/Projektwoche/stm/U23_2013_examples/libs/libstm32f4xx/obj/libstm32f4xx.a(stm32f4xx_usart.o)
 .debug_info    0x000000000000635f      0xc47 /home/robert/Desktop/Projektwoche/stm/U23_2013_examples/libs/libstm32f4xx/obj/libstm32f4xx.a(stm32f4xx_rcc.o)
 .debug_info    0x0000000000006fa6      0xadb /home/robert/Desktop/Projektwoche/stm/U23_2013_examples/libs/libstm32f4xx/obj/libstm32f4xx.a(stm32f4xx_spi.o)
 .debug_info    0x0000000000007a81      0x718 /home/robert/Desktop/Projektwoche/stm/U23_2013_examples/libs/libstm32f4xx/obj/libstm32f4xx.a(stm32f4xx_dma.o)
 .debug_info    0x0000000000008199      0x5d9 /home/robert/Desktop/Projektwoche/stm/U23_2013_examples/libs/libstm32f4xx/obj/libstm32f4xx.a(stm32f4xx_gpio.o)
 .debug_info    0x0000000000008772      0x25e /home/robert/Desktop/Projektwoche/stm/U23_2013_examples/libs/libstm32f4xx/obj/libstm32f4xx.a(stm32f4xx_rng.o)
 .debug_info    0x00000000000089d0      0xb99 /home/robert/Desktop/Projektwoche/stm/U23_2013_examples/libs/libstm32f4xx/obj/libstm32f4xx.a(stm32_ub_onewire.o)
 .debug_info    0x0000000000009569      0xe7b /home/robert/Desktop/Projektwoche/stm/U23_2013_examples/libs/libsystem/obj/libsystem.a(NewlibSyscalls.o)
 .debug_info    0x000000000000a3e4       0xcc /home/robert/Desktop/Projektwoche/stm/U23_2013_examples/libs/libsystem/obj/libsystem.a(SysTick.o)
 .debug_info    0x000000000000a4b0      0xb87 /home/robert/Desktop/Projektwoche/stm/U23_2013_examples/libs/libsystem/obj/libsystem.a(Debug.o)
 .debug_info    0x000000000000b037      0x4c4 /home/robert/Desktop/Projektwoche/stm/U23_2013_examples/libs/libsystem/obj/libsystem.a(USART.o)
 .debug_info    0x000000000000b4fb      0x120 /home/robert/Desktop/Projektwoche/stm/U23_2013_examples/libs/libsystem/obj/libsystem.a(Random.o)
 .debug_info    0x000000000000b61b      0xc2d /home/robert/Desktop/Projektwoche/stm/U23_2013_examples/libs/libsystem/obj/libsystem.a(Audio.o)
 .debug_info    0x000000000000c248      0x851 /home/robert/Desktop/Projektwoche/stm/U23_2013_examples/libs/libsystem/obj/libsystem.a(Spi.o)
 .debug_info    0x000000000000ca99      0x280 /home/robert/Desktop/Projektwoche/stm/U23_2013_examples/libs/libsystem/obj/libsystem.a(LED.o)
 .debug_info    0x000000000000cd19      0x6ca /home/robert/Desktop/Projektwoche/stm/U23_2013_examples/libs/libsystem/obj/libsystem.a(Init.o)
 .debug_info    0x000000000000d3e3       0xef /home/robert/Desktop/Projektwoche/stm/STM32-Toolchain/arm-none-eabi/lib/gcc/arm-none-eabi/4.8.0/thumb/cortex-m4/float-abi-hard/fpuv4-sp-d16/libgcc.a(_arm_addsubdf3.o)
 .debug_info    0x000000000000d4d2       0xef /home/robert/Desktop/Projektwoche/stm/STM32-Toolchain/arm-none-eabi/lib/gcc/arm-none-eabi/4.8.0/thumb/cortex-m4/float-abi-hard/fpuv4-sp-d16/libgcc.a(_arm_muldivdf3.o)
 .debug_info    0x000000000000d5c1       0xef /home/robert/Desktop/Projektwoche/stm/STM32-Toolchain/arm-none-eabi/lib/gcc/arm-none-eabi/4.8.0/thumb/cortex-m4/float-abi-hard/fpuv4-sp-d16/libgcc.a(_arm_cmpdf2.o)
 .debug_info    0x000000000000d6b0      0x889 /home/robert/Desktop/Projektwoche/stm/STM32-Toolchain/arm-none-eabi/lib/gcc/arm-none-eabi/4.8.0/../../../../arm-none-eabi/lib/thumb/cortex-m4/float-abi-hard/fpuv4-sp-d16/libc.a(lib_a-errno.o)
 .debug_info    0x000000000000df39      0x9c2 /home/robert/Desktop/Projektwoche/stm/STM32-Toolchain/arm-none-eabi/lib/gcc/arm-none-eabi/4.8.0/../../../../arm-none-eabi/lib/thumb/cortex-m4/float-abi-hard/fpuv4-sp-d16/libc.a(lib_a-fprintf.o)
 .debug_info    0x000000000000e8fb      0xa4e /home/robert/Desktop/Projektwoche/stm/STM32-Toolchain/arm-none-eabi/lib/gcc/arm-none-eabi/4.8.0/../../../../arm-none-eabi/lib/thumb/cortex-m4/float-abi-hard/fpuv4-sp-d16/libc.a(lib_a-fwrite.o)
 .debug_info    0x000000000000f349      0x894 /home/robert/Desktop/Projektwoche/stm/STM32-Toolchain/arm-none-eabi/lib/gcc/arm-none-eabi/4.8.0/../../../../arm-none-eabi/lib/thumb/cortex-m4/float-abi-hard/fpuv4-sp-d16/libc.a(lib_a-impure.o)
 .debug_info    0x000000000000fbdd      0x915 /home/robert/Desktop/Projektwoche/stm/STM32-Toolchain/arm-none-eabi/lib/gcc/arm-none-eabi/4.8.0/../../../../arm-none-eabi/lib/thumb/cortex-m4/float-abi-hard/fpuv4-sp-d16/libc.a(lib_a-malloc.o)
 .debug_info    0x00000000000104f2      0xd81 /home/robert/Desktop/Projektwoche/stm/STM32-Toolchain/arm-none-eabi/lib/gcc/arm-none-eabi/4.8.0/../../../../arm-none-eabi/lib/thumb/cortex-m4/float-abi-hard/fpuv4-sp-d16/libc.a(lib_a-mallocr.o)
 .debug_info    0x0000000000011273      0x131 /home/robert/Desktop/Projektwoche/stm/STM32-Toolchain/arm-none-eabi/lib/gcc/arm-none-eabi/4.8.0/../../../../arm-none-eabi/lib/thumb/cortex-m4/float-abi-hard/fpuv4-sp-d16/libc.a(lib_a-memcpy-stub.o)
 .debug_info    0x00000000000113a4      0x117 /home/robert/Desktop/Projektwoche/stm/STM32-Toolchain/arm-none-eabi/lib/gcc/arm-none-eabi/4.8.0/../../../../arm-none-eabi/lib/thumb/cortex-m4/float-abi-hard/fpuv4-sp-d16/libc.a(lib_a-memset.o)
 .debug_info    0x00000000000114bb      0x8b4 /home/robert/Desktop/Projektwoche/stm/STM32-Toolchain/arm-none-eabi/lib/gcc/arm-none-eabi/4.8.0/../../../../arm-none-eabi/lib/thumb/cortex-m4/float-abi-hard/fpuv4-sp-d16/libc.a(lib_a-mlock.o)
 .debug_info    0x0000000000011d6f      0x8f4 /home/robert/Desktop/Projektwoche/stm/STM32-Toolchain/arm-none-eabi/lib/gcc/arm-none-eabi/4.8.0/../../../../arm-none-eabi/lib/thumb/cortex-m4/float-abi-hard/fpuv4-sp-d16/libc.a(lib_a-sbrkr.o)
 .debug_info    0x0000000000012663      0x997 /home/robert/Desktop/Projektwoche/stm/STM32-Toolchain/arm-none-eabi/lib/gcc/arm-none-eabi/4.8.0/../../../../arm-none-eabi/lib/thumb/cortex-m4/float-abi-hard/fpuv4-sp-d16/libc.a(lib_a-setvbuf.o)
 .debug_info    0x0000000000012ffa       0xb5 /home/robert/Desktop/Projektwoche/stm/STM32-Toolchain/arm-none-eabi/lib/gcc/arm-none-eabi/4.8.0/../../../../arm-none-eabi/lib/thumb/cortex-m4/float-abi-hard/fpuv4-sp-d16/libc.a(lib_a-strlen.o)
 .debug_info    0x00000000000130af     0x17ff /home/robert/Desktop/Projektwoche/stm/STM32-Toolchain/arm-none-eabi/lib/gcc/arm-none-eabi/4.8.0/../../../../arm-none-eabi/lib/thumb/cortex-m4/float-abi-hard/fpuv4-sp-d16/libc.a(lib_a-vfprintf.o)
 .debug_info    0x00000000000148ae      0x922 /home/robert/Desktop/Projektwoche/stm/STM32-Toolchain/arm-none-eabi/lib/gcc/arm-none-eabi/4.8.0/../../../../arm-none-eabi/lib/thumb/cortex-m4/float-abi-hard/fpuv4-sp-d16/libc.a(lib_a-wsetup.o)
 .debug_info    0x00000000000151d0     0x1331 /home/robert/Desktop/Projektwoche/stm/STM32-Toolchain/arm-none-eabi/lib/gcc/arm-none-eabi/4.8.0/../../../../arm-none-eabi/lib/thumb/cortex-m4/float-abi-hard/fpuv4-sp-d16/libc.a(lib_a-dtoa.o)
 .debug_info    0x0000000000016501      0xa96 /home/robert/Desktop/Projektwoche/stm/STM32-Toolchain/arm-none-eabi/lib/gcc/arm-none-eabi/4.8.0/../../../../arm-none-eabi/lib/thumb/cortex-m4/float-abi-hard/fpuv4-sp-d16/libc.a(lib_a-fflush.o)
 .debug_info    0x0000000000016f97      0xd11 /home/robert/Desktop/Projektwoche/stm/STM32-Toolchain/arm-none-eabi/lib/gcc/arm-none-eabi/4.8.0/../../../../arm-none-eabi/lib/thumb/cortex-m4/float-abi-hard/fpuv4-sp-d16/libc.a(lib_a-findfp.o)
 .debug_info    0x0000000000017ca8      0xc1c /home/robert/Desktop/Projektwoche/stm/STM32-Toolchain/arm-none-eabi/lib/gcc/arm-none-eabi/4.8.0/../../../../arm-none-eabi/lib/thumb/cortex-m4/float-abi-hard/fpuv4-sp-d16/libc.a(lib_a-freer.o)
 .debug_info    0x00000000000188c4      0xc6e /home/robert/Desktop/Projektwoche/stm/STM32-Toolchain/arm-none-eabi/lib/gcc/arm-none-eabi/4.8.0/../../../../arm-none-eabi/lib/thumb/cortex-m4/float-abi-hard/fpuv4-sp-d16/libc.a(lib_a-fvwrite.o)
 .debug_info    0x0000000000019532      0x99c /home/robert/Desktop/Projektwoche/stm/STM32-Toolchain/arm-none-eabi/lib/gcc/arm-none-eabi/4.8.0/../../../../arm-none-eabi/lib/thumb/cortex-m4/float-abi-hard/fpuv4-sp-d16/libc.a(lib_a-fwalk.o)
 .debug_info    0x0000000000019ece      0xbe5 /home/robert/Desktop/Projektwoche/stm/STM32-Toolchain/arm-none-eabi/lib/gcc/arm-none-eabi/4.8.0/../../../../arm-none-eabi/lib/thumb/cortex-m4/float-abi-hard/fpuv4-sp-d16/libc.a(lib_a-locale.o)
 .debug_info    0x000000000001aab3      0xae6 /home/robert/Desktop/Projektwoche/stm/STM32-Toolchain/arm-none-eabi/lib/gcc/arm-none-eabi/4.8.0/../../../../arm-none-eabi/lib/thumb/cortex-m4/float-abi-hard/fpuv4-sp-d16/libc.a(lib_a-makebuf.o)
 .debug_info    0x000000000001b599      0x129 /home/robert/Desktop/Projektwoche/stm/STM32-Toolchain/arm-none-eabi/lib/gcc/arm-none-eabi/4.8.0/../../../../arm-none-eabi/lib/thumb/cortex-m4/float-abi-hard/fpuv4-sp-d16/libc.a(lib_a-memchr-stub.o)
 .debug_info    0x000000000001b6c2      0x131 /home/robert/Desktop/Projektwoche/stm/STM32-Toolchain/arm-none-eabi/lib/gcc/arm-none-eabi/4.8.0/../../../../arm-none-eabi/lib/thumb/cortex-m4/float-abi-hard/fpuv4-sp-d16/libc.a(lib_a-memmove.o)
 .debug_info    0x000000000001b7f3     0x1683 /home/robert/Desktop/Projektwoche/stm/STM32-Toolchain/arm-none-eabi/lib/gcc/arm-none-eabi/4.8.0/../../../../arm-none-eabi/lib/thumb/cortex-m4/float-abi-hard/fpuv4-sp-d16/libc.a(lib_a-mprec.o)
 .debug_info    0x000000000001ce76      0xcca /home/robert/Desktop/Projektwoche/stm/STM32-Toolchain/arm-none-eabi/lib/gcc/arm-none-eabi/4.8.0/../../../../arm-none-eabi/lib/thumb/cortex-m4/float-abi-hard/fpuv4-sp-d16/libc.a(lib_a-reallocr.o)
 .debug_info    0x000000000001db40      0xa46 /home/robert/Desktop/Projektwoche/stm/STM32-Toolchain/arm-none-eabi/lib/gcc/arm-none-eabi/4.8.0/../../../../arm-none-eabi/lib/thumb/cortex-m4/float-abi-hard/fpuv4-sp-d16/libc.a(lib_a-reent.o)
 .debug_info    0x000000000001e586      0x14b /home/robert/Desktop/Projektwoche/stm/STM32-Toolchain/arm-none-eabi/lib/gcc/arm-none-eabi/4.8.0/../../../../arm-none-eabi/lib/thumb/cortex-m4/float-abi-hard/fpuv4-sp-d16/libc.a(lib_a-s_fpclassify.o)
 .debug_info    0x000000000001e6d1      0xb7f /home/robert/Desktop/Projektwoche/stm/STM32-Toolchain/arm-none-eabi/lib/gcc/arm-none-eabi/4.8.0/../../../../arm-none-eabi/lib/thumb/cortex-m4/float-abi-hard/fpuv4-sp-d16/libc.a(lib_a-stdio.o)
 .debug_info    0x000000000001f250      0x10b /home/robert/Desktop/Projektwoche/stm/STM32-Toolchain/arm-none-eabi/lib/gcc/arm-none-eabi/4.8.0/../../../../arm-none-eabi/lib/thumb/cortex-m4/float-abi-hard/fpuv4-sp-d16/libc.a(lib_a-strcmp.o)
 .debug_info    0x000000000001f35b     0x1515 /home/robert/Desktop/Projektwoche/stm/STM32-Toolchain/arm-none-eabi/lib/gcc/arm-none-eabi/4.8.0/../../../../arm-none-eabi/lib/thumb/cortex-m4/float-abi-hard/fpuv4-sp-d16/libc.a(lib_a-vfiprintf.o)
 .debug_info    0x0000000000020870      0x929 /home/robert/Desktop/Projektwoche/stm/STM32-Toolchain/arm-none-eabi/lib/gcc/arm-none-eabi/4.8.0/../../../../arm-none-eabi/lib/thumb/cortex-m4/float-abi-hard/fpuv4-sp-d16/libc.a(lib_a-writer.o)
 .debug_info    0x0000000000021199      0x9e0 /home/robert/Desktop/Projektwoche/stm/STM32-Toolchain/arm-none-eabi/lib/gcc/arm-none-eabi/4.8.0/../../../../arm-none-eabi/lib/thumb/cortex-m4/float-abi-hard/fpuv4-sp-d16/libc.a(lib_a-callocr.o)
 .debug_info    0x0000000000021b79      0x8e0 /home/robert/Desktop/Projektwoche/stm/STM32-Toolchain/arm-none-eabi/lib/gcc/arm-none-eabi/4.8.0/../../../../arm-none-eabi/lib/thumb/cortex-m4/float-abi-hard/fpuv4-sp-d16/libc.a(lib_a-closer.o)
 .debug_info    0x0000000000022459      0x9c6 /home/robert/Desktop/Projektwoche/stm/STM32-Toolchain/arm-none-eabi/lib/gcc/arm-none-eabi/4.8.0/../../../../arm-none-eabi/lib/thumb/cortex-m4/float-abi-hard/fpuv4-sp-d16/libc.a(lib_a-fclose.o)
 .debug_info    0x0000000000022e1f      0xa94 /home/robert/Desktop/Projektwoche/stm/STM32-Toolchain/arm-none-eabi/lib/gcc/arm-none-eabi/4.8.0/../../../../arm-none-eabi/lib/thumb/cortex-m4/float-abi-hard/fpuv4-sp-d16/libc.a(lib_a-fputwc.o)
 .debug_info    0x00000000000238b3      0xa5e /home/robert/Desktop/Projektwoche/stm/STM32-Toolchain/arm-none-eabi/lib/gcc/arm-none-eabi/4.8.0/../../../../arm-none-eabi/lib/thumb/cortex-m4/float-abi-hard/fpuv4-sp-d16/libc.a(lib_a-fstatr.o)
 .debug_info    0x0000000000024311      0x90c /home/robert/Desktop/Projektwoche/stm/STM32-Toolchain/arm-none-eabi/lib/gcc/arm-none-eabi/4.8.0/../../../../arm-none-eabi/lib/thumb/cortex-m4/float-abi-hard/fpuv4-sp-d16/libc.a(lib_a-lseekr.o)
 .debug_info    0x0000000000024c1d      0x922 /home/robert/Desktop/Projektwoche/stm/STM32-Toolchain/arm-none-eabi/lib/gcc/arm-none-eabi/4.8.0/../../../../arm-none-eabi/lib/thumb/cortex-m4/float-abi-hard/fpuv4-sp-d16/libc.a(lib_a-readr.o)
 .debug_info    0x000000000002553f      0x9b7 /home/robert/Desktop/Projektwoche/stm/STM32-Toolchain/arm-none-eabi/lib/gcc/arm-none-eabi/4.8.0/../../../../arm-none-eabi/lib/thumb/cortex-m4/float-abi-hard/fpuv4-sp-d16/libc.a(lib_a-wbuf.o)
 .debug_info    0x0000000000025ef6      0xa68 /home/robert/Desktop/Projektwoche/stm/STM32-Toolchain/arm-none-eabi/lib/gcc/arm-none-eabi/4.8.0/../../../../arm-none-eabi/lib/thumb/cortex-m4/float-abi-hard/fpuv4-sp-d16/libc.a(lib_a-wcrtomb.o)
 .debug_info    0x000000000002695e      0x9b5 /home/robert/Desktop/Projektwoche/stm/STM32-Toolchain/arm-none-eabi/lib/gcc/arm-none-eabi/4.8.0/../../../../arm-none-eabi/lib/thumb/cortex-m4/float-abi-hard/fpuv4-sp-d16/libc.a(lib_a-wctomb_r.o)
 .debug_info    0x0000000000027313       0xef /home/robert/Desktop/Projektwoche/stm/STM32-Toolchain/arm-none-eabi/lib/gcc/arm-none-eabi/4.8.0/thumb/cortex-m4/float-abi-hard/fpuv4-sp-d16/libgcc.a(_arm_fixdfsi.o)

.debug_abbrev   0x0000000000000000     0x7efd
 .debug_abbrev  0x0000000000000000      0x237 /home/robert/Desktop/Projektwoche/stm/U23_2013_examples/examples/tetris/obj/SSD1289.o
 .debug_abbrev  0x0000000000000237      0x239 /home/robert/Desktop/Projektwoche/stm/U23_2013_examples/examples/tetris/obj/XPT2046.o
 .debug_abbrev  0x0000000000000470      0x1c7 /home/robert/Desktop/Projektwoche/stm/U23_2013_examples/examples/tetris/obj/LCD.o
 .debug_abbrev  0x0000000000000637      0x1d8 /home/robert/Desktop/Projektwoche/stm/U23_2013_examples/examples/tetris/obj/controller.o
 .debug_abbrev  0x000000000000080f      0x192 /home/robert/Desktop/Projektwoche/stm/U23_2013_examples/examples/tetris/obj/game.o
 .debug_abbrev  0x00000000000009a1      0x24d /home/robert/Desktop/Projektwoche/stm/U23_2013_examples/examples/tetris/obj/main.o
 .debug_abbrev  0x0000000000000bee       0x9e /home/robert/Desktop/Projektwoche/stm/U23_2013_examples/examples/tetris/obj/AsciiLib.o
 .debug_abbrev  0x0000000000000c8c      0x136 /home/robert/Desktop/Projektwoche/stm/U23_2013_examples/libs/libCMSIS/obj/libCMSIS.a(system_stm32f4xx.o)
 .debug_abbrev  0x0000000000000dc2       0xcc /home/robert/Desktop/Projektwoche/stm/U23_2013_examples/libs/libCMSIS/obj/libCMSIS.a(startup_stm32f4xx.o)
 .debug_abbrev  0x0000000000000e8e      0x145 /home/robert/Desktop/Projektwoche/stm/U23_2013_examples/libs/libstm32f4xx/obj/libstm32f4xx.a(misc.o)
 .debug_abbrev  0x0000000000000fd3      0x187 /home/robert/Desktop/Projektwoche/stm/U23_2013_examples/libs/libstm32f4xx/obj/libstm32f4xx.a(stm32f4xx_tim.o)
 .debug_abbrev  0x000000000000115a      0x155 /home/robert/Desktop/Projektwoche/stm/U23_2013_examples/libs/libstm32f4xx/obj/libstm32f4xx.a(stm32f4xx_usart.o)
 .debug_abbrev  0x00000000000012af      0x1e3 /home/robert/Desktop/Projektwoche/stm/U23_2013_examples/libs/libstm32f4xx/obj/libstm32f4xx.a(stm32f4xx_rcc.o)
 .debug_abbrev  0x0000000000001492      0x167 /home/robert/Desktop/Projektwoche/stm/U23_2013_examples/libs/libstm32f4xx/obj/libstm32f4xx.a(stm32f4xx_spi.o)
 .debug_abbrev  0x00000000000015f9      0x155 /home/robert/Desktop/Projektwoche/stm/U23_2013_examples/libs/libstm32f4xx/obj/libstm32f4xx.a(stm32f4xx_dma.o)
 .debug_abbrev  0x000000000000174e      0x1a3 /home/robert/Desktop/Projektwoche/stm/U23_2013_examples/libs/libstm32f4xx/obj/libstm32f4xx.a(stm32f4xx_gpio.o)
 .debug_abbrev  0x00000000000018f1      0x144 /home/robert/Desktop/Projektwoche/stm/U23_2013_examples/libs/libstm32f4xx/obj/libstm32f4xx.a(stm32f4xx_rng.o)
 .debug_abbrev  0x0000000000001a35      0x243 /home/robert/Desktop/Projektwoche/stm/U23_2013_examples/libs/libstm32f4xx/obj/libstm32f4xx.a(stm32_ub_onewire.o)
 .debug_abbrev  0x0000000000001c78      0x231 /home/robert/Desktop/Projektwoche/stm/U23_2013_examples/libs/libsystem/obj/libsystem.a(NewlibSyscalls.o)
 .debug_abbrev  0x0000000000001ea9       0x9b /home/robert/Desktop/Projektwoche/stm/U23_2013_examples/libs/libsystem/obj/libsystem.a(SysTick.o)
 .debug_abbrev  0x0000000000001f44      0x236 /home/robert/Desktop/Projektwoche/stm/U23_2013_examples/libs/libsystem/obj/libsystem.a(Debug.o)
 .debug_abbrev  0x000000000000217a      0x13c /home/robert/Desktop/Projektwoche/stm/U23_2013_examples/libs/libsystem/obj/libsystem.a(USART.o)
 .debug_abbrev  0x00000000000022b6       0xad /home/robert/Desktop/Projektwoche/stm/U23_2013_examples/libs/libsystem/obj/libsystem.a(Random.o)
 .debug_abbrev  0x0000000000002363      0x20c /home/robert/Desktop/Projektwoche/stm/U23_2013_examples/libs/libsystem/obj/libsystem.a(Audio.o)
 .debug_abbrev  0x000000000000256f      0x1b4 /home/robert/Desktop/Projektwoche/stm/U23_2013_examples/libs/libsystem/obj/libsystem.a(Spi.o)
 .debug_abbrev  0x0000000000002723       0xff /home/robert/Desktop/Projektwoche/stm/U23_2013_examples/libs/libsystem/obj/libsystem.a(LED.o)
 .debug_abbrev  0x0000000000002822      0x170 /home/robert/Desktop/Projektwoche/stm/U23_2013_examples/libs/libsystem/obj/libsystem.a(Init.o)
 .debug_abbrev  0x0000000000002992       0x14 /home/robert/Desktop/Projektwoche/stm/STM32-Toolchain/arm-none-eabi/lib/gcc/arm-none-eabi/4.8.0/thumb/cortex-m4/float-abi-hard/fpuv4-sp-d16/libgcc.a(_arm_addsubdf3.o)
 .debug_abbrev  0x00000000000029a6       0x14 /home/robert/Desktop/Projektwoche/stm/STM32-Toolchain/arm-none-eabi/lib/gcc/arm-none-eabi/4.8.0/thumb/cortex-m4/float-abi-hard/fpuv4-sp-d16/libgcc.a(_arm_muldivdf3.o)
 .debug_abbrev  0x00000000000029ba       0x14 /home/robert/Desktop/Projektwoche/stm/STM32-Toolchain/arm-none-eabi/lib/gcc/arm-none-eabi/4.8.0/thumb/cortex-m4/float-abi-hard/fpuv4-sp-d16/libgcc.a(_arm_cmpdf2.o)
 .debug_abbrev  0x00000000000029ce      0x18f /home/robert/Desktop/Projektwoche/stm/STM32-Toolchain/arm-none-eabi/lib/gcc/arm-none-eabi/4.8.0/../../../../arm-none-eabi/lib/thumb/cortex-m4/float-abi-hard/fpuv4-sp-d16/libc.a(lib_a-errno.o)
 .debug_abbrev  0x0000000000002b5d      0x216 /home/robert/Desktop/Projektwoche/stm/STM32-Toolchain/arm-none-eabi/lib/gcc/arm-none-eabi/4.8.0/../../../../arm-none-eabi/lib/thumb/cortex-m4/float-abi-hard/fpuv4-sp-d16/libc.a(lib_a-fprintf.o)
 .debug_abbrev  0x0000000000002d73      0x234 /home/robert/Desktop/Projektwoche/stm/STM32-Toolchain/arm-none-eabi/lib/gcc/arm-none-eabi/4.8.0/../../../../arm-none-eabi/lib/thumb/cortex-m4/float-abi-hard/fpuv4-sp-d16/libc.a(lib_a-fwrite.o)
 .debug_abbrev  0x0000000000002fa7      0x180 /home/robert/Desktop/Projektwoche/stm/STM32-Toolchain/arm-none-eabi/lib/gcc/arm-none-eabi/4.8.0/../../../../arm-none-eabi/lib/thumb/cortex-m4/float-abi-hard/fpuv4-sp-d16/libc.a(lib_a-impure.o)
 .debug_abbrev  0x0000000000003127      0x1fa /home/robert/Desktop/Projektwoche/stm/STM32-Toolchain/arm-none-eabi/lib/gcc/arm-none-eabi/4.8.0/../../../../arm-none-eabi/lib/thumb/cortex-m4/float-abi-hard/fpuv4-sp-d16/libc.a(lib_a-malloc.o)
 .debug_abbrev  0x0000000000003321      0x2a2 /home/robert/Desktop/Projektwoche/stm/STM32-Toolchain/arm-none-eabi/lib/gcc/arm-none-eabi/4.8.0/../../../../arm-none-eabi/lib/thumb/cortex-m4/float-abi-hard/fpuv4-sp-d16/libc.a(lib_a-mallocr.o)
 .debug_abbrev  0x00000000000035c3       0xab /home/robert/Desktop/Projektwoche/stm/STM32-Toolchain/arm-none-eabi/lib/gcc/arm-none-eabi/4.8.0/../../../../arm-none-eabi/lib/thumb/cortex-m4/float-abi-hard/fpuv4-sp-d16/libc.a(lib_a-memcpy-stub.o)
 .debug_abbrev  0x000000000000366e       0x9f /home/robert/Desktop/Projektwoche/stm/STM32-Toolchain/arm-none-eabi/lib/gcc/arm-none-eabi/4.8.0/../../../../arm-none-eabi/lib/thumb/cortex-m4/float-abi-hard/fpuv4-sp-d16/libc.a(lib_a-memset.o)
 .debug_abbrev  0x000000000000370d      0x19a /home/robert/Desktop/Projektwoche/stm/STM32-Toolchain/arm-none-eabi/lib/gcc/arm-none-eabi/4.8.0/../../../../arm-none-eabi/lib/thumb/cortex-m4/float-abi-hard/fpuv4-sp-d16/libc.a(lib_a-mlock.o)
 .debug_abbrev  0x00000000000038a7      0x1fd /home/robert/Desktop/Projektwoche/stm/STM32-Toolchain/arm-none-eabi/lib/gcc/arm-none-eabi/4.8.0/../../../../arm-none-eabi/lib/thumb/cortex-m4/float-abi-hard/fpuv4-sp-d16/libc.a(lib_a-sbrkr.o)
 .debug_abbrev  0x0000000000003aa4      0x235 /home/robert/Desktop/Projektwoche/stm/STM32-Toolchain/arm-none-eabi/lib/gcc/arm-none-eabi/4.8.0/../../../../arm-none-eabi/lib/thumb/cortex-m4/float-abi-hard/fpuv4-sp-d16/libc.a(lib_a-setvbuf.o)
 .debug_abbrev  0x0000000000003cd9       0x70 /home/robert/Desktop/Projektwoche/stm/STM32-Toolchain/arm-none-eabi/lib/gcc/arm-none-eabi/4.8.0/../../../../arm-none-eabi/lib/thumb/cortex-m4/float-abi-hard/fpuv4-sp-d16/libc.a(lib_a-strlen.o)
 .debug_abbrev  0x0000000000003d49      0x3e0 /home/robert/Desktop/Projektwoche/stm/STM32-Toolchain/arm-none-eabi/lib/gcc/arm-none-eabi/4.8.0/../../../../arm-none-eabi/lib/thumb/cortex-m4/float-abi-hard/fpuv4-sp-d16/libc.a(lib_a-vfprintf.o)
 .debug_abbrev  0x0000000000004129      0x1f3 /home/robert/Desktop/Projektwoche/stm/STM32-Toolchain/arm-none-eabi/lib/gcc/arm-none-eabi/4.8.0/../../../../arm-none-eabi/lib/thumb/cortex-m4/float-abi-hard/fpuv4-sp-d16/libc.a(lib_a-wsetup.o)
 .debug_abbrev  0x000000000000431c      0x2be /home/robert/Desktop/Projektwoche/stm/STM32-Toolchain/arm-none-eabi/lib/gcc/arm-none-eabi/4.8.0/../../../../arm-none-eabi/lib/thumb/cortex-m4/float-abi-hard/fpuv4-sp-d16/libc.a(lib_a-dtoa.o)
 .debug_abbrev  0x00000000000045da      0x28e /home/robert/Desktop/Projektwoche/stm/STM32-Toolchain/arm-none-eabi/lib/gcc/arm-none-eabi/4.8.0/../../../../arm-none-eabi/lib/thumb/cortex-m4/float-abi-hard/fpuv4-sp-d16/libc.a(lib_a-fflush.o)
 .debug_abbrev  0x0000000000004868      0x360 /home/robert/Desktop/Projektwoche/stm/STM32-Toolchain/arm-none-eabi/lib/gcc/arm-none-eabi/4.8.0/../../../../arm-none-eabi/lib/thumb/cortex-m4/float-abi-hard/fpuv4-sp-d16/libc.a(lib_a-findfp.o)
 .debug_abbrev  0x0000000000004bc8      0x27b /home/robert/Desktop/Projektwoche/stm/STM32-Toolchain/arm-none-eabi/lib/gcc/arm-none-eabi/4.8.0/../../../../arm-none-eabi/lib/thumb/cortex-m4/float-abi-hard/fpuv4-sp-d16/libc.a(lib_a-freer.o)
 .debug_abbrev  0x0000000000004e43      0x24a /home/robert/Desktop/Projektwoche/stm/STM32-Toolchain/arm-none-eabi/lib/gcc/arm-none-eabi/4.8.0/../../../../arm-none-eabi/lib/thumb/cortex-m4/float-abi-hard/fpuv4-sp-d16/libc.a(lib_a-fvwrite.o)
 .debug_abbrev  0x000000000000508d      0x1d1 /home/robert/Desktop/Projektwoche/stm/STM32-Toolchain/arm-none-eabi/lib/gcc/arm-none-eabi/4.8.0/../../../../arm-none-eabi/lib/thumb/cortex-m4/float-abi-hard/fpuv4-sp-d16/libc.a(lib_a-fwalk.o)
 .debug_abbrev  0x000000000000525e      0x2a3 /home/robert/Desktop/Projektwoche/stm/STM32-Toolchain/arm-none-eabi/lib/gcc/arm-none-eabi/4.8.0/../../../../arm-none-eabi/lib/thumb/cortex-m4/float-abi-hard/fpuv4-sp-d16/libc.a(lib_a-locale.o)
 .debug_abbrev  0x0000000000005501      0x206 /home/robert/Desktop/Projektwoche/stm/STM32-Toolchain/arm-none-eabi/lib/gcc/arm-none-eabi/4.8.0/../../../../arm-none-eabi/lib/thumb/cortex-m4/float-abi-hard/fpuv4-sp-d16/libc.a(lib_a-makebuf.o)
 .debug_abbrev  0x0000000000005707       0xba /home/robert/Desktop/Projektwoche/stm/STM32-Toolchain/arm-none-eabi/lib/gcc/arm-none-eabi/4.8.0/../../../../arm-none-eabi/lib/thumb/cortex-m4/float-abi-hard/fpuv4-sp-d16/libc.a(lib_a-memchr-stub.o)
 .debug_abbrev  0x00000000000057c1       0xab /home/robert/Desktop/Projektwoche/stm/STM32-Toolchain/arm-none-eabi/lib/gcc/arm-none-eabi/4.8.0/../../../../arm-none-eabi/lib/thumb/cortex-m4/float-abi-hard/fpuv4-sp-d16/libc.a(lib_a-memmove.o)
 .debug_abbrev  0x000000000000586c      0x38a /home/robert/Desktop/Projektwoche/stm/STM32-Toolchain/arm-none-eabi/lib/gcc/arm-none-eabi/4.8.0/../../../../arm-none-eabi/lib/thumb/cortex-m4/float-abi-hard/fpuv4-sp-d16/libc.a(lib_a-mprec.o)
 .debug_abbrev  0x0000000000005bf6      0x26b /home/robert/Desktop/Projektwoche/stm/STM32-Toolchain/arm-none-eabi/lib/gcc/arm-none-eabi/4.8.0/../../../../arm-none-eabi/lib/thumb/cortex-m4/float-abi-hard/fpuv4-sp-d16/libc.a(lib_a-reallocr.o)
 .debug_abbrev  0x0000000000005e61      0x27b /home/robert/Desktop/Projektwoche/stm/STM32-Toolchain/arm-none-eabi/lib/gcc/arm-none-eabi/4.8.0/../../../../arm-none-eabi/lib/thumb/cortex-m4/float-abi-hard/fpuv4-sp-d16/libc.a(lib_a-reent.o)
 .debug_abbrev  0x00000000000060dc       0xca /home/robert/Desktop/Projektwoche/stm/STM32-Toolchain/arm-none-eabi/lib/gcc/arm-none-eabi/4.8.0/../../../../arm-none-eabi/lib/thumb/cortex-m4/float-abi-hard/fpuv4-sp-d16/libc.a(lib_a-s_fpclassify.o)
 .debug_abbrev  0x00000000000061a6      0x246 /home/robert/Desktop/Projektwoche/stm/STM32-Toolchain/arm-none-eabi/lib/gcc/arm-none-eabi/4.8.0/../../../../arm-none-eabi/lib/thumb/cortex-m4/float-abi-hard/fpuv4-sp-d16/libc.a(lib_a-stdio.o)
 .debug_abbrev  0x00000000000063ec       0x14 /home/robert/Desktop/Projektwoche/stm/STM32-Toolchain/arm-none-eabi/lib/gcc/arm-none-eabi/4.8.0/../../../../arm-none-eabi/lib/thumb/cortex-m4/float-abi-hard/fpuv4-sp-d16/libc.a(lib_a-strcmp.o)
 .debug_abbrev  0x0000000000006400      0x3ad /home/robert/Desktop/Projektwoche/stm/STM32-Toolchain/arm-none-eabi/lib/gcc/arm-none-eabi/4.8.0/../../../../arm-none-eabi/lib/thumb/cortex-m4/float-abi-hard/fpuv4-sp-d16/libc.a(lib_a-vfiprintf.o)