Archive member included because of file (symbol)

/home/robert/Desktop/Projektwoche/stm/U23_2013_examples/libs/libCMSIS/obj/libCMSIS.a(system_stm32f4xx.o)
                              (--whole-archive)
/home/robert/Desktop/Projektwoche/stm/U23_2013_examples/libs/libCMSIS/obj/libCMSIS.a(startup_stm32f4xx.o)
                              (--whole-archive)
/home/robert/Desktop/Projektwoche/stm/U23_2013_examples/libs/libstm32f4xx/obj/libstm32f4xx.a(misc.o)
                              (--whole-archive)
/home/robert/Desktop/Projektwoche/stm/U23_2013_examples/libs/libstm32f4xx/obj/libstm32f4xx.a(stm32f4xx_cryp_aes.o)
                              (--whole-archive)
/home/robert/Desktop/Projektwoche/stm/U23_2013_examples/libs/libstm32f4xx/obj/libstm32f4xx.a(stm32f4xx_dac.o)
                              (--whole-archive)
/home/robert/Desktop/Projektwoche/stm/U23_2013_examples/libs/libstm32f4xx/obj/libstm32f4xx.a(stm32f4xx_exti.o)
                              (--whole-archive)
/home/robert/Desktop/Projektwoche/stm/U23_2013_examples/libs/libstm32f4xx/obj/libstm32f4xx.a(stm32f4xx_hash.o)
                              (--whole-archive)
/home/robert/Desktop/Projektwoche/stm/U23_2013_examples/libs/libstm32f4xx/obj/libstm32f4xx.a(stm32f4xx_iwdg.o)
                              (--whole-archive)
/home/robert/Desktop/Projektwoche/stm/U23_2013_examples/libs/libstm32f4xx/obj/libstm32f4xx.a(stm32f4xx_rtc.o)
                              (--whole-archive)
/home/robert/Desktop/Projektwoche/stm/U23_2013_examples/libs/libstm32f4xx/obj/libstm32f4xx.a(stm32f4xx_tim.o)
                              (--whole-archive)
/home/robert/Desktop/Projektwoche/stm/U23_2013_examples/libs/libstm32f4xx/obj/libstm32f4xx.a(stm32f4xx_adc.o)
                              (--whole-archive)
/home/robert/Desktop/Projektwoche/stm/U23_2013_examples/libs/libstm32f4xx/obj/libstm32f4xx.a(stm32f4xx_cryp.o)
                              (--whole-archive)
/home/robert/Desktop/Projektwoche/stm/U23_2013_examples/libs/libstm32f4xx/obj/libstm32f4xx.a(stm32f4xx_dbgmcu.o)
                              (--whole-archive)
/home/robert/Desktop/Projektwoche/stm/U23_2013_examples/libs/libstm32f4xx/obj/libstm32f4xx.a(stm32f4xx_flash.o)
                              (--whole-archive)
/home/robert/Desktop/Projektwoche/stm/U23_2013_examples/libs/libstm32f4xx/obj/libstm32f4xx.a(stm32f4xx_hash_md5.o)
                              (--whole-archive)
/home/robert/Desktop/Projektwoche/stm/U23_2013_examples/libs/libstm32f4xx/obj/libstm32f4xx.a(stm32f4xx_pwr.o)
                              (--whole-archive)
/home/robert/Desktop/Projektwoche/stm/U23_2013_examples/libs/libstm32f4xx/obj/libstm32f4xx.a(stm32f4xx_sdio.o)
                              (--whole-archive)
/home/robert/Desktop/Projektwoche/stm/U23_2013_examples/libs/libstm32f4xx/obj/libstm32f4xx.a(stm32f4xx_usart.o)
                              (--whole-archive)
/home/robert/Desktop/Projektwoche/stm/U23_2013_examples/libs/libstm32f4xx/obj/libstm32f4xx.a(stm32f4xx_can.o)
                              (--whole-archive)
/home/robert/Desktop/Projektwoche/stm/U23_2013_examples/libs/libstm32f4xx/obj/libstm32f4xx.a(stm32f4xx_cryp_des.o)
                              (--whole-archive)
/home/robert/Desktop/Projektwoche/stm/U23_2013_examples/libs/libstm32f4xx/obj/libstm32f4xx.a(stm32f4xx_dcmi.o)
                              (--whole-archive)
/home/robert/Desktop/Projektwoche/stm/U23_2013_examples/libs/libstm32f4xx/obj/libstm32f4xx.a(stm32f4xx_fsmc.o)
                              (--whole-archive)
/home/robert/Desktop/Projektwoche/stm/U23_2013_examples/libs/libstm32f4xx/obj/libstm32f4xx.a(stm32f4xx_hash_sha1.o)
                              (--whole-archive)
/home/robert/Desktop/Projektwoche/stm/U23_2013_examples/libs/libstm32f4xx/obj/libstm32f4xx.a(stm32f4xx_rcc.o)
                              (--whole-archive)
/home/robert/Desktop/Projektwoche/stm/U23_2013_examples/libs/libstm32f4xx/obj/libstm32f4xx.a(stm32f4xx_spi.o)
                              (--whole-archive)
/home/robert/Desktop/Projektwoche/stm/U23_2013_examples/libs/libstm32f4xx/obj/libstm32f4xx.a(stm32f4xx_wwdg.o)
                              (--whole-archive)
/home/robert/Desktop/Projektwoche/stm/U23_2013_examples/libs/libstm32f4xx/obj/libstm32f4xx.a(stm32f4xx_crc.o)
                              (--whole-archive)
/home/robert/Desktop/Projektwoche/stm/U23_2013_examples/libs/libstm32f4xx/obj/libstm32f4xx.a(stm32f4xx_cryp_tdes.o)
                              (--whole-archive)
/home/robert/Desktop/Projektwoche/stm/U23_2013_examples/libs/libstm32f4xx/obj/libstm32f4xx.a(stm32f4xx_dma.o)
                              (--whole-archive)
/home/robert/Desktop/Projektwoche/stm/U23_2013_examples/libs/libstm32f4xx/obj/libstm32f4xx.a(stm32f4xx_gpio.o)
                              (--whole-archive)
/home/robert/Desktop/Projektwoche/stm/U23_2013_examples/libs/libstm32f4xx/obj/libstm32f4xx.a(stm32f4xx_i2c.o)
                              (--whole-archive)
[...]
Memory Configuration

Name             Origin             Length             Attributes
flash            0x0000000008000000 0x0000000000100000 xr
ccmram           0x0000000010000000 0x0000000000010000 xrw
sram             0x0000000020000000 0x0000000000020000 xrw
*default*        0x0000000000000000 0xffffffffffffffff

Linker script and memory map

LOAD /home/robert/Desktop/Projektwoche/stm/STM32-Toolchain/arm-none-eabi/lib/gcc/arm-none-eabi/4.8.0/../../../../arm-none-eabi/lib/thumb/cortex-m4/float-abi-hard/fpuv4-sp-d16/libm.a
                0x0000000008000000                . = ORIGIN (flash)

.text           0x0000000008000000     0x8f40
 *(.vectors)
 .vectors       0x0000000008000000      0x188 /home/robert/Desktop/Projektwoche/stm/U23_2013_examples/libs/libCMSIS/obj/libCMSIS.a(startup_stm32f4xx.o)
                0x0000000008000000                InterruptVectors
 *(.text*)
 .text.DelayMS  0x0000000008000188       0x40 /home/robert/Desktop/Projektwoche/stm/U23_2013_examples/stm_projects/AsuroControl/obj/SSD1289.o
 .text.SSD1289_Configuration
                0x00000000080001c8       0x6c /home/robert/Desktop/Projektwoche/stm/U23_2013_examples/stm_projects/AsuroControl/obj/SSD1289.o
 .text.SSD1289_WriteIndex
                0x0000000008000234       0x5c /home/robert/Desktop/Projektwoche/stm/U23_2013_examples/stm_projects/AsuroControl/obj/SSD1289.o
                0x0000000008000234                SSD1289_WriteIndex
 .text.SSD1289_WriteData
                0x0000000008000290       0x4c /home/robert/Desktop/Projektwoche/stm/U23_2013_examples/stm_projects/AsuroControl/obj/SSD1289.o
                0x0000000008000290                SSD1289_WriteData
 .text.SSD1289_WriteReg
                0x00000000080002dc       0x44 /home/robert/Desktop/Projektwoche/stm/U23_2013_examples/stm_projects/AsuroControl/obj/SSD1289.o
                0x00000000080002dc                SSD1289_WriteReg
 .text.SSD1289_SetCursor
                0x0000000008000320       0x50 /home/robert/Desktop/Projektwoche/stm/U23_2013_examples/stm_projects/AsuroControl/obj/SSD1289.o
                0x0000000008000320                SSD1289_SetCursor
 .text.SSD1289_Init
                0x0000000008000370      0x1c0 /home/robert/Desktop/Projektwoche/stm/U23_2013_examples/stm_projects/AsuroControl/obj/SSD1289.o
                0x0000000008000370                SSD1289_Init
 .text.SSD1289_Clear
                0x0000000008000530       0x60 /home/robert/Desktop/Projektwoche/stm/U23_2013_examples/stm_projects/AsuroControl/obj/SSD1289.o
                0x0000000008000530                SSD1289_Clear
 .text.XPT2046_Init
                0x0000000008000590      0x120 /home/robert/Desktop/Projektwoche/stm/U23_2013_examples/stm_projects/AsuroControl/obj/XPT2046.o
                0x0000000008000590                XPT2046_Init
 .text.set_CS   0x00000000080006b0       0x18 /home/robert/Desktop/Projektwoche/stm/U23_2013_examples/stm_projects/AsuroControl/obj/XPT2046.o
 .text.SetLEDs  0x00000000080006c8       0x40 /home/robert/Desktop/Projektwoche/stm/U23_2013_examples/stm_projects/AsuroControl/obj/LCD.o
 .text.DelayMS  0x0000000008000708       0x38 /home/robert/Desktop/Projektwoche/stm/U23_2013_examples/stm_projects/AsuroControl/obj/LCD.o
 .text.lcd_initLCD
                0x0000000008000740       0x30 /home/robert/Desktop/Projektwoche/stm/U23_2013_examples/stm_projects/AsuroControl/obj/LCD.o
                0x0000000008000740                lcd_initLCD
 .text.NVIC_SetPriority
                0x0000000008000770       0x58 /home/robert/Desktop/Projektwoche/stm/U23_2013_examples/stm_projects/AsuroControl/obj/main.o
 .text.SysTick_Config
                0x00000000080007c8       0x54 /home/robert/Desktop/Projektwoche/stm/U23_2013_examples/stm_projects/AsuroControl/obj/main.o
 .text.DelayMS  0x000000000800081c       0x40 /home/robert/Desktop/Projektwoche/stm/U23_2013_examples/stm_projects/AsuroControl/obj/main.o
 .text.deserialize
                0x000000000800085c       0x64 /home/robert/Desktop/Projektwoche/stm/U23_2013_examples/stm_projects/AsuroControl/obj/main.o
                0x000000000800085c                deserialize
 .text.receiveProtocol1
                0x00000000080008c0      0x208 /home/robert/Desktop/Projektwoche/stm/U23_2013_examples/stm_projects/AsuroControl/obj/main.o
                0x00000000080008c0                receiveProtocol1
 .text.receiveRF
                0x0000000008000ac8      0x15c /home/robert/Desktop/Projektwoche/stm/U23_2013_examples/stm_projects/AsuroControl/obj/main.o
                0x0000000008000ac8                receiveRF
 .text.EXTI0_IRQHandler
                0x0000000008000c24        0xc /home/robert/Desktop/Projektwoche/stm/U23_2013_examples/stm_projects/AsuroControl/obj/main.o
                0x0000000008000c24                EXTI0_IRQHandler
 .text.main     0x0000000008000c30       0xf4 /home/robert/Desktop/Projektwoche/stm/U23_2013_examples/stm_projects/AsuroControl/obj/main.o
                0x0000000008000c30                main
 .text.SystemInit
                0x0000000008000d24       0xac /home/robert/Desktop/Projektwoche/stm/U23_2013_examples/libs/libCMSIS/obj/libCMSIS.a(system_stm32f4xx.o)
                0x0000000008000d24                SystemInit
 .text.SetSysClock
                0x0000000008000dd0      0x1d4 /home/robert/Desktop/Projektwoche/stm/U23_2013_examples/libs/libCMSIS/obj/libCMSIS.a(system_stm32f4xx.o)
 .text.Reset_Handler
                0x0000000008000fa4       0x90 /home/robert/Desktop/Projektwoche/stm/U23_2013_examples/libs/libCMSIS/obj/libCMSIS.a(startup_stm32f4xx.o)
                0x0000000008000fa4                Reset_Handler
 .text.Default_Handler
                0x0000000008001034        0x4 /home/robert/Desktop/Projektwoche/stm/U23_2013_examples/libs/libCMSIS/obj/libCMSIS.a(startup_stm32f4xx.o)
                0x0000000008001034                RTC_Alarm_IRQHandler
                0x0000000008001034                HASH_RNG_IRQHandler
                0x0000000008001034                EXTI2_IRQHandler
                0x0000000008001034                TIM8_CC_IRQHandler
                0x0000000008001034                SVCall_Handler
                0x0000000008001034                DebugMon_Handler
                0x0000000008001034                TIM1_CC_IRQHandler
                0x0000000008001034                DMA2_Stream5_IRQHandler
                0x0000000008001034                HardFault_Handler
                0x0000000008001034                DMA1_Stream5_IRQHandler
                0x0000000008001034                PVD_IRQHandler
                0x0000000008001034                SDIO_IRQHandler
                0x0000000008001034                TAMP_STAMP_IRQHandler
                0x0000000008001034                PendSV_Handler
                0x0000000008001034                NMI_Handler
                0x0000000008001034                CAN2_RX1_IRQHandler
                0x0000000008001034                EXTI3_IRQHandler
                0x0000000008001034                TIM8_TRG_COM_TIM14_IRQHandler
                0x0000000008001034                TIM1_UP_TIM10_IRQHandler
                0x0000000008001034                TIM8_UP_TIM13_IRQHandler
                0x0000000008001034                I2C3_ER_IRQHandler
                0x0000000008001034                I2C2_EV_IRQHandler
                0x0000000008001034                DMA1_Stream2_IRQHandler
                0x0000000008001034                CAN1_RX0_IRQHandler
                0x0000000008001034                FPU_IRQHandler
                0x0000000008001034                OTG_HS_WKUP_IRQHandler
                0x0000000008001034                UsageFault_Handler
                0x0000000008001034                CAN2_SCE_IRQHandler
                0x0000000008001034                DMA2_Stream2_IRQHandler
                0x0000000008001034                SPI1_IRQHandler
                0x0000000008001034                TIM6_DAC_IRQHandler
                0x0000000008001034                TIM1_BRK_TIM9_IRQHandler
                0x0000000008001034                DCMI_IRQHandler
                0x0000000008001034                CAN2_RX0_IRQHandler
                0x0000000008001034                DMA2_Stream3_IRQHandler
                0x0000000008001034                USART6_IRQHandler
                0x0000000008001034                USART3_IRQHandler
                0x0000000008001034                CRYP_IRQHandler
                0x0000000008001034                CAN1_RX1_IRQHandler
                0x0000000008001034                UART5_IRQHandler
                0x0000000008001034                DMA2_Stream0_IRQHandler
                0x0000000008001034                TIM4_IRQHandler
                0x0000000008001034                I2C1_EV_IRQHandler
                0x0000000008001034                DMA1_Stream6_IRQHandler
                0x0000000008001034                DMA1_Stream1_IRQHandler
                0x0000000008001034                UART4_IRQHandler
                0x0000000008001034                TIM3_IRQHandler
                0x0000000008001034                RCC_IRQHandler
                0x0000000008001034                TIM8_BRK_TIM12_IRQHandler
                0x0000000008001034                Default_Handler
                0x0000000008001034                EXTI15_10_IRQHandler
                0x0000000008001034                ADC_IRQHandler
                0x0000000008001034                CAN2_TX_IRQHandler
                0x0000000008001034                TIM5_IRQHandler
                0x0000000008001034                DMA2_Stream7_IRQHandler
                0x0000000008001034                I2C3_EV_IRQHandler
                0x0000000008001034                EXTI9_5_IRQHandler
                0x0000000008001034                RTC_WKUP_IRQHandler
                0x0000000008001034                ETH_WKUP_IRQHandler
                0x0000000008001034                OTG_HS_EP1_IN_IRQHandler
                0x0000000008001034                MemManage_Handler
                0x0000000008001034                DMA1_Stream0_IRQHandler
                0x0000000008001034                CAN1_TX_IRQHandler
                0x0000000008001034                EXTI4_IRQHandler
                0x0000000008001034                FSMC_IRQHandler
                0x0000000008001034                ETH_IRQHandler
                0x0000000008001034                OTG_HS_EP1_OUT_IRQHandler
                0x0000000008001034                WWDG_IRQHandler
                0x0000000008001034                TIM2_IRQHandler
                0x0000000008001034                OTG_FS_WKUP_IRQHandler
                0x0000000008001034                TIM1_TRG_COM_TIM11_IRQHandler
                0x0000000008001034                OTG_HS_IRQHandler
                0x0000000008001034                EXTI1_IRQHandler
                0x0000000008001034                USART2_IRQHandler
                0x0000000008001034                I2C2_ER_IRQHandler
                0x0000000008001034                DMA2_Stream1_IRQHandler
                0x0000000008001034                CAN1_SCE_IRQHandler
                0x0000000008001034                FLASH_IRQHandler
                0x0000000008001034                DMA2_Stream4_IRQHandler
                0x0000000008001034                BusFault_Handler
                0x0000000008001034                USART1_IRQHandler
                0x0000000008001034                OTG_FS_IRQHandler
                0x0000000008001034                SPI3_IRQHandler
                0x0000000008001034                DMA1_Stream4_IRQHandler
                0x0000000008001034                I2C1_ER_IRQHandler
                0x0000000008001034                DMA2_Stream6_IRQHandler
                0x0000000008001034                DMA1_Stream3_IRQHandler
 .text.NVIC_PriorityGroupConfig
                0x0000000008001038       0x28 /home/robert/Desktop/Projektwoche/stm/U23_2013_examples/libs/libstm32f4xx/obj/libstm32f4xx.a(misc.o)
                0x0000000008001038                NVIC_PriorityGroupConfig
 .text.NVIC_Init
                0x0000000008001060       0xcc /home/robert/Desktop/Projektwoche/stm/U23_2013_examples/libs/libstm32f4xx/obj/libstm32f4xx.a(misc.o)
                0x0000000008001060                NVIC_Init
 .text.EXTI_ClearITPendingBit
                0x000000000800112c       0x20 /home/robert/Desktop/Projektwoche/stm/U23_2013_examples/libs/libstm32f4xx/obj/libstm32f4xx.a(stm32f4xx_exti.o)
                0x000000000800112c                EXTI_ClearITPendingBit
 .text.TIM_GetITStatus
                0x000000000800114c       0x54 /home/robert/Desktop/Projektwoche/stm/U23_2013_examples/libs/libstm32f4xx/obj/libstm32f4xx.a(stm32f4xx_tim.o)
                0x000000000800114c                TIM_GetITStatus
 .text.TIM_ClearITPendingBit
                0x00000000080011a0       0x20 /home/robert/Desktop/Projektwoche/stm/U23_2013_examples/libs/libstm32f4xx/obj/libstm32f4xx.a(stm32f4xx_tim.o)
                0x00000000080011a0                TIM_ClearITPendingBit
 .text.USART_Init
                0x00000000080011c0      0x188 /home/robert/Desktop/Projektwoche/stm/U23_2013_examples/libs/libstm32f4xx/obj/libstm32f4xx.a(stm32f4xx_usart.o)
                0x00000000080011c0                USART_Init
 .text.USART_ClockInit
                0x0000000008001348       0x54 /home/robert/Desktop/Projektwoche/stm/U23_2013_examples/libs/libstm32f4xx/obj/libstm32f4xx.a(stm32f4xx_usart.o)
                0x0000000008001348                USART_ClockInit
 .text.USART_ClockStructInit
                0x000000000800139c       0x2c /home/robert/Desktop/Projektwoche/stm/U23_2013_examples/libs/libstm32f4xx/obj/libstm32f4xx.a(stm32f4xx_usart.o)
                0x000000000800139c                USART_ClockStructInit
 .text.USART_Cmd
                0x00000000080013c8       0x40 /home/robert/Desktop/Projektwoche/stm/U23_2013_examples/libs/libstm32f4xx/obj/libstm32f4xx.a(stm32f4xx_usart.o)
                0x00000000080013c8                USART_Cmd
 .text.USART_SendData
                0x0000000008001408       0x24 /home/robert/Desktop/Projektwoche/stm/U23_2013_examples/libs/libstm32f4xx/obj/libstm32f4xx.a(stm32f4xx_usart.o)
                0x0000000008001408                USART_SendData
 .text.USART_GetFlagStatus
                0x000000000800142c       0x38 /home/robert/Desktop/Projektwoche/stm/U23_2013_examples/libs/libstm32f4xx/obj/libstm32f4xx.a(stm32f4xx_usart.o)
                0x000000000800142c                USART_GetFlagStatus
 .text.RCC_GetClocksFreq
                0x0000000008001464      0x1a8 /home/robert/Desktop/Projektwoche/stm/U23_2013_examples/libs/libstm32f4xx/obj/libstm32f4xx.a(stm32f4xx_rcc.o)
                0x0000000008001464                RCC_GetClocksFreq
 .text.RCC_AHB1PeriphClockCmd
                0x000000000800160c       0x50 /home/robert/Desktop/Projektwoche/stm/U23_2013_examples/libs/libstm32f4xx/obj/libstm32f4xx.a(stm32f4xx_rcc.o)
                0x000000000800160c                RCC_AHB1PeriphClockCmd
 .text.RCC_AHB2PeriphClockCmd
                0x000000000800165c       0x50 /home/robert/Desktop/Projektwoche/stm/U23_2013_examples/libs/libstm32f4xx/obj/libstm32f4xx.a(stm32f4xx_rcc.o)
                0x000000000800165c                RCC_AHB2PeriphClockCmd
 .text.RCC_APB1PeriphClockCmd
                0x00000000080016ac       0x50 /home/robert/Desktop/Projektwoche/stm/U23_2013_examples/libs/libstm32f4xx/obj/libstm32f4xx.a(stm32f4xx_rcc.o)
                0x00000000080016ac                RCC_APB1PeriphClockCmd
 .text.RCC_APB2PeriphClockCmd
                0x00000000080016fc       0x50 /home/robert/Desktop/Projektwoche/stm/U23_2013_examples/libs/libstm32f4xx/obj/libstm32f4xx.a(stm32f4xx_rcc.o)
                0x00000000080016fc                RCC_APB2PeriphClockCmd
 .text.SPI_Init
                0x000000000800174c       0x88 /home/robert/Desktop/Projektwoche/stm/U23_2013_examples/libs/libstm32f4xx/obj/libstm32f4xx.a(stm32f4xx_spi.o)
                0x000000000800174c                SPI_Init
 .text.SPI_Cmd  0x00000000080017d4       0x40 /home/robert/Desktop/Projektwoche/stm/U23_2013_examples/libs/libstm32f4xx/obj/libstm32f4xx.a(stm32f4xx_spi.o)
                0x00000000080017d4                SPI_Cmd
 .text.SPI_I2S_ReceiveData
                0x0000000008001814       0x1c /home/robert/Desktop/Projektwoche/stm/U23_2013_examples/libs/libstm32f4xx/obj/libstm32f4xx.a(stm32f4xx_spi.o)
                0x0000000008001814                SPI_I2S_ReceiveData
 .text.SPI_I2S_SendData
                0x0000000008001830       0x1c /home/robert/Desktop/Projektwoche/stm/U23_2013_examples/libs/libstm32f4xx/obj/libstm32f4xx.a(stm32f4xx_spi.o)
                0x0000000008001830                SPI_I2S_SendData
 .text.SPI_I2S_ITConfig
                0x000000000800184c       0x60 /home/robert/Desktop/Projektwoche/stm/U23_2013_examples/libs/libstm32f4xx/obj/libstm32f4xx.a(stm32f4xx_spi.o)
                0x000000000800184c                SPI_I2S_ITConfig
 .text.SPI_I2S_GetFlagStatus
                0x00000000080018ac       0x38 /home/robert/Desktop/Projektwoche/stm/U23_2013_examples/libs/libstm32f4xx/obj/libstm32f4xx.a(stm32f4xx_spi.o)
                0x00000000080018ac                SPI_I2S_GetFlagStatus
 .text.DMA_Init
                0x00000000080018e4       0xb0 /home/robert/Desktop/Projektwoche/stm/U23_2013_examples/libs/libstm32f4xx/obj/libstm32f4xx.a(stm32f4xx_dma.o)
                0x00000000080018e4                DMA_Init
 .text.DMA_Cmd  0x0000000008001994       0x38 /home/robert/Desktop/Projektwoche/stm/U23_2013_examples/libs/libstm32f4xx/obj/libstm32f4xx.a(stm32f4xx_dma.o)
                0x0000000008001994                DMA_Cmd
 .text.DMA_ClearFlag
                0x00000000080019cc       0x60 /home/robert/Desktop/Projektwoche/stm/U23_2013_examples/libs/libstm32f4xx/obj/libstm32f4xx.a(stm32f4xx_dma.o)
                0x00000000080019cc                DMA_ClearFlag
 .text.GPIO_Init
                0x0000000008001a2c      0x11c /home/robert/Desktop/Projektwoche/stm/U23_2013_examples/libs/libstm32f4xx/obj/libstm32f4xx.a(stm32f4xx_gpio.o)
                0x0000000008001a2c                GPIO_Init
 .text.GPIO_ReadInputDataBit
                0x0000000008001b48       0x34 /home/robert/Desktop/Projektwoche/stm/U23_2013_examples/libs/libstm32f4xx/obj/libstm32f4xx.a(stm32f4xx_gpio.o)
                0x0000000008001b48                GPIO_ReadInputDataBit
 .text.GPIO_SetBits
                0x0000000008001b7c       0x1c /home/robert/Desktop/Projektwoche/stm/U23_2013_examples/libs/libstm32f4xx/obj/libstm32f4xx.a(stm32f4xx_gpio.o)
                0x0000000008001b7c                GPIO_SetBits
 .text.GPIO_ResetBits
                0x0000000008001b98       0x1c /home/robert/Desktop/Projektwoche/stm/U23_2013_examples/libs/libstm32f4xx/obj/libstm32f4xx.a(stm32f4xx_gpio.o)
                0x0000000008001b98                GPIO_ResetBits
 .text.GPIO_PinAFConfig
                0x0000000008001bb4       0x8c /home/robert/Desktop/Projektwoche/stm/U23_2013_examples/libs/libstm32f4xx/obj/libstm32f4xx.a(stm32f4xx_gpio.o)
                0x0000000008001bb4                GPIO_PinAFConfig
 .text.RNG_Cmd  0x0000000008001c40       0x4c /home/robert/Desktop/Projektwoche/stm/U23_2013_examples/libs/libstm32f4xx/obj/libstm32f4xx.a(stm32f4xx_rng.o)
                0x0000000008001c40                RNG_Cmd
 .text.RNG_ITConfig
                0x0000000008001c8c       0x4c /home/robert/Desktop/Projektwoche/stm/U23_2013_examples/libs/libstm32f4xx/obj/libstm32f4xx.a(stm32f4xx_rng.o)
                0x0000000008001c8c                RNG_ITConfig
 .text.TIM7_IRQHandler
                0x0000000008001cd8       0x40 /home/robert/Desktop/Projektwoche/stm/U23_2013_examples/libs/libstm32f4xx/obj/libstm32f4xx.a(stm32_ub_onewire.o)
                0x0000000008001cd8                TIM7_IRQHandler
 .text._fstat   0x0000000008001d18       0x3c /home/robert/Desktop/Projektwoche/stm/U23_2013_examples/libs/libsystem/obj/libsystem.a(NewlibSyscalls.o)
                0x0000000008001d18                _fstat
 .text._lseek   0x0000000008001d54       0x38 /home/robert/Desktop/Projektwoche/stm/U23_2013_examples/libs/libsystem/obj/libsystem.a(NewlibSyscalls.o)
                0x0000000008001d54                _lseek
 .text._read    0x0000000008001d8c       0x38 /home/robert/Desktop/Projektwoche/stm/U23_2013_examples/libs/libsystem/obj/libsystem.a(NewlibSyscalls.o)
                0x0000000008001d8c                _read
 .text._close   0x0000000008001dc4       0x30 /home/robert/Desktop/Projektwoche/stm/U23_2013_examples/libs/libsystem/obj/libsystem.a(NewlibSyscalls.o)
                0x0000000008001dc4                _close
 .text._isatty_r
                0x0000000008001df4       0x30 /home/robert/Desktop/Projektwoche/stm/U23_2013_examples/libs/libsystem/obj/libsystem.a(NewlibSyscalls.o)
                0x0000000008001df4                _isatty_r
 .text._write   0x0000000008001e24       0x68 /home/robert/Desktop/Projektwoche/stm/U23_2013_examples/libs/libsystem/obj/libsystem.a(NewlibSyscalls.o)
                0x0000000008001e24                _write
 .text._sbrk    0x0000000008001e8c       0x98 /home/robert/Desktop/Projektwoche/stm/U23_2013_examples/libs/libsystem/obj/libsystem.a(NewlibSyscalls.o)
                0x0000000008001e8c                _sbrk
 .text._file_fstat
                0x0000000008001f24       0x38 /home/robert/Desktop/Projektwoche/stm/U23_2013_examples/libs/libsystem/obj/libsystem.a(NewlibSyscalls.o)
                0x0000000008001f24                _file_fstat
 .text._file_write
                0x0000000008001f5c       0x38 /home/robert/Desktop/Projektwoche/stm/U23_2013_examples/libs/libsystem/obj/libsystem.a(NewlibSyscalls.o)
                0x0000000008001f5c                _file_write
 .text._file_read
                0x0000000008001f94       0x38 /home/robert/Desktop/Projektwoche/stm/U23_2013_examples/libs/libsystem/obj/libsystem.a(NewlibSyscalls.o)
                0x0000000008001f94                _file_read
 .text._file_lseek
                0x0000000008001fcc       0x38 /home/robert/Desktop/Projektwoche/stm/U23_2013_examples/libs/libsystem/obj/libsystem.a(NewlibSyscalls.o)
                0x0000000008001fcc                _file_lseek
 .text._file_close
                0x0000000008002004       0x34 /home/robert/Desktop/Projektwoche/stm/U23_2013_examples/libs/libsystem/obj/libsystem.a(NewlibSyscalls.o)
                0x0000000008002004                _file_close
 .text._file_isatty
                0x0000000008002038       0x34 /home/robert/Desktop/Projektwoche/stm/U23_2013_examples/libs/libsystem/obj/libsystem.a(NewlibSyscalls.o)
                0x0000000008002038                _file_isatty
 .text.SysTick_Handler
                0x000000000800206c       0x24 /home/robert/Desktop/Projektwoche/stm/U23_2013_examples/libs/libsystem/obj/libsystem.a(SysTick.o)
                0x000000000800206c                SysTick_Handler
 .text.ITM_SendChar
                0x0000000008002090       0x4c /home/robert/Desktop/Projektwoche/stm/U23_2013_examples/libs/libsystem/obj/libsystem.a(Debug.o)
 .text.EnableDebugOutput
                0x00000000080020dc       0x40 /home/robert/Desktop/Projektwoche/stm/U23_2013_examples/libs/libsystem/obj/libsystem.a(Debug.o)
                0x00000000080020dc                EnableDebugOutput
 .text.DebugPrintChar
                0x000000000800211c       0x40 /home/robert/Desktop/Projektwoche/stm/U23_2013_examples/libs/libsystem/obj/libsystem.a(Debug.o)
                0x000000000800211c                DebugPrintChar
 .text.MyUSART_Init
                0x000000000800215c       0xe0 /home/robert/Desktop/Projektwoche/stm/U23_2013_examples/libs/libsystem/obj/libsystem.a(USART.o)
                0x000000000800215c                MyUSART_Init
 .text.USART_SendChar
                0x000000000800223c       0x38 /home/robert/Desktop/Projektwoche/stm/U23_2013_examples/libs/libsystem/obj/libsystem.a(USART.o)
                0x000000000800223c                USART_SendChar
 .text.InitializeRandom
                0x0000000008002274       0x28 /home/robert/Desktop/Projektwoche/stm/U23_2013_examples/libs/libsystem/obj/libsystem.a(Random.o)
                0x0000000008002274                InitializeRandom
 .text.ProvideAudioBuffer
                0x000000000800229c       0x28 /home/robert/Desktop/Projektwoche/stm/U23_2013_examples/libs/libsystem/obj/libsystem.a(Audio.o)
 .text.ProvideAudioBufferWithoutBlocking
                0x00000000080022c4       0x84 /home/robert/Desktop/Projektwoche/stm/U23_2013_examples/libs/libsystem/obj/libsystem.a(Audio.o)
 .text.StartAudioDMAAndRequestBuffers
                0x0000000008002348      0x104 /home/robert/Desktop/Projektwoche/stm/U23_2013_examples/libs/libsystem/obj/libsystem.a(Audio.o)
 .text.DMA1_Stream7_IRQHandler
                0x000000000800244c       0x38 /home/robert/Desktop/Projektwoche/stm/U23_2013_examples/libs/libsystem/obj/libsystem.a(Audio.o)
                0x000000000800244c                DMA1_Stream7_IRQHandler
 .text.SPI2_IRQHandler
                0x0000000008002484      0x1a4 /home/robert/Desktop/Projektwoche/stm/U23_2013_examples/libs/libsystem/obj/libsystem.a(Spi.o)
                0x0000000008002484                SPI2_IRQHandler
 .text.InitializeLEDs
                0x0000000008002628       0x3c /home/robert/Desktop/Projektwoche/stm/U23_2013_examples/libs/libsystem/obj/libsystem.a(LED.o)
                0x0000000008002628                InitializeLEDs
 .text.NVIC_SetPriority
                0x0000000008002664       0x58 /home/robert/Desktop/Projektwoche/stm/U23_2013_examples/libs/libsystem/obj/libsystem.a(Init.o)
 .text.SysTick_Config
                0x00000000080026bc       0x54 /home/robert/Desktop/Projektwoche/stm/U23_2013_examples/libs/libsystem/obj/libsystem.a(Init.o)
 .text.InitializeSystem
                0x0000000008002710       0x34 /home/robert/Desktop/Projektwoche/stm/U23_2013_examples/libs/libsystem/obj/libsystem.a(Init.o)
                0x0000000008002710                InitializeSystem
 .text          0x0000000008002744      0x370 /home/robert/Desktop/Projektwoche/stm/STM32-Toolchain/arm-none-eabi/lib/gcc/arm-none-eabi/4.8.0/thumb/cortex-m4/float-abi-hard/fpuv4-sp-d16/libgcc.a(_arm_addsubdf3.o)
                0x0000000008002744                __aeabi_drsub
                0x000000000800274c                __aeabi_dsub
                0x000000000800274c                __subdf3
                0x0000000008002750                __adddf3
                0x0000000008002750                __aeabi_dadd
                0x00000000080029c8                __aeabi_ui2d
                0x00000000080029c8                __floatunsidf
                0x00000000080029e8                __floatsidf
                0x00000000080029e8                __aeabi_i2d
                0x0000000008002a0c                __extendsfdf2
                0x0000000008002a0c                __aeabi_f2d
                0x0000000008002a48                __aeabi_ul2d
                0x0000000008002a48                __floatundidf
                0x0000000008002a58                __floatdidf
                0x0000000008002a58                __aeabi_l2d
 .text          0x0000000008002ab4      0x424 /home/robert/Desktop/Projektwoche/stm/STM32-Toolchain/arm-none-eabi/lib/gcc/arm-none-eabi/4.8.0/thumb/cortex-m4/float-abi-hard/fpuv4-sp-d16/libgcc.a(_arm_muldivdf3.o)
                0x0000000008002ab4                __aeabi_dmul
                0x0000000008002ab4                __muldf3
                0x0000000008002d08                __aeabi_ddiv
                0x0000000008002d08                __divdf3
 .text          0x0000000008002ed8      0x110 /home/robert/Desktop/Projektwoche/stm/STM32-Toolchain/arm-none-eabi/lib/gcc/arm-none-eabi/4.8.0/thumb/cortex-m4/float-abi-hard/fpuv4-sp-d16/libgcc.a(_arm_cmpdf2.o)
                0x0000000008002ed8                __gtdf2
                0x0000000008002ed8                __gedf2
                0x0000000008002ee0                __ltdf2
                0x0000000008002ee0                __ledf2
                0x0000000008002ee8                __cmpdf2
                0x0000000008002ee8                __eqdf2
                0x0000000008002ee8                __nedf2
                0x0000000008002f64                __aeabi_cdrcmple
                0x0000000008002f74                __aeabi_cdcmple
                0x0000000008002f74                __aeabi_cdcmpeq
                0x0000000008002f84                __aeabi_dcmpeq
                0x0000000008002f98                __aeabi_dcmplt
                0x0000000008002fac                __aeabi_dcmple
                0x0000000008002fc0                __aeabi_dcmpge
                0x0000000008002fd4                __aeabi_dcmpgt
 .text          0x0000000008002fe8       0x40 /home/robert/Desktop/Projektwoche/stm/STM32-Toolchain/arm-none-eabi/lib/gcc/arm-none-eabi/4.8.0/thumb/cortex-m4/float-abi-hard/fpuv4-sp-d16/libgcc.a(_arm_fixunsdfsi.o)
                0x0000000008002fe8                __fixunsdfsi
                0x0000000008002fe8                __aeabi_d2uiz
 .text          0x0000000008003028        0xc /home/robert/Desktop/Projektwoche/stm/STM32-Toolchain/arm-none-eabi/lib/gcc/arm-none-eabi/4.8.0/../../../../arm-none-eabi/lib/thumb/cortex-m4/float-abi-hard/fpuv4-sp-d16/libc.a(lib_a-errno.o)
                0x0000000008003028                __errno
 .text          0x0000000008003034       0x4c /home/robert/Desktop/Projektwoche/stm/STM32-Toolchain/arm-none-eabi/lib/gcc/arm-none-eabi/4.8.0/../../../../arm-none-eabi/lib/thumb/cortex-m4/float-abi-hard/fpuv4-sp-d16/libc.a(lib_a-fprintf.o)
                0x0000000008003034                _fprintf_r
                0x0000000008003054                fprintf
 .text          0x0000000008003080       0x88 /home/robert/Desktop/Projektwoche/stm/STM32-Toolchain/arm-none-eabi/lib/gcc/arm-none-eabi/4.8.0/../../../../arm-none-eabi/lib/thumb/cortex-m4/float-abi-hard/fpuv4-sp-d16/libc.a(lib_a-fwrite.o)
                0x0000000008003080                _fwrite_r
                0x00000000080030e4                fwrite
 .text          0x0000000008003108       0x20 /home/robert/Desktop/Projektwoche/stm/STM32-Toolchain/arm-none-eabi/lib/gcc/arm-none-eabi/4.8.0/../../../../arm-none-eabi/lib/thumb/cortex-m4/float-abi-hard/fpuv4-sp-d16/libc.a(lib_a-malloc.o)
                0x0000000008003108                malloc
                0x0000000008003118                free
 .text          0x0000000008003128      0x554 /home/robert/Desktop/Projektwoche/stm/STM32-Toolchain/arm-none-eabi/lib/gcc/arm-none-eabi/4.8.0/../../../../arm-none-eabi/lib/thumb/cortex-m4/float-abi-hard/fpuv4-sp-d16/libc.a(lib_a-mallocr.o)
                0x0000000008003128                _malloc_r
 .text          0x000000000800367c       0x9c /home/robert/Desktop/Projektwoche/stm/STM32-Toolchain/arm-none-eabi/lib/gcc/arm-none-eabi/4.8.0/../../../../arm-none-eabi/lib/thumb/cortex-m4/float-abi-hard/fpuv4-sp-d16/libc.a(lib_a-memcpy-stub.o)
                0x000000000800367c                memcpy
 .text          0x0000000008003718       0x94 /home/robert/Desktop/Projektwoche/stm/STM32-Toolchain/arm-none-eabi/lib/gcc/arm-none-eabi/4.8.0/../../../../arm-none-eabi/lib/thumb/cortex-m4/float-abi-hard/fpuv4-sp-d16/libc.a(lib_a-memset.o)
                0x0000000008003718                memset
 .text          0x00000000080037ac        0x8 /home/robert/Desktop/Projektwoche/stm/STM32-Toolchain/arm-none-eabi/lib/gcc/arm-none-eabi/4.8.0/../../../../arm-none-eabi/lib/thumb/cortex-m4/float-abi-hard/fpuv4-sp-d16/libc.a(lib_a-mlock.o)
                0x00000000080037ac                __malloc_lock
                0x00000000080037b0                __malloc_unlock
 .text          0x00000000080037b4       0x48 /home/robert/Desktop/Projektwoche/stm/STM32-Toolchain/arm-none-eabi/lib/gcc/arm-none-eabi/4.8.0/../../../../arm-none-eabi/lib/thumb/cortex-m4/float-abi-hard/fpuv4-sp-d16/libc.a(lib_a-printf.o)
                0x00000000080037b4                _printf_r
                0x00000000080037d4                printf
 .text          0x00000000080037fc       0x28 /home/robert/Desktop/Projektwoche/stm/STM32-Toolchain/arm-none-eabi/lib/gcc/arm-none-eabi/4.8.0/../../../../arm-none-eabi/lib/thumb/cortex-m4/float-abi-hard/fpuv4-sp-d16/libc.a(lib_a-sbrkr.o)
                0x00000000080037fc                _sbrk_r
 .text          0x0000000008003824      0x11c /home/robert/Desktop/Projektwoche/stm/STM32-Toolchain/arm-none-eabi/lib/gcc/arm-none-eabi/4.8.0/../../../../arm-none-eabi/lib/thumb/cortex-m4/float-abi-hard/fpuv4-sp-d16/libc.a(lib_a-setvbuf.o)
                0x0000000008003824                setvbuf
 .text          0x0000000008003940       0x60 /home/robert/Desktop/Projektwoche/stm/STM32-Toolchain/arm-none-eabi/lib/gcc/arm-none-eabi/4.8.0/../../../../arm-none-eabi/lib/thumb/cortex-m4/float-abi-hard/fpuv4-sp-d16/libc.a(lib_a-strlen.o)
                0x0000000008003940                strlen
 .text          0x00000000080039a0     0x14cc /home/robert/Desktop/Projektwoche/stm/STM32-Toolchain/arm-none-eabi/lib/gcc/arm-none-eabi/4.8.0/../../../../arm-none-eabi/lib/thumb/cortex-m4/float-abi-hard/fpuv4-sp-d16/libc.a(lib_a-vfprintf.o)
                0x00000000080039a0                _vfprintf_r
                0x0000000008004dd8                vfprintf
 .text          0x0000000008004e6c       0xc8 /home/robert/Desktop/Projektwoche/stm/STM32-Toolchain/arm-none-eabi/lib/gcc/arm-none-eabi/4.8.0/../../../../arm-none-eabi/lib/thumb/cortex-m4/float-abi-hard/fpuv4-sp-d16/libc.a(lib_a-wsetup.o)
                0x0000000008004e6c                __swsetup_r
 *fill*         0x0000000008004f34        0x4 00
 .text          0x0000000008004f38     0x1080 /home/robert/Desktop/Projektwoche/stm/STM32-Toolchain/arm-none-eabi/lib/gcc/arm-none-eabi/4.8.0/../../../../arm-none-eabi/lib/thumb/cortex-m4/float-abi-hard/fpuv4-sp-d16/libc.a(lib_a-dtoa.o)
                0x0000000008005064                _dtoa_r
 .text          0x0000000008005fb8      0x1ac /home/robert/Desktop/Projektwoche/stm/STM32-Toolchain/arm-none-eabi/lib/gcc/arm-none-eabi/4.8.0/../../../../arm-none-eabi/lib/thumb/cortex-m4/float-abi-hard/fpuv4-sp-d16/libc.a(lib_a-fflush.o)
                0x0000000008005fb8                __sflush_r
                0x0000000008006110                _fflush_r
                0x000000000800613c                fflush
 .text          0x0000000008006164      0x21c /home/robert/Desktop/Projektwoche/stm/STM32-Toolchain/arm-none-eabi/lib/gcc/arm-none-eabi/4.8.0/../../../../arm-none-eabi/lib/thumb/cortex-m4/float-abi-hard/fpuv4-sp-d16/libc.a(lib_a-findfp.o)
                0x000000000800616c                _cleanup_r
                0x0000000008006178                __sfmoreglue
                0x00000000080061a4                _cleanup
                0x00000000080061bc                __sinit
                0x00000000080062b4                __sfp
                0x0000000008006340                __sfp_lock_acquire
                0x0000000008006344                __sfp_lock_release
                0x0000000008006348                __sinit_lock_acquire
                0x000000000800634c                __sinit_lock_release
                0x0000000008006350                __fp_lock_all
                0x0000000008006368                __fp_unlock_all
 .text          0x0000000008006380      0x240 /home/robert/Desktop/Projektwoche/stm/STM32-Toolchain/arm-none-eabi/lib/gcc/arm-none-eabi/4.8.0/../../../../arm-none-eabi/lib/thumb/cortex-m4/float-abi-hard/fpuv4-sp-d16/libc.a(lib_a-freer.o)
                0x0000000008006380                _malloc_trim_r
                0x0000000008006424                _free_r
 .text          0x00000000080065c0      0x2f4 /home/robert/Desktop/Projektwoche/stm/STM32-Toolchain/arm-none-eabi/lib/gcc/arm-none-eabi/4.8.0/../../../../arm-none-eabi/lib/thumb/cortex-m4/float-abi-hard/fpuv4-sp-d16/libc.a(lib_a-fvwrite.o)
                0x00000000080065c0                __sfvwrite_r
 .text          0x00000000080068b4       0x9c /home/robert/Desktop/Projektwoche/stm/STM32-Toolchain/arm-none-eabi/lib/gcc/arm-none-eabi/4.8.0/../../../../arm-none-eabi/lib/thumb/cortex-m4/float-abi-hard/fpuv4-sp-d16/libc.a(lib_a-fwalk.o)
                0x00000000080068b4                _fwalk
                0x0000000008006900                _fwalk_reent
 .text          0x0000000008006950       0x9c /home/robert/Desktop/Projektwoche/stm/STM32-Toolchain/arm-none-eabi/lib/gcc/arm-none-eabi/4.8.0/../../../../arm-none-eabi/lib/thumb/cortex-m4/float-abi-hard/fpuv4-sp-d16/libc.a(lib_a-locale.o)
                0x0000000008006950                _setlocale_r
                0x00000000080069a4                __locale_charset
                0x00000000080069b0                __locale_mb_cur_max
                0x00000000080069bc                __locale_msgcharset
                0x00000000080069c4                __locale_cjk_lang
                0x00000000080069c8                _localeconv_r
                0x00000000080069d0                setlocale
                0x00000000080069e4                localeconv
 .text          0x00000000080069ec       0xe4 /home/robert/Desktop/Projektwoche/stm/STM32-Toolchain/arm-none-eabi/lib/gcc/arm-none-eabi/4.8.0/../../../../arm-none-eabi/lib/thumb/cortex-m4/float-abi-hard/fpuv4-sp-d16/libc.a(lib_a-makebuf.o)
                0x00000000080069ec                __smakebuf_r
 .text          0x0000000008006ad0       0x90 /home/robert/Desktop/Projektwoche/stm/STM32-Toolchain/arm-none-eabi/lib/gcc/arm-none-eabi/4.8.0/../../../../arm-none-eabi/lib/thumb/cortex-m4/float-abi-hard/fpuv4-sp-d16/libc.a(lib_a-memchr-stub.o)
                0x0000000008006ad0                memchr
 .text          0x0000000008006b60       0xc4 /home/robert/Desktop/Projektwoche/stm/STM32-Toolchain/arm-none-eabi/lib/gcc/arm-none-eabi/4.8.0/../../../../arm-none-eabi/lib/thumb/cortex-m4/float-abi-hard/fpuv4-sp-d16/libc.a(lib_a-memmove.o)
                0x0000000008006b60                memmove
 .text          0x0000000008006c24      0x8f8 /home/robert/Desktop/Projektwoche/stm/STM32-Toolchain/arm-none-eabi/lib/gcc/arm-none-eabi/4.8.0/../../../../arm-none-eabi/lib/thumb/cortex-m4/float-abi-hard/fpuv4-sp-d16/libc.a(lib_a-mprec.o)
                0x0000000008006c24                _Balloc
                0x0000000008006c70                _Bfree
                0x0000000008006c84                __multadd
                0x0000000008006d1c                __s2b
                0x0000000008006db8                __hi0bits
                0x0000000008006df4                __lo0bits
                0x0000000008006e50                __i2b
                0x0000000008006e64                __multiply
                0x0000000008006fb8                __pow5mult
                0x0000000008007058                __lshift
                0x0000000008007114                __mcmp
                0x0000000008007158                __mdiff
                0x000000000800722c                __ulp
                0x000000000800727c                __b2d
                0x000000000800732c                __d2b
                0x00000000080073e0                __ratio
                0x0000000008007440                _mprec_log10
                0x0000000008007478                __copybits
                0x00000000080074c0                __any_on
 .text          0x000000000800751c      0x3e0 /home/robert/Desktop/Projektwoche/stm/STM32-Toolchain/arm-none-eabi/lib/gcc/arm-none-eabi/4.8.0/../../../../arm-none-eabi/lib/thumb/cortex-m4/float-abi-hard/fpuv4-sp-d16/libc.a(lib_a-reallocr.o)
                0x000000000800751c                _realloc_r
 .text          0x00000000080078fc       0x54 /home/robert/Desktop/Projektwoche/stm/STM32-Toolchain/arm-none-eabi/lib/gcc/arm-none-eabi/4.8.0/../../../../arm-none-eabi/lib/thumb/cortex-m4/float-abi-hard/fpuv4-sp-d16/libc.a(lib_a-s_fpclassify.o)
                0x00000000080078fc                __fpclassifyd
 .text          0x0000000008007950       0x88 /home/robert/Desktop/Projektwoche/stm/STM32-Toolchain/arm-none-eabi/lib/gcc/arm-none-eabi/4.8.0/../../../../arm-none-eabi/lib/thumb/cortex-m4/float-abi-hard/fpuv4-sp-d16/libc.a(lib_a-stdio.o)
                0x0000000008007950                __sread
                0x0000000008007974                __seofread
                0x0000000008007978                __swrite
                0x00000000080079b0                __sseek
                0x00000000080079d0                __sclose
 .text          0x00000000080079d8      0x248 /home/robert/Desktop/Projektwoche/stm/STM32-Toolchain/arm-none-eabi/lib/gcc/arm-none-eabi/4.8.0/../../../../arm-none-eabi/lib/thumb/cortex-m4/float-abi-hard/fpuv4-sp-d16/libc.a(lib_a-strcmp.o)
                0x00000000080079d8                strcmp
 .text          0x0000000008007c20      0xb70 /home/robert/Desktop/Projektwoche/stm/STM32-Toolchain/arm-none-eabi/lib/gcc/arm-none-eabi/4.8.0/../../../../arm-none-eabi/lib/thumb/cortex-m4/float-abi-hard/fpuv4-sp-d16/libc.a(lib_a-vfiprintf.o)
                0x0000000008007c9c                __sprint_r
                0x0000000008007cb4                _vfiprintf_r
                0x00000000080086fc                vfiprintf
 .text          0x0000000008008790       0x2c /home/robert/Desktop/Projektwoche/stm/STM32-Toolchain/arm-none-eabi/lib/gcc/arm-none-eabi/4.8.0/../../../../arm-none-eabi/lib/thumb/cortex-m4/float-abi-hard/fpuv4-sp-d16/libc.a(lib_a-writer.o)
                0x0000000008008790                _write_r
 .text          0x00000000080087bc       0x60 /home/robert/Desktop/Projektwoche/stm/STM32-Toolchain/arm-none-eabi/lib/gcc/arm-none-eabi/4.8.0/../../../../arm-none-eabi/lib/thumb/cortex-m4/float-abi-hard/fpuv4-sp-d16/libc.a(lib_a-callocr.o)
                0x00000000080087bc                _calloc_r
 .text          0x000000000800881c       0x28 /home/robert/Desktop/Projektwoche/stm/STM32-Toolchain/arm-none-eabi/lib/gcc/arm-none-eabi/4.8.0/../../../../arm-none-eabi/lib/thumb/cortex-m4/float-abi-hard/fpuv4-sp-d16/libc.a(lib_a-closer.o)
                0x000000000800881c                _close_r
 .text          0x0000000008008844       0x94 /home/robert/Desktop/Projektwoche/stm/STM32-Toolchain/arm-none-eabi/lib/gcc/arm-none-eabi/4.8.0/../../../../arm-none-eabi/lib/thumb/cortex-m4/float-abi-hard/fpuv4-sp-d16/libc.a(lib_a-fclose.o)
                0x0000000008008844                _fclose_r
                0x00000000080088c8                fclose
 .text          0x00000000080088d8       0xe8 /home/robert/Desktop/Projektwoche/stm/STM32-Toolchain/arm-none-eabi/lib/gcc/arm-none-eabi/4.8.0/../../../../arm-none-eabi/lib/thumb/cortex-m4/float-abi-hard/fpuv4-sp-d16/libc.a(lib_a-fputwc.o)
                0x00000000080088d8                _fputwc_r
                0x0000000008008998                fputwc
 .text          0x00000000080089c0       0x28 /home/robert/Desktop/Projektwoche/stm/STM32-Toolchain/arm-none-eabi/lib/gcc/arm-none-eabi/4.8.0/../../../../arm-none-eabi/lib/thumb/cortex-m4/float-abi-hard/fpuv4-sp-d16/libc.a(lib_a-fstatr.o)
                0x00000000080089c0                _fstat_r
 .text          0x00000000080089e8       0x2c /home/robert/Desktop/Projektwoche/stm/STM32-Toolchain/arm-none-eabi/lib/gcc/arm-none-eabi/4.8.0/../../../../arm-none-eabi/lib/thumb/cortex-m4/float-abi-hard/fpuv4-sp-d16/libc.a(lib_a-lseekr.o)
                0x00000000080089e8                _lseek_r
 .text          0x0000000008008a14       0x2c /home/robert/Desktop/Projektwoche/stm/STM32-Toolchain/arm-none-eabi/lib/gcc/arm-none-eabi/4.8.0/../../../../arm-none-eabi/lib/thumb/cortex-m4/float-abi-hard/fpuv4-sp-d16/libc.a(lib_a-readr.o)
                0x0000000008008a14                _read_r
 .text          0x0000000008008a40       0xb8 /home/robert/Desktop/Projektwoche/stm/STM32-Toolchain/arm-none-eabi/lib/gcc/arm-none-eabi/4.8.0/../../../../arm-none-eabi/lib/thumb/cortex-m4/float-abi-hard/fpuv4-sp-d16/libc.a(lib_a-wbuf.o)
                0x0000000008008a40                __swbuf_r
                0x0000000008008ae4                __swbuf
 .text          0x0000000008008af8       0xbc /home/robert/Desktop/Projektwoche/stm/STM32-Toolchain/arm-none-eabi/lib/gcc/arm-none-eabi/4.8.0/../../../../arm-none-eabi/lib/thumb/cortex-m4/float-abi-hard/fpuv4-sp-d16/libc.a(lib_a-wcrtomb.o)
                0x0000000008008af8                _wcrtomb_r
                0x0000000008008b50                wcrtomb
 .text          0x0000000008008bb4       0x4c /home/robert/Desktop/Projektwoche/stm/STM32-Toolchain/arm-none-eabi/lib/gcc/arm-none-eabi/4.8.0/../../../../arm-none-eabi/lib/thumb/cortex-m4/float-abi-hard/fpuv4-sp-d16/libc.a(lib_a-wctomb_r.o)
                0x0000000008008bb4                __ascii_wctomb
                0x0000000008008bd0                _wctomb_r
 .text          0x0000000008008c00       0x50 /home/robert/Desktop/Projektwoche/stm/STM32-Toolchain/arm-none-eabi/lib/gcc/arm-none-eabi/4.8.0/thumb/cortex-m4/float-abi-hard/fpuv4-sp-d16/libgcc.a(_arm_fixdfsi.o)
                0x0000000008008c00                __fixdfsi
                0x0000000008008c00                __aeabi_d2iz
                0x0000000008008c50                . = ALIGN (0x4)
 *(.rodata*)
 .rodata        0x0000000008008c50       0x30 /home/robert/Desktop/Projektwoche/stm/U23_2013_examples/stm_projects/AsuroControl/obj/main.o
 .rodata        0x0000000008008c80       0x6c /home/robert/Desktop/Projektwoche/stm/U23_2013_examples/libs/libsystem/obj/libsystem.a(NewlibSyscalls.o)
 .rodata.__func__.5194
                0x0000000008008cec        0xc /home/robert/Desktop/Projektwoche/stm/U23_2013_examples/libs/libsystem/obj/libsystem.a(NewlibSyscalls.o)
 .rodata.__func__.5200
                0x0000000008008cf8        0xc /home/robert/Desktop/Projektwoche/stm/U23_2013_examples/libs/libsystem/obj/libsystem.a(NewlibSyscalls.o)
 .rodata.__func__.5211
                0x0000000008008d04        0xc /home/robert/Desktop/Projektwoche/stm/U23_2013_examples/libs/libsystem/obj/libsystem.a(NewlibSyscalls.o)
 .rodata.__func__.5217
                0x0000000008008d10        0xc /home/robert/Desktop/Projektwoche/stm/U23_2013_examples/libs/libsystem/obj/libsystem.a(NewlibSyscalls.o)
 .rodata.__func__.5221
                0x0000000008008d1c        0xc /home/robert/Desktop/Projektwoche/stm/U23_2013_examples/libs/libsystem/obj/libsystem.a(NewlibSyscalls.o)
 .rodata.__func__.5225
                0x0000000008008d28       0x10 /home/robert/Desktop/Projektwoche/stm/U23_2013_examples/libs/libsystem/obj/libsystem.a(NewlibSyscalls.o)
 .rodata        0x0000000008008d38       0x34 /home/robert/Desktop/Projektwoche/stm/U23_2013_examples/libs/libsystem/obj/libsystem.a(Audio.o)
 .rodata        0x0000000008008d6c        0x4 /home/robert/Desktop/Projektwoche/stm/STM32-Toolchain/arm-none-eabi/lib/gcc/arm-none-eabi/4.8.0/../../../../arm-none-eabi/lib/thumb/cortex-m4/float-abi-hard/fpuv4-sp-d16/libc.a(lib_a-impure.o)
                0x0000000008008d6c                _global_impure_ptr
 .rodata.str1.4
                0x0000000008008d70        0x2 /home/robert/Desktop/Projektwoche/stm/STM32-Toolchain/arm-none-eabi/lib/gcc/arm-none-eabi/4.8.0/../../../../arm-none-eabi/lib/thumb/cortex-m4/float-abi-hard/fpuv4-sp-d16/libc.a(lib_a-impure.o)
                                          0x4 (size before relaxing)
 *fill*         0x0000000008008d72        0x2 00
 .rodata        0x0000000008008d74       0x20 /home/robert/Desktop/Projektwoche/stm/STM32-Toolchain/arm-none-eabi/lib/gcc/arm-none-eabi/4.8.0/../../../../arm-none-eabi/lib/thumb/cortex-m4/float-abi-hard/fpuv4-sp-d16/libc.a(lib_a-vfprintf.o)
 .rodata.str1.4
                0x0000000008008d94       0x42 /home/robert/Desktop/Projektwoche/stm/STM32-Toolchain/arm-none-eabi/lib/gcc/arm-none-eabi/4.8.0/../../../../arm-none-eabi/lib/thumb/cortex-m4/float-abi-hard/fpuv4-sp-d16/libc.a(lib_a-vfprintf.o)
                                         0x44 (size before relaxing)
 *fill*         0x0000000008008dd6        0x2 00
 .rodata.str1.4
                0x0000000008008dd8       0x10 /home/robert/Desktop/Projektwoche/stm/STM32-Toolchain/arm-none-eabi/lib/gcc/arm-none-eabi/4.8.0/../../../../arm-none-eabi/lib/thumb/cortex-m4/float-abi-hard/fpuv4-sp-d16/libc.a(lib_a-dtoa.o)
                                         0x14 (size before relaxing)
 .rodata.str1.4
                0x0000000008008de8        0xc /home/robert/Desktop/Projektwoche/stm/STM32-Toolchain/arm-none-eabi/lib/gcc/arm-none-eabi/4.8.0/../../../../arm-none-eabi/lib/thumb/cortex-m4/float-abi-hard/fpuv4-sp-d16/libc.a(lib_a-locale.o)
                                         0x14 (size before relaxing)
 *fill*         0x0000000008008df4        0x4 00
 .rodata        0x0000000008008df8      0x128 /home/robert/Desktop/Projektwoche/stm/STM32-Toolchain/arm-none-eabi/lib/gcc/arm-none-eabi/4.8.0/../../../../arm-none-eabi/lib/thumb/cortex-m4/float-abi-hard/fpuv4-sp-d16/libc.a(lib_a-mprec.o)
                0x0000000008008e08                __mprec_tens
                0x0000000008008ed0                __mprec_tinytens
                0x0000000008008ef8                __mprec_bigtens
 .rodata        0x0000000008008f20       0x20 /home/robert/Desktop/Projektwoche/stm/STM32-Toolchain/arm-none-eabi/lib/gcc/arm-none-eabi/4.8.0/../../../../arm-none-eabi/lib/thumb/cortex-m4/float-abi-hard/fpuv4-sp-d16/libc.a(lib_a-vfiprintf.o)
 .rodata.str1.4
                0x0000000000000000       0x30 /home/robert/Desktop/Projektwoche/stm/STM32-Toolchain/arm-none-eabi/lib/gcc/arm-none-eabi/4.8.0/../../../../arm-none-eabi/lib/thumb/cortex-m4/float-abi-hard/fpuv4-sp-d16/libc.a(lib_a-vfiprintf.o)
                0x0000000008008f40                . = ALIGN (0x4)
                0x0000000008008f40                __exidx_start = .

.glue_7         0x0000000008008f40        0x0
 .glue_7        0x0000000000000000        0x0 linker stubs

.glue_7t        0x0000000008008f40        0x0
 .glue_7t       0x0000000000000000        0x0 linker stubs

.vfp11_veneer   0x0000000008008f40        0x0
 .vfp11_veneer  0x0000000000000000        0x0 linker stubs

.v4_bx          0x0000000008008f40        0x0
 .v4_bx         0x0000000000000000        0x0 linker stubs

.iplt           0x0000000008008f40        0x0
 .iplt          0x0000000000000000        0x0 /home/robert/Desktop/Projektwoche/stm/U23_2013_examples/stm_projects/AsuroControl/obj/SSD1289.o

.rel.dyn        0x0000000008008f40        0x0
 .rel.iplt      0x0000000000000000        0x0 /home/robert/Desktop/Projektwoche/stm/U23_2013_examples/stm_projects/AsuroControl/obj/SSD1289.o

.ARM.exidx
 *(.ARM.exidx*)
                0x0000000008008f40                __exidx_end = .
                0x0000000008008f40                _etext = .

.data           0x0000000010000000      0x8d8 load address 0x0000000008008f40
                0x0000000010000000                _data = .
 *(.data*)
 .data.SystemCoreClock
                0x0000000010000000        0x4 /home/robert/Desktop/Projektwoche/stm/U23_2013_examples/libs/libCMSIS/obj/libCMSIS.a(system_stm32f4xx.o)
                0x0000000010000000                SystemCoreClock
 .data.APBAHBPrescTable
                0x0000000010000004       0x10 /home/robert/Desktop/Projektwoche/stm/U23_2013_examples/libs/libstm32f4xx/obj/libstm32f4xx.a(stm32f4xx_rcc.o)
 .data.spi_txe  0x0000000010000014        0x1 /home/robert/Desktop/Projektwoche/stm/U23_2013_examples/libs/libsystem/obj/libsystem.a(Spi.o)
 *fill*         0x0000000010000015        0x3 00
 .data          0x0000000010000018      0x430 /home/robert/Desktop/Projektwoche/stm/STM32-Toolchain/arm-none-eabi/lib/gcc/arm-none-eabi/4.8.0/../../../../arm-none-eabi/lib/thumb/cortex-m4/float-abi-hard/fpuv4-sp-d16/libc.a(lib_a-impure.o)
                0x0000000010000018                _impure_ptr
 .data          0x0000000010000448      0x410 /home/robert/Desktop/Projektwoche/stm/STM32-Toolchain/arm-none-eabi/lib/gcc/arm-none-eabi/4.8.0/../../../../arm-none-eabi/lib/thumb/cortex-m4/float-abi-hard/fpuv4-sp-d16/libc.a(lib_a-mallocr.o)
                0x0000000010000448                __malloc_av_
                0x0000000010000850                __malloc_sbrk_base
                0x0000000010000854                __malloc_trim_threshold
 .data          0x0000000010000858       0x7c /home/robert/Desktop/Projektwoche/stm/STM32-Toolchain/arm-none-eabi/lib/gcc/arm-none-eabi/4.8.0/../../../../arm-none-eabi/lib/thumb/cortex-m4/float-abi-hard/fpuv4-sp-d16/libc.a(lib_a-locale.o)
                0x0000000010000878                __mb_cur_max
 .data          0x00000000100008d4        0x4 /home/robert/Desktop/Projektwoche/stm/STM32-Toolchain/arm-none-eabi/lib/gcc/arm-none-eabi/4.8.0/../../../../arm-none-eabi/lib/thumb/cortex-m4/float-abi-hard/fpuv4-sp-d16/libc.a(lib_a-wctomb_r.o)
                0x00000000100008d4                __wctomb
                0x00000000100008d8                . = ALIGN (0x4)
                0x00000000100008d8                _edata = .

.igot.plt       0x00000000100008d8        0x0 load address 0x0000000008009818
 .igot.plt      0x0000000000000000        0x0 /home/robert/Desktop/Projektwoche/stm/U23_2013_examples/stm_projects/AsuroControl/obj/SSD1289.o

.bss            0x00000000100008d8      0x1a8 load address 0x0000000008009818
 *(.bss*)
 .bss.timings   0x00000000100008d8      0x10c /home/robert/Desktop/Projektwoche/stm/U23_2013_examples/stm_projects/AsuroControl/obj/main.o
 .bss.lastTime.9921
                0x00000000100009e4        0x4 /home/robert/Desktop/Projektwoche/stm/U23_2013_examples/stm_projects/AsuroControl/obj/main.o
 .bss.duration.9919
                0x00000000100009e8        0x4 /home/robert/Desktop/Projektwoche/stm/U23_2013_examples/stm_projects/AsuroControl/obj/main.o
 .bss.repeatCount.9922
                0x00000000100009ec        0x4 /home/robert/Desktop/Projektwoche/stm/U23_2013_examples/stm_projects/AsuroControl/obj/main.o
 .bss.changeCount.9920
                0x00000000100009f0        0x4 /home/robert/Desktop/Projektwoche/stm/U23_2013_examples/stm_projects/AsuroControl/obj/main.o
 .bss.heap_end.5184
                0x00000000100009f4        0x4 /home/robert/Desktop/Projektwoche/stm/U23_2013_examples/libs/libsystem/obj/libsystem.a(NewlibSyscalls.o)
 .bss.SysTickCounter
                0x00000000100009f8        0x4 /home/robert/Desktop/Projektwoche/stm/U23_2013_examples/libs/libsystem/obj/libsystem.a(SysTick.o)
                0x00000000100009f8                SysTickCounter
 .bss.CurrentDebugDevice
                0x00000000100009fc        0x1 /home/robert/Desktop/Projektwoche/stm/U23_2013_examples/libs/libsystem/obj/libsystem.a(Debug.o)
                0x00000000100009fc                CurrentDebugDevice
 *fill*         0x00000000100009fd        0x1 00
 .bss.RNGInitialized
                0x00000000100009fe        0x2 /home/robert/Desktop/Projektwoche/stm/U23_2013_examples/libs/libsystem/obj/libsystem.a(Random.o)
 .bss.CallbackFunction
                0x0000000010000a00        0x4 /home/robert/Desktop/Projektwoche/stm/U23_2013_examples/libs/libsystem/obj/libsystem.a(Audio.o)
 .bss.CallbackContext
                0x0000000010000a04        0x4 /home/robert/Desktop/Projektwoche/stm/U23_2013_examples/libs/libsystem/obj/libsystem.a(Audio.o)
 .bss.NextBufferSamples
                0x0000000010000a08        0x4 /home/robert/Desktop/Projektwoche/stm/U23_2013_examples/libs/libsystem/obj/libsystem.a(Audio.o)
 .bss.NextBufferLength
                0x0000000010000a0c        0x4 /home/robert/Desktop/Projektwoche/stm/U23_2013_examples/libs/libsystem/obj/libsystem.a(Audio.o)
 .bss.DMARunning
                0x0000000010000a10        0x1 /home/robert/Desktop/Projektwoche/stm/U23_2013_examples/libs/libsystem/obj/libsystem.a(Audio.o)
 *fill*         0x0000000010000a11        0x3 00
 .bss.BufferNumber
                0x0000000010000a14        0x4 /home/robert/Desktop/Projektwoche/stm/U23_2013_examples/libs/libsystem/obj/libsystem.a(Audio.o)
 .bss.spi_running
                0x0000000010000a18        0x1 /home/robert/Desktop/Projektwoche/stm/U23_2013_examples/libs/libsystem/obj/libsystem.a(Spi.o)
 .bss.spi_last_byte
                0x0000000010000a19        0x1 /home/robert/Desktop/Projektwoche/stm/U23_2013_examples/libs/libsystem/obj/libsystem.a(Spi.o)
 *fill*         0x0000000010000a1a        0x2 00
 .bss.spi_transmit_buffer
                0x0000000010000a1c        0x4 /home/robert/Desktop/Projektwoche/stm/U23_2013_examples/libs/libsystem/obj/libsystem.a(Spi.o)
 .bss.spi_receive_buffer
                0x0000000010000a20        0x4 /home/robert/Desktop/Projektwoche/stm/U23_2013_examples/libs/libsystem/obj/libsystem.a(Spi.o)
 .bss.spi_data_buffersize
                0x0000000010000a24        0x2 /home/robert/Desktop/Projektwoche/stm/U23_2013_examples/libs/libsystem/obj/libsystem.a(Spi.o)
 .bss.spi_data_rx_counter
                0x0000000010000a26        0x2 /home/robert/Desktop/Projektwoche/stm/U23_2013_examples/libs/libsystem/obj/libsystem.a(Spi.o)
 .bss.spi_data_tx_counter
                0x0000000010000a28        0x2 /home/robert/Desktop/Projektwoche/stm/U23_2013_examples/libs/libsystem/obj/libsystem.a(Spi.o)
 *fill*         0x0000000010000a2a        0x2 00
 .bss.spi_external_handler
                0x0000000010000a2c        0x4 /home/robert/Desktop/Projektwoche/stm/U23_2013_examples/libs/libsystem/obj/libsystem.a(Spi.o)
 .bss           0x0000000010000a30       0x34 /home/robert/Desktop/Projektwoche/stm/STM32-Toolchain/arm-none-eabi/lib/gcc/arm-none-eabi/4.8.0/../../../../arm-none-eabi/lib/thumb/cortex-m4/float-abi-hard/fpuv4-sp-d16/libc.a(lib_a-mallocr.o)
                0x0000000010000a30                __malloc_top_pad
                0x0000000010000a34                __malloc_current_mallinfo
                0x0000000010000a5c                __malloc_max_sbrked_mem
                0x0000000010000a60                __malloc_max_total_mem
 *(COMMON)
 COMMON         0x0000000010000a64       0x10 /home/robert/Desktop/Projektwoche/stm/U23_2013_examples/stm_projects/AsuroControl/obj/main.o
                0x0000000010000a64                receivedBitlength
                0x0000000010000a68                receivedBit
                0x0000000010000a6c                bitAvailible
                0x0000000010000a70                receivedDelay
 COMMON         0x0000000010000a74        0x5 /home/robert/Desktop/Projektwoche/stm/U23_2013_examples/libs/libstm32f4xx/obj/libstm32f4xx.a(stm32_ub_onewire.o)
                0x0000000010000a74                ow_akt_delay
                0x0000000010000a78                ow_ascii_err_flag
 *fill*         0x0000000010000a79        0x3 00
 COMMON         0x0000000010000a7c        0x4 /home/robert/Desktop/Projektwoche/stm/STM32-Toolchain/arm-none-eabi/lib/gcc/arm-none-eabi/4.8.0/../../../../arm-none-eabi/lib/thumb/cortex-m4/float-abi-hard/fpuv4-sp-d16/libc.a(lib_a-reent.o)
                0x0000000010000a7c                errno
                0x0000000010000a80                . = ALIGN (0x4)
                0x0000000010000a80                _ebss = .

.ARM.extab
 *(.ARM.extab*)
                0x0000000010000a80                . = ALIGN (0x4)
                0x0000000010000a80                end = .
                0x0000000010000b00                . = ALIGN (0x100)
                0x0000000010000b00                _start_heap = .

.sram.data      0x0000000020000000        0x0 load address 0x0000000008009818
                0x0000000020000000                __sram_data_start = ABSOLUTE (.)
 *(.sram.data*)
                0x0000000020000000                . = ALIGN (0x4)
                0x0000000008009818                __srom_data_start = LOADADDR (.sram.data)
                0x0000000020000000                __sram_data_end = .
                0x0000000020000000                PROVIDE (__sram_data_end, .)
                0x0000000008009818                PROVIDE (__srom_data_end, (LOADADDR (.sram.data) + SIZEOF (.sram.data)))

.sram.bss       0x0000000020000000      0x400 load address 0x0000000008009818
                0x0000000020000000                __sram_bss_start = ABSOLUTE (.)
 *(.sram.bss*)
 .sram.bss      0x0000000020000000      0x400 /home/robert/Desktop/Projektwoche/stm/U23_2013_examples/libs/libsystem/obj/libsystem.a(Audio.o)
                0x0000000020000400                . = ALIGN (0x4)
                0x0000000020000400                __sram_bss_end = .
                0x0000000020000400                PROVIDE (__sram_bss_end, .)
                0x0000000010010000                PROVIDE (_stack, (ORIGIN (ccmram) + 0x10000))
LOAD /home/robert/Desktop/Projektwoche/stm/U23_2013_examples/stm_projects/AsuroControl/obj/SSD1289.o
LOAD /home/robert/Desktop/Projektwoche/stm/U23_2013_examples/stm_projects/AsuroControl/obj/XPT2046.o
LOAD /home/robert/Desktop/Projektwoche/stm/U23_2013_examples/stm_projects/AsuroControl/obj/LCD.o
LOAD /home/robert/Desktop/Projektwoche/stm/U23_2013_examples/stm_projects/AsuroControl/obj/main.o
LOAD /home/robert/Desktop/Projektwoche/stm/U23_2013_examples/stm_projects/AsuroControl/obj/AsciiLib.o
LOAD /home/robert/Desktop/Projektwoche/stm/U23_2013_examples/libs/libCMSIS/obj/libCMSIS.a
LOAD /home/robert/Desktop/Projektwoche/stm/U23_2013_examples/libs/libstm32f4xx/obj/libstm32f4xx.a
LOAD /home/robert/Desktop/Projektwoche/stm/U23_2013_examples/libs/libsystem/obj/libsystem.a
LOAD /home/robert/Desktop/Projektwoche/stm/STM32-Toolchain/arm-none-eabi/lib/gcc/arm-none-eabi/4.8.0/../../../../arm-none-eabi/lib/thumb/cortex-m4/float-abi-hard/fpuv4-sp-d16/libm.a
START GROUP
LOAD /home/robert/Desktop/Projektwoche/stm/STM32-Toolchain/arm-none-eabi/lib/gcc/arm-none-eabi/4.8.0/thumb/cortex-m4/float-abi-hard/fpuv4-sp-d16/libgcc.a
LOAD /home/robert/Desktop/Projektwoche/stm/STM32-Toolchain/arm-none-eabi/lib/gcc/arm-none-eabi/4.8.0/../../../../arm-none-eabi/lib/thumb/cortex-m4/float-abi-hard/fpuv4-sp-d16/libc.a
END GROUP
OUTPUT(/home/robert/Desktop/Projektwoche/stm/U23_2013_examples/stm_projects/AsuroControl/obj/AsuroControl.elf elf32-littlearm)

.debug_info     0x0000000000000000    0x27c23
 .debug_info    0x0000000000000000      0xf66 /home/robert/Desktop/Projektwoche/stm/U23_2013_examples/stm_projects/AsuroControl/obj/SSD1289.o
 .debug_info    0x0000000000000f66      0x8b4 /home/robert/Desktop/Projektwoche/stm/U23_2013_examples/stm_projects/AsuroControl/obj/XPT2046.o
 .debug_info    0x000000000000181a      0x501 /home/robert/Desktop/Projektwoche/stm/U23_2013_examples/stm_projects/AsuroControl/obj/LCD.o
 .debug_info    0x0000000000001d1b      0xee4 /home/robert/Desktop/Projektwoche/stm/U23_2013_examples/stm_projects/AsuroControl/obj/main.o
 .debug_info    0x0000000000002bff      0x573 /home/robert/Desktop/Projektwoche/stm/U23_2013_examples/libs/libCMSIS/obj/libCMSIS.a(system_stm32f4xx.o)
 .debug_info    0x0000000000003172      0x15c /home/robert/Desktop/Projektwoche/stm/U23_2013_examples/libs/libCMSIS/obj/libCMSIS.a(startup_stm32f4xx.o)
 .debug_info    0x00000000000032ce      0x51c /home/robert/Desktop/Projektwoche/stm/U23_2013_examples/libs/libstm32f4xx/obj/libstm32f4xx.a(misc.o)
 .debug_info    0x00000000000037ea      0x331 /home/robert/Desktop/Projektwoche/stm/U23_2013_examples/libs/libstm32f4xx/obj/libstm32f4xx.a(stm32f4xx_exti.o)
 .debug_info    0x0000000000003b1b     0x1c35 /home/robert/Desktop/Projektwoche/stm/U23_2013_examples/libs/libstm32f4xx/obj/libstm32f4xx.a(stm32f4xx_tim.o)
 .debug_info    0x0000000000005750      0x996 /home/robert/Desktop/Projektwoche/stm/U23_2013_examples/libs/libstm32f4xx/obj/libstm32f4xx.a(stm32f4xx_usart.o)
 .debug_info    0x00000000000060e6      0xc47 /home/robert/Desktop/Projektwoche/stm/U23_2013_examples/libs/libstm32f4xx/obj/libstm32f4xx.a(stm32f4xx_rcc.o)
 .debug_info    0x0000000000006d2d      0xadb /home/robert/Desktop/Projektwoche/stm/U23_2013_examples/libs/libstm32f4xx/obj/libstm32f4xx.a(stm32f4xx_spi.o)
 .debug_info    0x0000000000007808      0x718 /home/robert/Desktop/Projektwoche/stm/U23_2013_examples/libs/libstm32f4xx/obj/libstm32f4xx.a(stm32f4xx_dma.o)
 .debug_info    0x0000000000007f20      0x5d9 /home/robert/Desktop/Projektwoche/stm/U23_2013_examples/libs/libstm32f4xx/obj/libstm32f4xx.a(stm32f4xx_gpio.o)
 .debug_info    0x00000000000084f9      0x25e /home/robert/Desktop/Projektwoche/stm/U23_2013_examples/libs/libstm32f4xx/obj/libstm32f4xx.a(stm32f4xx_rng.o)
 .debug_info    0x0000000000008757      0xb99 /home/robert/Desktop/Projektwoche/stm/U23_2013_examples/libs/libstm32f4xx/obj/libstm32f4xx.a(stm32_ub_onewire.o)
 .debug_info    0x00000000000092f0      0xe7b /home/robert/Desktop/Projektwoche/stm/U23_2013_examples/libs/libsystem/obj/libsystem.a(NewlibSyscalls.o)
 .debug_info    0x000000000000a16b       0xcc /home/robert/Desktop/Projektwoche/stm/U23_2013_examples/libs/libsystem/obj/libsystem.a(SysTick.o)
 .debug_info    0x000000000000a237      0xb87 /home/robert/Desktop/Projektwoche/stm/U23_2013_examples/libs/libsystem/obj/libsystem.a(Debug.o)
 .debug_info    0x000000000000adbe      0x4c4 /home/robert/Desktop/Projektwoche/stm/U23_2013_examples/libs/libsystem/obj/libsystem.a(USART.o)
 .debug_info    0x000000000000b282      0x120 /home/robert/Desktop/Projektwoche/stm/U23_2013_examples/libs/libsystem/obj/libsystem.a(Random.o)
 .debug_info    0x000000000000b3a2      0xc2d /home/robert/Desktop/Projektwoche/stm/U23_2013_examples/libs/libsystem/obj/libsystem.a(Audio.o)
 .debug_info    0x000000000000bfcf      0x851 /home/robert/Desktop/Projektwoche/stm/U23_2013_examples/libs/libsystem/obj/libsystem.a(Spi.o)
 .debug_info    0x000000000000c820      0x280 /home/robert/Desktop/Projektwoche/stm/U23_2013_examples/libs/libsystem/obj/libsystem.a(LED.o)
 .debug_info    0x000000000000caa0      0x6ca /home/robert/Desktop/Projektwoche/stm/U23_2013_examples/libs/libsystem/obj/libsystem.a(Init.o)
 .debug_info    0x000000000000d16a       0xef /home/robert/Desktop/Projektwoche/stm/STM32-Toolchain/arm-none-eabi/lib/gcc/arm-none-eabi/4.8.0/thumb/cortex-m4/float-abi-hard/fpuv4-sp-d16/libgcc.a(_arm_addsubdf3.o)
 .debug_info    0x000000000000d259       0xef /home/robert/Desktop/Projektwoche/stm/STM32-Toolchain/arm-none-eabi/lib/gcc/arm-none-eabi/4.8.0/thumb/cortex-m4/float-abi-hard/fpuv4-sp-d16/libgcc.a(_arm_muldivdf3.o)
 .debug_info    0x000000000000d348       0xef /home/robert/Desktop/Projektwoche/stm/STM32-Toolchain/arm-none-eabi/lib/gcc/arm-none-eabi/4.8.0/thumb/cortex-m4/float-abi-hard/fpuv4-sp-d16/libgcc.a(_arm_cmpdf2.o)
 .debug_info    0x000000000000d437       0xef /home/robert/Desktop/Projektwoche/stm/STM32-Toolchain/arm-none-eabi/lib/gcc/arm-none-eabi/4.8.0/thumb/cortex-m4/float-abi-hard/fpuv4-sp-d16/libgcc.a(_arm_fixunsdfsi.o)
 .debug_info    0x000000000000d526      0x889 /home/robert/Desktop/Projektwoche/stm/STM32-Toolchain/arm-none-eabi/lib/gcc/arm-none-eabi/4.8.0/../../../../arm-none-eabi/lib/thumb/cortex-m4/float-abi-hard/fpuv4-sp-d16/libc.a(lib_a-errno.o)
 .debug_info    0x000000000000ddaf      0x9c2 /home/robert/Desktop/Projektwoche/stm/STM32-Toolchain/arm-none-eabi/lib/gcc/arm-none-eabi/4.8.0/../../../../arm-none-eabi/lib/thumb/cortex-m4/float-abi-hard/fpuv4-sp-d16/libc.a(lib_a-fprintf.o)
 .debug_info    0x000000000000e771      0xa4e /home/robert/Desktop/Projektwoche/stm/STM32-Toolchain/arm-none-eabi/lib/gcc/arm-none-eabi/4.8.0/../../../../arm-none-eabi/lib/thumb/cortex-m4/float-abi-hard/fpuv4-sp-d16/libc.a(lib_a-fwrite.o)
 .debug_info    0x000000000000f1bf      0x894 /home/robert/Desktop/Projektwoche/stm/STM32-Toolchain/arm-none-eabi/lib/gcc/arm-none-eabi/4.8.0/../../../../arm-none-eabi/lib/thumb/cortex-m4/float-abi-hard/fpuv4-sp-d16/libc.a(lib_a-impure.o)
 .debug_info    0x000000000000fa53      0x915 /home/robert/Desktop/Projektwoche/stm/STM32-Toolchain/arm-none-eabi/lib/gcc/arm-none-eabi/4.8.0/../../../../arm-none-eabi/lib/thumb/cortex-m4/float-abi-hard/fpuv4-sp-d16/libc.a(lib_a-malloc.o)
 .debug_info    0x0000000000010368      0xd81 /home/robert/Desktop/Projektwoche/stm/STM32-Toolchain/arm-none-eabi/lib/gcc/arm-none-eabi/4.8.0/../../../../arm-none-eabi/lib/thumb/cortex-m4/float-abi-hard/fpuv4-sp-d16/libc.a(lib_a-mallocr.o)
 .debug_info    0x00000000000110e9      0x131 /home/robert/Desktop/Projektwoche/stm/STM32-Toolchain/arm-none-eabi/lib/gcc/arm-none-eabi/4.8.0/../../../../arm-none-eabi/lib/thumb/cortex-m4/float-abi-hard/fpuv4-sp-d16/libc.a(lib_a-memcpy-stub.o)
 .debug_info    0x000000000001121a      0x117 /home/robert/Desktop/Projektwoche/stm/STM32-Toolchain/arm-none-eabi/lib/gcc/arm-none-eabi/4.8.0/../../../../arm-none-eabi/lib/thumb/cortex-m4/float-abi-hard/fpuv4-sp-d16/libc.a(lib_a-memset.o)
 .debug_info    0x0000000000011331      0x8b4 /home/robert/Desktop/Projektwoche/stm/STM32-Toolchain/arm-none-eabi/lib/gcc/arm-none-eabi/4.8.0/../../../../arm-none-eabi/lib/thumb/cortex-m4/float-abi-hard/fpuv4-sp-d16/libc.a(lib_a-mlock.o)
 .debug_info    0x0000000000011be5      0x9ab /home/robert/Desktop/Projektwoche/stm/STM32-Toolchain/arm-none-eabi/lib/gcc/arm-none-eabi/4.8.0/../../../../arm-none-eabi/lib/thumb/cortex-m4/float-abi-hard/fpuv4-sp-d16/libc.a(lib_a-printf.o)
 .debug_info    0x0000000000012590      0x8f4 /home/robert/Desktop/Projektwoche/stm/STM32-Toolchain/arm-none-eabi/lib/gcc/arm-none-eabi/4.8.0/../../../../arm-none-eabi/lib/thumb/cortex-m4/float-abi-hard/fpuv4-sp-d16/libc.a(lib_a-sbrkr.o)
 .debug_info    0x0000000000012e84      0x997 /home/robert/Desktop/Projektwoche/stm/STM32-Toolchain/arm-none-eabi/lib/gcc/arm-none-eabi/4.8.0/../../../../arm-none-eabi/lib/thumb/cortex-m4/float-abi-hard/fpuv4-sp-d16/libc.a(lib_a-setvbuf.o)
 .debug_info    0x000000000001381b       0xb5 /home/robert/Desktop/Projektwoche/stm/STM32-Toolchain/arm-none-eabi/lib/gcc/arm-none-eabi/4.8.0/../../../../arm-none-eabi/lib/thumb/cortex-m4/float-abi-hard/fpuv4-sp-d16/libc.a(lib_a-strlen.o)
 .debug_info    0x00000000000138d0     0x17ff /home/robert/Desktop/Projektwoche/stm/STM32-Toolchain/arm-none-eabi/lib/gcc/arm-none-eabi/4.8.0/../../../../arm-none-eabi/lib/thumb/cortex-m4/float-abi-hard/fpuv4-sp-d16/libc.a(lib_a-vfprintf.o)
 .debug_info    0x00000000000150cf      0x922 /home/robert/Desktop/Projektwoche/stm/STM32-Toolchain/arm-none-eabi/lib/gcc/arm-none-eabi/4.8.0/../../../../arm-none-eabi/lib/thumb/cortex-m4/float-abi-hard/fpuv4-sp-d16/libc.a(lib_a-wsetup.o)
 .debug_info    0x00000000000159f1     0x1331 /home/robert/Desktop/Projektwoche/stm/STM32-Toolchain/arm-none-eabi/lib/gcc/arm-none-eabi/4.8.0/../../../../arm-none-eabi/lib/thumb/cortex-m4/float-abi-hard/fpuv4-sp-d16/libc.a(lib_a-dtoa.o)
 .debug_info    0x0000000000016d22      0xa96 /home/robert/Desktop/Projektwoche/stm/STM32-Toolchain/arm-none-eabi/lib/gcc/arm-none-eabi/4.8.0/../../../../arm-none-eabi/lib/thumb/cortex-m4/float-abi-hard/fpuv4-sp-d16/libc.a(lib_a-fflush.o)
 .debug_info    0x00000000000177b8      0xd11 /home/robert/Desktop/Projektwoche/stm/STM32-Toolchain/arm-none-eabi/lib/gcc/arm-none-eabi/4.8.0/../../../../arm-none-eabi/lib/thumb/cortex-m4/float-abi-hard/fpuv4-sp-d16/libc.a(lib_a-findfp.o)
 .debug_info    0x00000000000184c9      0xc1c /home/robert/Desktop/Projektwoche/stm/STM32-Toolchain/arm-none-eabi/lib/gcc/arm-none-eabi/4.8.0/../../../../arm-none-eabi/lib/thumb/cortex-m4/float-abi-hard/fpuv4-sp-d16/libc.a(lib_a-freer.o)
 .debug_info    0x00000000000190e5      0xc6e /home/robert/Desktop/Projektwoche/stm/STM32-Toolchain/arm-none-eabi/lib/gcc/arm-none-eabi/4.8.0/../../../../arm-none-eabi/lib/thumb/cortex-m4/float-abi-hard/fpuv4-sp-d16/libc.a(lib_a-fvwrite.o)
 .debug_info    0x0000000000019d53      0x99c /home/robert/Desktop/Projektwoche/stm/STM32-Toolchain/arm-none-eabi/lib/gcc/arm-none-eabi/4.8.0/../../../../arm-none-eabi/lib/thumb/cortex-m4/float-abi-hard/fpuv4-sp-d16/libc.a(lib_a-fwalk.o)
 .debug_info    0x000000000001a6ef      0xbe5 /home/robert/Desktop/Projektwoche/stm/STM32-Toolchain/arm-none-eabi/lib/gcc/arm-none-eabi/4.8.0/../../../../arm-none-eabi/lib/thumb/cortex-m4/float-abi-hard/fpuv4-sp-d16/libc.a(lib_a-locale.o)
 .debug_info    0x000000000001b2d4      0xae6 /home/robert/Desktop/Projektwoche/stm/STM32-Toolchain/arm-none-eabi/lib/gcc/arm-none-eabi/4.8.0/../../../../arm-none-eabi/lib/thumb/cortex-m4/float-abi-hard/fpuv4-sp-d16/libc.a(lib_a-makebuf.o)
 .debug_info    0x000000000001bdba      0x129 /home/robert/Desktop/Projektwoche/stm/STM32-Toolchain/arm-none-eabi/lib/gcc/arm-none-eabi/4.8.0/../../../../arm-none-eabi/lib/thumb/cortex-m4/float-abi-hard/fpuv4-sp-d16/libc.a(lib_a-memchr-stub.o)
 .debug_info    0x000000000001bee3      0x131 /home/robert/Desktop/Projektwoche/stm/STM32-Toolchain/arm-none-eabi/lib/gcc/arm-none-eabi/4.8.0/../../../../arm-none-eabi/lib/thumb/cortex-m4/float-abi-hard/fpuv4-sp-d16/libc.a(lib_a-memmove.o)
 .debug_info    0x000000000001c014     0x1683 /home/robert/Desktop/Projektwoche/stm/STM32-Toolchain/arm-none-eabi/lib/gcc/arm-none-eabi/4.8.0/../../../../arm-none-eabi/lib/thumb/cortex-m4/float-abi-hard/fpuv4-sp-d16/libc.a(lib_a-mprec.o)
 .debug_info    0x000000000001d697      0xcca /home/robert/Desktop/Projektwoche/stm/STM32-Toolchain/arm-none-eabi/lib/gcc/arm-none-eabi/4.8.0/../../../../arm-none-eabi/lib/thumb/cortex-m4/float-abi-hard/fpuv4-sp-d16/libc.a(lib_a-reallocr.o)
 .debug_info    0x000000000001e361      0xa46 /home/robert/Desktop/Projektwoche/stm/STM32-Toolchain/arm-none-eabi/lib/gcc/arm-none-eabi/4.8.0/../../../../arm-none-eabi/lib/thumb/cortex-m4/float-abi-hard/fpuv4-sp-d16/libc.a(lib_a-reent.o)
 .debug_info    0x000000000001eda7      0x14b /home/robert/Desktop/Projektwoche/stm/STM32-Toolchain/arm-none-eabi/lib/gcc/arm-none-eabi/4.8.0/../../../../arm-none-eabi/lib/thumb/cortex-m4/float-abi-hard/fpuv4-sp-d16/libc.a(lib_a-s_fpclassify.o)
 .debug_info    0x000000000001eef2      0xb7f /home/robert/Desktop/Projektwoche/stm/STM32-Toolchain/arm-none-eabi/lib/gcc/arm-none-eabi/4.8.0/../../../../arm-none-eabi/lib/thumb/cortex-m4/float-abi-hard/fpuv4-sp-d16/libc.a(lib_a-stdio.o)
 .debug_info    0x000000000001fa71      0x10b /home/robert/Desktop/Projektwoche/stm/STM32-Toolchain/arm-none-eabi/lib/gcc/arm-none-eabi/4.8.0/../../../../arm-none-eabi/lib/thumb/cortex-m4/float-abi-hard/fpuv4-sp-d16/libc.a(lib_a-strcmp.o)
 .debug_info    0x000000000001fb7c     0x1515 /home/robert/Desktop/Projektwoche/stm/STM32-Toolchain/arm-none-eabi/lib/gcc/arm-none-eabi/4.8.0/../../../../arm-none-eabi/lib/thumb/cortex-m4/float-abi-hard/fpuv4-sp-d16/libc.a(lib_a-vfiprintf.o)
 .debug_info    0x0000000000021091      0x929 /home/robert/Desktop/Projektwoche/stm/STM32-Toolchain/arm-none-eabi/lib/gcc/arm-none-eabi/4.8.0/../../../../arm-none-eabi/lib/thumb/cortex-m4/float-abi-hard/fpuv4-sp-d16/libc.a(lib_a-writer.o)
 .debug_info    0x00000000000219ba      0x9e0 /home/robert/Desktop/Projektwoche/stm/STM32-Toolchain/arm-none-eabi/lib/gcc/arm-none-eabi/4.8.0/../../../../arm-none-eabi/lib/thumb/cortex-m4/float-abi-hard/fpuv4-sp-d16/libc.a(lib_a-callocr.o)
 .debug_info    0x000000000002239a      0x8e0 /home/robert/Desktop/Projektwoche/stm/STM32-Toolchain/arm-none-eabi/lib/gcc/arm-none-eabi/4.8.0/../../../../arm-none-eabi/lib/thumb/cortex-m4/float-abi-hard/fpuv4-sp-d16/libc.a(lib_a-closer.o)
 .debug_info    0x0000000000022c7a      0x9c6 /home/robert/Desktop/Projektwoche/stm/STM32-Toolchain/arm-none-eabi/lib/gcc/arm-none-eabi/4.8.0/../../../../arm-none-eabi/lib/thumb/cortex-m4/float-abi-hard/fpuv4-sp-d16/libc.a(lib_a-fclose.o)
 .debug_info    0x0000000000023640      0xa94 /home/robert/Desktop/Projektwoche/stm/STM32-Toolchain/arm-none-eabi/lib/gcc/arm-none-eabi/4.8.0/../../../../arm-none-eabi/lib/thumb/cortex-m4/float-abi-hard/fpuv4-sp-d16/libc.a(lib_a-fputwc.o)
 .debug_info    0x00000000000240d4      0xa5e /home/robert/Desktop/Projektwoche/stm/STM32-Toolchain/arm-none-eabi/lib/gcc/arm-none-eabi/4.8.0/../../../../arm-none-eabi/lib/thumb/cortex-m4/float-abi-hard/fpuv4-sp-d16/libc.a(lib_a-fstatr.o)
 .debug_info    0x0000000000024b32      0x90c /home/robert/Desktop/Projektwoche/stm/STM32-Toolchain/arm-none-eabi/lib/gcc/arm-none-eabi/4.8.0/../../../../arm-none-eabi/lib/thumb/cortex-m4/float-abi-hard/fpuv4-sp-d16/libc.a(lib_a-lseekr.o)
 .debug_info    0x000000000002543e      0x922 /home/robert/Desktop/Projektwoche/stm/STM32-Toolchain/arm-none-eabi/lib/gcc/arm-none-eabi/4.8.0/../../../../arm-none-eabi/lib/thumb/cortex-m4/float-abi-hard/fpuv4-sp-d16/libc.a(lib_a-readr.o)
 .debug_info    0x0000000000025d60      0x9b7 /home/robert/Desktop/Projektwoche/stm/STM32-Toolchain/arm-none-eabi/lib/gcc/arm-none-eabi/4.8.0/../../../../arm-none-eabi/lib/thumb/cortex-m4/float-abi-hard/fpuv4-sp-d16/libc.a(lib_a-wbuf.o)
 .debug_info    0x0000000000026717      0xa68 /home/robert/Desktop/Projektwoche/stm/STM32-Toolchain/arm-none-eabi/lib/gcc/arm-none-eabi/4.8.0/../../../../arm-none-eabi/lib/thumb/cortex-m4/float-abi-hard/fpuv4-sp-d16/libc.a(lib_a-wcrtomb.o)
 .debug_info    0x000000000002717f      0x9b5 /home/robert/Desktop/Projektwoche/stm/STM32-Toolchain/arm-none-eabi/lib/gcc/arm-none-eabi/4.8.0/../../../../arm-none-eabi/lib/thumb/cortex-m4/float-abi-hard/fpuv4-sp-d16/libc.a(lib_a-wctomb_r.o)
 .debug_info    0x0000000000027b34       0xef /home/robert/Desktop/Projektwoche/stm/STM32-Toolchain/arm-none-eabi/lib/gcc/arm-none-eabi/4.8.0/thumb/cortex-m4/float-abi-hard/fpuv4-sp-d16/libgcc.a(_arm_fixdfsi.o)

.debug_abbrev   0x0000000000000000     0x7ed9
 .debug_abbrev  0x0000000000000000      0x221 /home/robert/Desktop/Projektwoche/stm/U23_2013_examples/stm_projects/AsuroControl/obj/SSD1289.o
 .debug_abbrev  0x0000000000000221      0x239 /home/robert/Desktop/Projektwoche/stm/U23_2013_examples/stm_projects/AsuroControl/obj/XPT2046.o
 .debug_abbrev  0x000000000000045a      0x1c7 /home/robert/Desktop/Projektwoche/stm/U23_2013_examples/stm_projects/AsuroControl/obj/LCD.o
 .debug_abbrev  0x0000000000000621      0x267 /home/robert/Desktop/Projektwoche/stm/U23_2013_examples/stm_projects/AsuroControl/obj/main.o
 .debug_abbrev  0x0000000000000888      0x136 /home/robert/Desktop/Projektwoche/stm/U23_2013_examples/libs/libCMSIS/obj/libCMSIS.a(system_stm32f4xx.o)
 .debug_abbrev  0x00000000000009be       0xcc /home/robert/Desktop/Projektwoche/stm/U23_2013_examples/libs/libCMSIS/obj/libCMSIS.a(startup_stm32f4xx.o)
 .debug_abbrev  0x0000000000000a8a      0x145 /home/robert/Desktop/Projektwoche/stm/U23_2013_examples/libs/libstm32f4xx/obj/libstm32f4xx.a(misc.o)
 .debug_abbrev  0x0000000000000bcf      0x1a5 /home/robert/Desktop/Projektwoche/stm/U23_2013_examples/libs/libstm32f4xx/obj/libstm32f4xx.a(stm32f4xx_exti.o)
 .debug_abbrev  0x0000000000000d74      0x187 /home/robert/Desktop/Projektwoche/stm/U23_2013_examples/libs/libstm32f4xx/obj/libstm32f4xx.a(stm32f4xx_tim.o)
 .debug_abbrev  0x0000000000000efb      0x155 /home/robert/Desktop/Projektwoche/stm/U23_2013_examples/libs/libstm32f4xx/obj/libstm32f4xx.a(stm32f4xx_usart.o)
 .debug_abbrev  0x0000000000001050      0x1e3 /home/robert/Desktop/Projektwoche/stm/U23_2013_examples/libs/libstm32f4xx/obj/libstm32f4xx.a(stm32f4xx_rcc.o)
 .debug_abbrev  0x0000000000001233      0x167 /home/robert/Desktop/Projektwoche/stm/U23_2013_examples/libs/libstm32f4xx/obj/libstm32f4xx.a(stm32f4xx_spi.o)
 .debug_abbrev  0x000000000000139a      0x155 /home/robert/Desktop/Projektwoche/stm/U23_2013_examples/libs/libstm32f4xx/obj/libstm32f4xx.a(stm32f4xx_dma.o)
 .debug_abbrev  0x00000000000014ef      0x1a3 /home/robert/Desktop/Projektwoche/stm/U23_2013_examples/libs/libstm32f4xx/obj/libstm32f4xx.a(stm32f4xx_gpio.o)
 .debug_abbrev  0x0000000000001692      0x144 /home/robert/Desktop/Projektwoche/stm/U23_2013_examples/libs/libstm32f4xx/obj/libstm32f4xx.a(stm32f4xx_rng.o)
 .debug_abbrev  0x00000000000017d6      0x243 /home/robert/Desktop/Projektwoche/stm/U23_2013_examples/libs/libstm32f4xx/obj/libstm32f4xx.a(stm32_ub_onewire.o)
 .debug_abbrev  0x0000000000001a19      0x231 /home/robert/Desktop/Projektwoche/stm/U23_2013_examples/libs/libsystem/obj/libsystem.a(NewlibSyscalls.o)
 .debug_abbrev  0x0000000000001c4a       0x9b /home/robert/Desktop/Projektwoche/stm/U23_2013_examples/libs/libsystem/obj/libsystem.a(SysTick.o)
 .debug_abbrev  0x0000000000001ce5      0x236 /home/robert/Desktop/Projektwoche/stm/U23_2013_examples/libs/libsystem/obj/libsystem.a(Debug.o)
 .debug_abbrev  0x0000000000001f1b      0x13c /home/robert/Desktop/Projektwoche/stm/U23_2013_examples/libs/libsystem/obj/libsystem.a(USART.o)
 .debug_abbrev  0x0000000000002057       0xad /home/robert/Desktop/Projektwoche/stm/U23_2013_examples/libs/libsystem/obj/libsystem.a(Random.o)
 .debug_abbrev  0x0000000000002104      0x20c /home/robert/Desktop/Projektwoche/stm/U23_2013_examples/libs/libsystem/obj/libsystem.a(Audio.o)
 .debug_abbrev  0x0000000000002310      0x1b4 /home/robert/Desktop/Projektwoche/stm/U23_2013_examples/libs/libsystem/obj/libsystem.a(Spi.o)
 .debug_abbrev  0x00000000000024c4       0xff /home/robert/Desktop/Projektwoche/stm/U23_2013_examples/libs/libsystem/obj/libsystem.a(LED.o)
 .debug_abbrev  0x00000000000025c3      0x170 /home/robert/Desktop/Projektwoche/stm/U23_2013_examples/libs/libsystem/obj/libsystem.a(Init.o)
 .debug_abbrev  0x0000000000002733       0x14 /home/robert/Desktop/Projektwoche/stm/STM32-Toolchain/arm-none-eabi/lib/gcc/arm-none-eabi/4.8.0/thumb/cortex-m4/float-abi-hard/fpuv4-sp-d16/libgcc.a(_arm_addsubdf3.o)
 .debug_abbrev  0x0000000000002747       0x14 /home/robert/Desktop/Projektwoche/stm/STM32-Toolchain/arm-none-eabi/lib/gcc/arm-none-eabi/4.8.0/thumb/cortex-m4/float-abi-hard/fpuv4-sp-d16/libgcc.a(_arm_muldivdf3.o)
 .debug_abbrev  0x000000000000275b       0x14 /home/robert/Desktop/Projektwoche/stm/STM32-Toolchain/arm-none-eabi/lib/gcc/arm-none-eabi/4.8.0/thumb/cortex-m4/float-abi-hard/fpuv4-sp-d16/libgcc.a(_arm_cmpdf2.o)
 .debug_abbrev  0x000000000000276f       0x14 /home/robert/Desktop/Projektwoche/stm/STM32-Toolchain/arm-none-eabi/lib/gcc/arm-none-eabi/4.8.0/thumb/cortex-m4/float-abi-hard/fpuv4-sp-d16/libgcc.a(_arm_fixunsdfsi.o)
 .debug_abbrev  0x0000000000002783      0x18f /home/robert/Desktop/Projektwoche/stm/STM32-Toolchain/arm-none-eabi/lib/gcc/arm-none-eabi/4.8.0/../../../../arm-none-eabi/lib/thumb/cortex-m4/float-abi-hard/fpuv4-sp-d16/libc.a(lib_a-errno.o)
 .debug_abbrev  0x0000000000002912      0x216 /home/robert/Desktop/Projektwoche/stm/STM32-Toolchain/arm-none-eabi/lib/gcc/arm-none-eabi/4.8.0/../../../../arm-none-eabi/lib/thumb/cortex-m4/float-abi-hard/fpuv4-sp-d16/libc.a(lib_a-fprintf.o)
 .debug_abbrev  0x0000000000002b28      0x234 /home/robert/Desktop/Projektwoche/stm/STM32-Toolchain/arm-none-eabi/lib/gcc/arm-none-eabi/4.8.0/../../../../arm-none-eabi/lib/thumb/cortex-m4/float-abi-hard/fpuv4-sp-d16/libc.a(lib_a-fwrite.o)
 .debug_abbrev  0x0000000000002d5c      0x180 /home/robert/Desktop/Projektwoche/stm/STM32-Toolchain/arm-none-eabi/lib/gcc/arm-none-eabi/4.8.0/../../../../arm-none-eabi/lib/thumb/cortex-m4/float-abi-hard/fpuv4-sp-d16/libc.a(lib_a-impure.o)
 .debug_abbrev  0x0000000000002edc      0x1fa /home/robert/Desktop/Projektwoche/stm/STM32-Toolchain/arm-none-eabi/lib/gcc/arm-none-eabi/4.8.0/../../../../arm-none-eabi/lib/thumb/cortex-m4/float-abi-hard/fpuv4-sp-d16/libc.a(lib_a-malloc.o)
 .debug_abbrev  0x00000000000030d6      0x2a2 /home/robert/Desktop/Projektwoche/stm/STM32-Toolchain/arm-none-eabi/lib/gcc/arm-none-eabi/4.8.0/../../../../arm-none-eabi/lib/thumb/cortex-m4/float-abi-hard/fpuv4-sp-d16/libc.a(lib_a-mallocr.o)
 .debug_abbrev  0x0000000000003378       0xab /home/robert/Desktop/Projektwoche/stm/STM32-Toolchain/arm-none-eabi/lib/gcc/arm-none-eabi/4.8.0/../../../../arm-none-eabi/lib/thumb/cortex-m4/float-abi-hard/fpuv4-sp-d16/libc.a(lib_a-memcpy-stub.o)
 .debug_abbrev  0x0000000000003423       0x9f /home/robert/Desktop/Projektwoche/stm/STM32-Toolchain/arm-none-eabi/lib/gcc/arm-none-eabi/4.8.0/../../../../arm-none-eabi/lib/thumb/cortex-m4/float-abi-hard/fpuv4-sp-d16/libc.a(lib_a-memset.o)
 .debug_abbrev  0x00000000000034c2      0x19a /home/robert/Desktop/Projektwoche/stm/STM32-Toolchain/arm-none-eabi/lib/gcc/arm-none-eabi/4.8.0/../../../../arm-none-eabi/lib/thumb/cortex-m4/float-abi-hard/fpuv4-sp-d16/libc.a(lib_a-mlock.o)
 .debug_abbrev  0x000000000000365c      0x227 /home/robert/Desktop/Projektwoche/stm/STM32-Toolchain/arm-none-eabi/lib/gcc/arm-none-eabi/4.8.0/../../../../arm-none-eabi/lib/thumb/cortex-m4/float-abi-hard/fpuv4-sp-d16/libc.a(lib_a-printf.o)
 .debug_abbrev  0x0000000000003883      0x1fd /home/robert/Desktop/Projektwoche/stm/STM32-Toolchain/arm-none-eabi/lib/gcc/arm-none-eabi/4.8.0/../../../../arm-none-eabi/lib/thumb/cortex-m4/float-abi-hard/fpuv4-sp-d16/libc.a(lib_a-sbrkr.o)
 .debug_abbrev  0x0000000000003a80      0x235 /home/robert/Desktop/Projektwoche/stm/STM32-Toolchain/arm-none-eabi/lib/gcc/arm-none-eabi/4.8.0/../../../../arm-none-eabi/lib/thumb/cortex-m4/float-abi-hard/fpuv4-sp-d16/libc.a(lib_a-setvbuf.o)
 .debug_abbrev  0x0000000000003cb5       0x70 /home/robert/Desktop/Projektwoche/stm/STM32-Toolchain/arm-none-eabi/lib/gcc/arm-none-eabi/4.8.0/../../../../arm-none-eabi/lib/thumb/cortex-m4/float-abi-hard/fpuv4-sp-d16/libc.a(lib_a-strlen.o)
 .debug_abbrev  0x0000000000003d25      0x3e0 /home/robert/Desktop/Projektwoche/stm/STM32-Toolchain/arm-none-eabi/lib/gcc/arm-none-eabi/4.8.0/../../../../arm-none-eabi/lib/thumb/cortex-m4/float-abi-hard/fpuv4-sp-d16/libc.a(lib_a-vfprintf.o)
 .debug_abbrev  0x0000000000004105      0x1f3 /home/robert/Desktop/Projektwoche/stm/STM32-Toolchain/arm-none-eabi/lib/gcc/arm-none-eabi/4.8.0/../../../../arm-none-eabi/lib/thumb/cortex-m4/float-abi-hard/fpuv4-sp-d16/libc.a(lib_a-wsetup.o)
 .debug_abbrev  0x00000000000042f8      0x2be /home/robert/Desktop/Projektwoche/stm/STM32-Toolchain/arm-none-eabi/lib/gcc/arm-none-eabi/4.8.0/../../../../arm-none-eabi/lib/thumb/cortex-m4/float-abi-hard/fpuv4-sp-d16/libc.a(lib_a-dtoa.o)
 .debug_abbrev  0x00000000000045b6      0x28e /home/robert/Desktop/Projektwoche/stm/STM32-Toolchain/arm-none-eabi/lib/gcc/arm-none-eabi/4.8.0/../../../../arm-none-eabi/lib/thumb/cortex-m4/float-abi-hard/fpuv4-sp-d16/libc.a(lib_a-fflush.o)
 .debug_abbrev  0x0000000000004844      0x360 /home/robert/Desktop/Projektwoche/stm/STM32-Toolchain/arm-none-eabi/lib/gcc/arm-none-eabi/4.8.0/../../../../arm-none-eabi/lib/thumb/cortex-m4/float-abi-hard/fpuv4-sp-d16/libc.a(lib_a-findfp.o)
 .debug_abbrev  0x0000000000004ba4      0x27b /home/robert/Desktop/Projektwoche/stm/STM32-Toolchain/arm-none-eabi/lib/gcc/arm-none-eabi/4.8.0/../../../../arm-none-eabi/lib/thumb/cortex-m4/float-abi-hard/fpuv4-sp-d16/libc.a(lib_a-freer.o)
 .debug_abbrev  0x0000000000004e1f      0x24a /home/robert/Desktop/Projektwoche/stm/STM32-Toolchain/arm-none-eabi/lib/gcc/arm-none-eabi/4.8.0/../../../../arm-none-eabi/lib/thumb/cortex-m4/float-abi-hard/fpuv4-sp-d16/libc.a(lib_a-fvwrite.o)
 .debug_abbrev  0x0000000000005069      0x1d1 /home/robert/Desktop/Projektwoche/stm/STM32-Toolchain/arm-none-eabi/lib/gcc/arm-none-eabi/4.8.0/../../../../arm-none-eabi/lib/thumb/cortex-m4/float-abi-hard/fpuv4-sp-d16/libc.a(lib_a-fwalk.o)
 .debug_abbrev  0x000000000000523a      0x2a3 /home/robert/Desktop/Projektwoche/stm/STM32-Toolchain/arm-none-eabi/lib/gcc/arm-none-eabi/4.8.0/../../../../arm-none-eabi/lib/thumb/cortex-m4/float-abi-hard/fpuv4-sp-d16/libc.a(lib_a-locale.o)
 .debug_abbrev  0x00000000000054dd      0x206 /home/robert/Desktop/Projektwoche/stm/STM32-Toolchain/arm-none-eabi/lib/gcc/arm-none-eabi/4.8.0/../../../../arm-none-eabi/lib/thumb/cortex-m4/float-abi-hard/fpuv4-sp-d16/libc.a(lib_a-makebuf.o)
 .debug_abbrev  0x00000000000056e3       0xba /home/robert/Desktop/Projektwoche/stm/STM32-Toolchain/arm-none-eabi/lib/gcc/arm-none-eabi/4.8.0/../../../../arm-none-eabi/lib/thumb/cortex-m4/float-abi-hard/fpuv4-sp-d16/libc.a(lib_a-memchr-stub.o)
 .debug_abbrev  0x000000000000579d       0xab /home/robert/Desktop/Projektwoche/stm/STM32-Toolchain/arm-none-eabi/lib/gcc/arm-none-eabi/4.8.0/../../../../arm-none-eabi/lib/thumb/cortex-m4/float-abi-hard/fpuv4-sp-d16/libc.a(lib_a-memmove.o)
 .debug_abbrev  0x0000000000005848      0x38a /home/robert/Desktop/Projektwoche/stm/STM32-Toolchain/arm-none-eabi/lib/gcc/arm-none-eabi/4.8.0/../../../../arm-none-eabi/lib/thumb/cortex-m4/float-abi-hard/fpuv4-sp-d16/libc.a(lib_a-mprec.o)
 .debug_abbrev  0x0000000000005bd2      0x26b /home/robert/Desktop/Projektwoche/stm/STM32-Toolchain/arm-none-eabi/lib/gcc/arm-none-eabi/4.8.0/../../../../arm-none-eabi/lib/thumb/cortex-m4/float-abi-hard/fpuv4-sp-d16/libc.a(lib_a-reallocr.o)
 .debug_abbrev  0x0000000000005e3d      0x27b /home/robert/Desktop/Projektwoche/stm/STM32-Toolchain/arm-none-eabi/lib/gcc/arm-none-eabi/4.8.0/../../../../arm-none-eabi/lib/thumb/cortex-m4/float-abi-hard/fpuv4-sp-d16/libc.a(lib_a-reent.o)
 .debug_abbrev  0x00000000000060b8       0xca /home/robert/Desktop/Projektwoche/stm/STM32-Toolchain/arm-none-eabi/lib/gcc/arm-none-eabi/4.8.0/../../../../arm-none-eabi/lib/thumb/cortex-m4/float-abi-hard/fpuv4-sp-d16/libc.a(lib_a-s_fpclassify.o)
 .debug_abbrev  0x0000000000006182      0x246 /home/robert/Desktop/Projektwoche/stm/STM32-Toolchain/arm-none-eabi/lib/gcc/arm-none-eabi/4.8.0/../../../../arm-none-eabi/lib/thumb/cortex-m4/float-abi-hard/fpuv4-sp-d16/libc.a(lib_a-stdio.o)
 .debug_abbrev  0x00000000000063c8       0x14 /home/robert/Desktop/Projektwoche/stm/STM32-Toolchain/arm-none-eabi/lib/gcc/arm-none-eabi/4.8.0/../../../../arm-none-eabi/lib/thumb/cortex-m4/float-abi-hard/fpuv4-sp-d16/libc.a(lib_a-strcmp.o)
 .debug_abbrev  0x00000000000063dc      0x3ad /home/robert/Desktop/Projektwoche/stm/STM32-Toolchain/arm-none-eabi/lib/gcc/arm-none-eabi/4.8.0/../../../../arm-none-eabi/lib/thumb/cortex-m4/float-abi-hard/fpuv4-sp-d16/libc.a(lib_a-vfiprintf.o)
 .debug_abbrev  0x0000000000006789      0x1f4 /home/robert/Desktop/Projektwoche/stm/STM32-Toolchain/arm-none-eabi/lib/gcc/arm-none-eabi/4.8.0/../../../../arm-none-eabi/lib/thumb/cortex-m4/float-abi-hard/fpuv4-sp-d16/libc.a(lib_a-writer.o)
 .debug_abbrev  0x000000000000697d      0x213 /home/robert/Desktop/Projektwoche/stm/STM32-Toolchain/arm-none-eabi/lib/gcc/arm-none-eabi/4.8.0/../../../../arm-none-eabi/lib/thumb/cortex-m4/float-abi-hard/fpuv4-sp-d16/libc.a(lib_a-callocr.o)
 .debug_abbrev  0x0000000000006b90      0x1ef /home/robert/Desktop/Projektwoche/stm/STM32-Toolchain/arm-none-eabi/lib/gcc/arm-none-eabi/4.8.0/../../../../arm-none-eabi/lib/thumb/cortex-m4/float-abi-hard/fpuv4-sp-d16/libc.a(lib_a-closer.o)
 .debug_abbrev  0x0000000000006d7f      0x26c /home/robert/Desktop/Projektwoche/stm/STM32-Toolchain/arm-none-eabi/lib/gcc/arm-none-eabi/4.8.0/../../../../arm-none-eabi/lib/thumb/cortex-m4/float-abi-hard/fpuv4-sp-d16/libc.a(lib_a-fclose.o)
 .debug_abbrev  0x0000000000006feb      0x292 /home/robert/Desktop/Projektwoche/stm/STM32-Toolchain/arm-none-eabi/lib/gcc/arm-none-eabi/4.8.0/../../../../arm-none-eabi/lib/thumb/cortex-m4/float-abi-hard/fpuv4-sp-d16/libc.a(lib_a-fputwc.o)
 .debug_abbrev  0x000000000000727d      0x1fe /home/robert/Desktop/Projektwoche/stm/STM32-Toolchain/arm-none-eabi/lib/gcc/arm-none-eabi/4.8.0/../../../../arm-none-eabi/lib/thumb/cortex-m4/float-abi-hard/fpuv4-sp-d16/libc.a(lib_a-fstatr.o)
 .debug_abbrev  0x000000000000747b      0x1fe /home/robert/Desktop/Projektwoche/stm/STM32-Toolchain/arm-none-eabi/lib/gcc/arm-none-eabi/4.8.0/../../../../arm-none-eabi/lib/thumb/cortex-m4/float-abi-hard/fpuv4-sp-d16/libc.a(lib_a-lseekr.o)
 .debug_abbrev  0x0000000000007679      0x1ef /home/robert/Desktop/Projektwoche/stm/STM32-Toolchain/arm-none-eabi/lib/gcc/arm-none-eabi/4.8.0/../../../../arm-none-eabi/lib/thumb/cortex-m4/float-abi-hard/fpuv4-sp-d16/libc.a(lib_a-readr.o)
 .debug_abbrev  0x0000000000007868      0x238 /home/robert/Desktop/Projektwoche/stm/STM32-Toolchain/arm-none-eabi/lib/gcc/arm-none-eabi/4.8.0/../../../../arm-none-eabi/lib/thumb/cortex-m4/float-abi-hard/fpuv4-sp-d16/libc.a(lib_a-wbuf.o)
 .debug_abbrev  0x0000000000007aa0      0x213 /home/robert/Desktop/Projektwoche/stm/STM32-Toolchain/arm-none-eabi/lib/gcc/arm-none-eabi/4.8.0/../../../../arm-none-eabi/lib/thumb/cortex-m4/float-abi-hard/fpuv4-sp-d16/libc.a(lib_a-wcrtomb.o)
 .debug_abbrev  0x0000000000007cb3      0x212 /home/robert/Desktop/Projektwoche/stm/STM32-Toolchain/arm-none-eabi/lib/gcc/arm-none-eabi/4.8.0/../../../../arm-none-eabi/lib/thumb/cortex-m4/float-abi-hard/fpuv4-sp-d16/libc.a(lib_a-wctomb_r.o)
 .debug_abbrev  0x0000000000007ec5       0x14 /home/robert/Desktop/Projektwoche/stm/STM32-Toolchain/arm-none-eabi/lib/gcc/arm-none-eabi/4.8.0/thumb/cortex-m4/float-abi-hard/fpuv4-sp-d16/libgcc.a(_arm_fixdfsi.o)

.debug_aranges  0x0000000000000000     0x14e8
 .debug_aranges
                0x0000000000000000      0x130 /home/robert/Desktop/Projektwoche/stm/U23_2013_examples/stm_projects/AsuroControl/obj/SSD1289.o
 .debug_aranges
                0x0000000000000130       0x88 /home/robert/Desktop/Projektwoche/stm/U23_2013_examples/stm_projects/AsuroControl/obj/XPT2046.o
 .debug_aranges
                0x00000000000001b8       0x60 /home/robert/Desktop/Projektwoche/stm/U23_2013_examples/stm_projects/AsuroControl/obj/LCD.o
 .debug_aranges
                0x0000000000000218       0x80 /home/robert/Desktop/Projektwoche/stm/U23_2013_examples/stm_projects/AsuroControl/obj/main.o
 .debug_aranges
                0x0000000000000298       0x30 /home/robert/Desktop/Projektwoche/stm/U23_2013_examples/libs/libCMSIS/obj/libCMSIS.a(system_stm32f4xx.o)
 .debug_aranges
                0x00000000000002c8       0x28 /home/robert/Desktop/Projektwoche/stm/U23_2013_examples/libs/libCMSIS/obj/libCMSIS.a(startup_stm32f4xx.o)
 .debug_aranges
                0x00000000000002f0       0x40 /home/robert/Desktop/Projektwoche/stm/U23_2013_examples/libs/libstm32f4xx/obj/libstm32f4xx.a(misc.o)
 .debug_aranges
                0x0000000000000330       0x58 /home/robert/Desktop/Projektwoche/stm/U23_2013_examples/libs/libstm32f4xx/obj/libstm32f4xx.a(stm32f4xx_exti.o)
 .debug_aranges
                0x0000000000000388      0x2f8 /home/robert/Desktop/Projektwoche/stm/U23_2013_examples/libs/libstm32f4xx/obj/libstm32f4xx.a(stm32f4xx_tim.o)
 .debug_aranges
                0x0000000000000680      0x100 /home/robert/Desktop/Projektwoche/stm/U23_2013_examples/libs/libstm32f4xx/obj/libstm32f4xx.a(stm32f4xx_usart.o)
 .debug_aranges
                0x0000000000000780      0x180 /home/robert/Desktop/Projektwoche/stm/U23_2013_examples/libs/libstm32f4xx/obj/libstm32f4xx.a(stm32f4xx_rcc.o)
 .debug_aranges
                0x0000000000000900       0xe0 /home/robert/Desktop/Projektwoche/stm/U23_2013_examples/libs/libstm32f4xx/obj/libstm32f4xx.a(stm32f4xx_spi.o)
 .debug_aranges
                0x00000000000009e0       0xb0 /home/robert/Desktop/Projektwoche/stm/U23_2013_examples/libs/libstm32f4xx/obj/libstm32f4xx.a(stm32f4xx_dma.o)
 .debug_aranges
                0x0000000000000a90       0x88 /home/robert/Desktop/Projektwoche/stm/U23_2013_examples/libs/libstm32f4xx/obj/libstm32f4xx.a(stm32f4xx_gpio.o)
 .debug_aranges
                0x0000000000000b18       0x58 /home/robert/Desktop/Projektwoche/stm/U23_2013_examples/libs/libstm32f4xx/obj/libstm32f4xx.a(stm32f4xx_rng.o)
 .debug_aranges