Archive member included because of file (symbol)

/home/robert/Desktop/Projektwoche/stm/U23_2013_examples/libs/libCMSIS/obj/libCMSIS.a(system_stm32f4xx.o)
                              (--whole-archive)
/home/robert/Desktop/Projektwoche/stm/U23_2013_examples/libs/libCMSIS/obj/libCMSIS.a(startup_stm32f4xx.o)
                              (--whole-archive)
/home/robert/Desktop/Projektwoche/stm/U23_2013_examples/libs/libstm32f4xx/obj/libstm32f4xx.a(misc.o)
                              (--whole-archive)
/home/robert/Desktop/Projektwoche/stm/U23_2013_examples/libs/libstm32f4xx/obj/libstm32f4xx.a(stm32f4xx_cryp_aes.o)
                              (--whole-archive)
/home/robert/Desktop/Projektwoche/stm/U23_2013_examples/libs/libstm32f4xx/obj/libstm32f4xx.a(stm32f4xx_dac.o)
                              (--whole-archive)
/home/robert/Desktop/Projektwoche/stm/U23_2013_examples/libs/libstm32f4xx/obj/libstm32f4xx.a(stm32f4xx_exti.o)
                              (--whole-archive)
/home/robert/Desktop/Projektwoche/stm/U23_2013_examples/libs/libstm32f4xx/obj/libstm32f4xx.a(stm32f4xx_hash.o)
                              (--whole-archive)
/home/robert/Desktop/Projektwoche/stm/U23_2013_examples/libs/libstm32f4xx/obj/libstm32f4xx.a(stm32f4xx_iwdg.o)
                              (--whole-archive)
/home/robert/Desktop/Projektwoche/stm/U23_2013_examples/libs/libstm32f4xx/obj/libstm32f4xx.a(stm32f4xx_rtc.o)
                              (--whole-archive)
/home/robert/Desktop/Projektwoche/stm/U23_2013_examples/libs/libstm32f4xx/obj/libstm32f4xx.a(stm32f4xx_tim.o)
                              (--whole-archive)
/home/robert/Desktop/Projektwoche/stm/U23_2013_examples/libs/libstm32f4xx/obj/libstm32f4xx.a(stm32f4xx_adc.o)
                              (--whole-archive)
/home/robert/Desktop/Projektwoche/stm/U23_2013_examples/libs/libstm32f4xx/obj/libstm32f4xx.a(stm32f4xx_cryp.o)
                              (--whole-archive)
/home/robert/Desktop/Projektwoche/stm/U23_2013_examples/libs/libstm32f4xx/obj/libstm32f4xx.a(stm32f4xx_dbgmcu.o)
                              (--whole-archive)
/home/robert/Desktop/Projektwoche/stm/U23_2013_examples/libs/libstm32f4xx/obj/libstm32f4xx.a(stm32f4xx_flash.o)
                              (--whole-archive)
/home/robert/Desktop/Projektwoche/stm/U23_2013_examples/libs/libstm32f4xx/obj/libstm32f4xx.a(stm32f4xx_hash_md5.o)
                              (--whole-archive)
/home/robert/Desktop/Projektwoche/stm/U23_2013_examples/libs/libstm32f4xx/obj/libstm32f4xx.a(stm32f4xx_pwr.o)
                              (--whole-archive)
/home/robert/Desktop/Projektwoche/stm/U23_2013_examples/libs/libstm32f4xx/obj/libstm32f4xx.a(stm32f4xx_sdio.o)
                              (--whole-archive)
/home/robert/Desktop/Projektwoche/stm/U23_2013_examples/libs/libstm32f4xx/obj/libstm32f4xx.a(stm32f4xx_usart.o)
                              (--whole-archive)
/home/robert/Desktop/Projektwoche/stm/U23_2013_examples/libs/libstm32f4xx/obj/libstm32f4xx.a(stm32f4xx_can.o)
                              (--whole-archive)
/home/robert/Desktop/Projektwoche/stm/U23_2013_examples/libs/libstm32f4xx/obj/libstm32f4xx.a(stm32f4xx_cryp_des.o)
                              (--whole-archive)
/home/robert/Desktop/Projektwoche/stm/U23_2013_examples/libs/libstm32f4xx/obj/libstm32f4xx.a(stm32f4xx_dcmi.o)
                              (--whole-archive)
/home/robert/Desktop/Projektwoche/stm/U23_2013_examples/libs/libstm32f4xx/obj/libstm32f4xx.a(stm32f4xx_fsmc.o)
                              (--whole-archive)
/home/robert/Desktop/Projektwoche/stm/U23_2013_examples/libs/libstm32f4xx/obj/libstm32f4xx.a(stm32f4xx_hash_sha1.o)
                              (--whole-archive)
/home/robert/Desktop/Projektwoche/stm/U23_2013_examples/libs/libstm32f4xx/obj/libstm32f4xx.a(stm32f4xx_rcc.o)
                              (--whole-archive)
/home/robert/Desktop/Projektwoche/stm/U23_2013_examples/libs/libstm32f4xx/obj/libstm32f4xx.a(stm32f4xx_spi.o)
                              (--whole-archive)
/home/robert/Desktop/Projektwoche/stm/U23_2013_examples/libs/libstm32f4xx/obj/libstm32f4xx.a(stm32f4xx_wwdg.o)
                              (--whole-archive)
/home/robert/Desktop/Projektwoche/stm/U23_2013_examples/libs/libstm32f4xx/obj/libstm32f4xx.a(stm32f4xx_crc.o)
                              (--whole-archive)
/home/robert/Desktop/Projektwoche/stm/U23_2013_examples/libs/libstm32f4xx/obj/libstm32f4xx.a(stm32f4xx_cryp_tdes.o)
                              (--whole-archive)
/home/robert/Desktop/Projektwoche/stm/U23_2013_examples/libs/libstm32f4xx/obj/libstm32f4xx.a(stm32f4xx_dma.o)
                              (--whole-archive)
/home/robert/Desktop/Projektwoche/stm/U23_2013_examples/libs/libstm32f4xx/obj/libstm32f4xx.a(stm32f4xx_gpio.o)
                              (--whole-archive)
/home/robert/Desktop/Projektwoche/stm/U23_2013_examples/libs/libstm32f4xx/obj/libstm32f4xx.a(stm32f4xx_i2c.o)
                              (--whole-archive)
[...]
Memory Configuration

Name             Origin             Length             Attributes
flash            0x0000000008000000 0x0000000000100000 xr
ccmram           0x0000000010000000 0x0000000000010000 xrw
sram             0x0000000020000000 0x0000000000020000 xrw
*default*        0x0000000000000000 0xffffffffffffffff

Linker script and memory map

                0x0000000008000000                . = ORIGIN (flash)

.text           0x0000000008000000     0x9d88
 *(.vectors)
 .vectors       0x0000000008000000      0x188 /home/robert/Desktop/Projektwoche/stm/U23_2013_examples/libs/libCMSIS/obj/libCMSIS.a(startup_stm32f4xx.o)
                0x0000000008000000                InterruptVectors
 *(.text*)
 .text.DelayMS  0x0000000008000188       0x38 /home/robert/Desktop/Projektwoche/stm/U23_2013_examples/stm_projects/render3D/obj/SSD1289.o
 .text.SSD1289_Configuration
                0x00000000080001c0       0x6c /home/robert/Desktop/Projektwoche/stm/U23_2013_examples/stm_projects/render3D/obj/SSD1289.o
 .text.SSD1289_WriteIndex
                0x000000000800022c       0x5c /home/robert/Desktop/Projektwoche/stm/U23_2013_examples/stm_projects/render3D/obj/SSD1289.o
                0x000000000800022c                SSD1289_WriteIndex
 .text.SSD1289_WriteData
                0x0000000008000288       0x4c /home/robert/Desktop/Projektwoche/stm/U23_2013_examples/stm_projects/render3D/obj/SSD1289.o
                0x0000000008000288                SSD1289_WriteData
 .text.SSD1289_WriteReg
                0x00000000080002d4       0x44 /home/robert/Desktop/Projektwoche/stm/U23_2013_examples/stm_projects/render3D/obj/SSD1289.o
                0x00000000080002d4                SSD1289_WriteReg
 .text.SSD1289_SetCursor
                0x0000000008000318       0x50 /home/robert/Desktop/Projektwoche/stm/U23_2013_examples/stm_projects/render3D/obj/SSD1289.o
                0x0000000008000318                SSD1289_SetCursor
 .text.SSD1289_Init
                0x0000000008000368      0x1c0 /home/robert/Desktop/Projektwoche/stm/U23_2013_examples/stm_projects/render3D/obj/SSD1289.o
                0x0000000008000368                SSD1289_Init
 .text.SSD1289_Clear
                0x0000000008000528       0x60 /home/robert/Desktop/Projektwoche/stm/U23_2013_examples/stm_projects/render3D/obj/SSD1289.o
                0x0000000008000528                SSD1289_Clear
 .text.SSD1289_SetPoint
                0x0000000008000588       0x40 /home/robert/Desktop/Projektwoche/stm/U23_2013_examples/stm_projects/render3D/obj/SSD1289.o
                0x0000000008000588                SSD1289_SetPoint
 .text.SSD1289_CleanPutCharFont
                0x00000000080005c8       0xbc /home/robert/Desktop/Projektwoche/stm/U23_2013_examples/stm_projects/render3D/obj/SSD1289.o
                0x00000000080005c8                SSD1289_CleanPutCharFont
 .text.SSD1289_CleanTextFont
                0x0000000008000684       0x64 /home/robert/Desktop/Projektwoche/stm/U23_2013_examples/stm_projects/render3D/obj/SSD1289.o
                0x0000000008000684                SSD1289_CleanTextFont
 .text.XPT2046_Init
                0x00000000080006e8      0x120 /home/robert/Desktop/Projektwoche/stm/U23_2013_examples/stm_projects/render3D/obj/XPT2046.o
                0x00000000080006e8                XPT2046_Init
 .text.set_CS   0x0000000008000808       0x18 /home/robert/Desktop/Projektwoche/stm/U23_2013_examples/stm_projects/render3D/obj/XPT2046.o
 .text.SetLEDs  0x0000000008000820       0x40 /home/robert/Desktop/Projektwoche/stm/U23_2013_examples/stm_projects/render3D/obj/LCD.o
 .text.DelayMS  0x0000000008000860       0x38 /home/robert/Desktop/Projektwoche/stm/U23_2013_examples/stm_projects/render3D/obj/LCD.o
 .text.lcd_initLCD
                0x0000000008000898       0x30 /home/robert/Desktop/Projektwoche/stm/U23_2013_examples/stm_projects/render3D/obj/LCD.o
                0x0000000008000898                lcd_initLCD
 .text.NVIC_SetPriority
                0x00000000080008c8       0x58 /home/robert/Desktop/Projektwoche/stm/U23_2013_examples/stm_projects/render3D/obj/main.o
 .text.SysTick_Config
                0x0000000008000920       0x54 /home/robert/Desktop/Projektwoche/stm/U23_2013_examples/stm_projects/render3D/obj/main.o
 .text.DelayMS  0x0000000008000974       0x38 /home/robert/Desktop/Projektwoche/stm/U23_2013_examples/stm_projects/render3D/obj/main.o
 .text.main     0x00000000080009ac       0x98 /home/robert/Desktop/Projektwoche/stm/U23_2013_examples/stm_projects/render3D/obj/main.o
                0x00000000080009ac                main
 .text.GetASCIICode
                0x0000000008000a44       0xa8 /home/robert/Desktop/Projektwoche/stm/U23_2013_examples/stm_projects/render3D/obj/AsciiLib.o
                0x0000000008000a44                GetASCIICode
 .text.SystemInit
                0x0000000008000aec       0xac /home/robert/Desktop/Projektwoche/stm/U23_2013_examples/libs/libCMSIS/obj/libCMSIS.a(system_stm32f4xx.o)
                0x0000000008000aec                SystemInit
 .text.SetSysClock
                0x0000000008000b98      0x1d4 /home/robert/Desktop/Projektwoche/stm/U23_2013_examples/libs/libCMSIS/obj/libCMSIS.a(system_stm32f4xx.o)
 .text.Reset_Handler
                0x0000000008000d6c       0x90 /home/robert/Desktop/Projektwoche/stm/U23_2013_examples/libs/libCMSIS/obj/libCMSIS.a(startup_stm32f4xx.o)
                0x0000000008000d6c                Reset_Handler
 .text.Default_Handler
                0x0000000008000dfc        0x4 /home/robert/Desktop/Projektwoche/stm/U23_2013_examples/libs/libCMSIS/obj/libCMSIS.a(startup_stm32f4xx.o)
                0x0000000008000dfc                RTC_Alarm_IRQHandler
                0x0000000008000dfc                HASH_RNG_IRQHandler
                0x0000000008000dfc                EXTI2_IRQHandler
                0x0000000008000dfc                TIM8_CC_IRQHandler
                0x0000000008000dfc                SVCall_Handler
                0x0000000008000dfc                DebugMon_Handler
                0x0000000008000dfc                TIM1_CC_IRQHandler
                0x0000000008000dfc                DMA2_Stream5_IRQHandler
                0x0000000008000dfc                HardFault_Handler
                0x0000000008000dfc                DMA1_Stream5_IRQHandler
                0x0000000008000dfc                PVD_IRQHandler
                0x0000000008000dfc                SDIO_IRQHandler
                0x0000000008000dfc                TAMP_STAMP_IRQHandler
                0x0000000008000dfc                PendSV_Handler
                0x0000000008000dfc                NMI_Handler
                0x0000000008000dfc                CAN2_RX1_IRQHandler
                0x0000000008000dfc                EXTI3_IRQHandler
                0x0000000008000dfc                TIM8_TRG_COM_TIM14_IRQHandler
                0x0000000008000dfc                TIM1_UP_TIM10_IRQHandler
                0x0000000008000dfc                TIM8_UP_TIM13_IRQHandler
                0x0000000008000dfc                I2C3_ER_IRQHandler
                0x0000000008000dfc                EXTI0_IRQHandler
                0x0000000008000dfc                I2C2_EV_IRQHandler
                0x0000000008000dfc                DMA1_Stream2_IRQHandler
                0x0000000008000dfc                CAN1_RX0_IRQHandler
                0x0000000008000dfc                FPU_IRQHandler
                0x0000000008000dfc                OTG_HS_WKUP_IRQHandler
                0x0000000008000dfc                UsageFault_Handler
                0x0000000008000dfc                CAN2_SCE_IRQHandler
                0x0000000008000dfc                DMA2_Stream2_IRQHandler
                0x0000000008000dfc                SPI1_IRQHandler
                0x0000000008000dfc                TIM6_DAC_IRQHandler
                0x0000000008000dfc                TIM1_BRK_TIM9_IRQHandler
                0x0000000008000dfc                DCMI_IRQHandler
                0x0000000008000dfc                CAN2_RX0_IRQHandler
                0x0000000008000dfc                DMA2_Stream3_IRQHandler
                0x0000000008000dfc                USART6_IRQHandler
                0x0000000008000dfc                USART3_IRQHandler
                0x0000000008000dfc                CRYP_IRQHandler
                0x0000000008000dfc                CAN1_RX1_IRQHandler
                0x0000000008000dfc                UART5_IRQHandler
                0x0000000008000dfc                DMA2_Stream0_IRQHandler
                0x0000000008000dfc                TIM4_IRQHandler
                0x0000000008000dfc                I2C1_EV_IRQHandler
                0x0000000008000dfc                DMA1_Stream6_IRQHandler
                0x0000000008000dfc                DMA1_Stream1_IRQHandler
                0x0000000008000dfc                UART4_IRQHandler
                0x0000000008000dfc                TIM3_IRQHandler
                0x0000000008000dfc                RCC_IRQHandler
                0x0000000008000dfc                TIM8_BRK_TIM12_IRQHandler
                0x0000000008000dfc                Default_Handler
                0x0000000008000dfc                EXTI15_10_IRQHandler
                0x0000000008000dfc                ADC_IRQHandler
                0x0000000008000dfc                CAN2_TX_IRQHandler
                0x0000000008000dfc                TIM5_IRQHandler
                0x0000000008000dfc                DMA2_Stream7_IRQHandler
                0x0000000008000dfc                I2C3_EV_IRQHandler
                0x0000000008000dfc                EXTI9_5_IRQHandler
                0x0000000008000dfc                RTC_WKUP_IRQHandler
                0x0000000008000dfc                ETH_WKUP_IRQHandler
                0x0000000008000dfc                OTG_HS_EP1_IN_IRQHandler
                0x0000000008000dfc                MemManage_Handler
                0x0000000008000dfc                DMA1_Stream0_IRQHandler
                0x0000000008000dfc                CAN1_TX_IRQHandler
                0x0000000008000dfc                EXTI4_IRQHandler
                0x0000000008000dfc                FSMC_IRQHandler
                0x0000000008000dfc                ETH_IRQHandler
                0x0000000008000dfc                OTG_HS_EP1_OUT_IRQHandler
                0x0000000008000dfc                WWDG_IRQHandler
                0x0000000008000dfc                TIM2_IRQHandler
                0x0000000008000dfc                OTG_FS_WKUP_IRQHandler
                0x0000000008000dfc                TIM1_TRG_COM_TIM11_IRQHandler
                0x0000000008000dfc                OTG_HS_IRQHandler
                0x0000000008000dfc                EXTI1_IRQHandler
                0x0000000008000dfc                USART2_IRQHandler
                0x0000000008000dfc                I2C2_ER_IRQHandler
                0x0000000008000dfc                DMA2_Stream1_IRQHandler
                0x0000000008000dfc                CAN1_SCE_IRQHandler
                0x0000000008000dfc                FLASH_IRQHandler
                0x0000000008000dfc                DMA2_Stream4_IRQHandler
                0x0000000008000dfc                BusFault_Handler
                0x0000000008000dfc                USART1_IRQHandler
                0x0000000008000dfc                OTG_FS_IRQHandler
                0x0000000008000dfc                SPI3_IRQHandler
                0x0000000008000dfc                DMA1_Stream4_IRQHandler
                0x0000000008000dfc                I2C1_ER_IRQHandler
                0x0000000008000dfc                DMA2_Stream6_IRQHandler
                0x0000000008000dfc                DMA1_Stream3_IRQHandler
 .text.NVIC_PriorityGroupConfig
                0x0000000008000e00       0x28 /home/robert/Desktop/Projektwoche/stm/U23_2013_examples/libs/libstm32f4xx/obj/libstm32f4xx.a(misc.o)
                0x0000000008000e00                NVIC_PriorityGroupConfig
 .text.NVIC_Init
                0x0000000008000e28       0xcc /home/robert/Desktop/Projektwoche/stm/U23_2013_examples/libs/libstm32f4xx/obj/libstm32f4xx.a(misc.o)
                0x0000000008000e28                NVIC_Init
 .text.TIM_GetITStatus
                0x0000000008000ef4       0x54 /home/robert/Desktop/Projektwoche/stm/U23_2013_examples/libs/libstm32f4xx/obj/libstm32f4xx.a(stm32f4xx_tim.o)
                0x0000000008000ef4                TIM_GetITStatus
 .text.TIM_ClearITPendingBit
                0x0000000008000f48       0x20 /home/robert/Desktop/Projektwoche/stm/U23_2013_examples/libs/libstm32f4xx/obj/libstm32f4xx.a(stm32f4xx_tim.o)
                0x0000000008000f48                TIM_ClearITPendingBit
 .text.USART_Init
                0x0000000008000f68      0x188 /home/robert/Desktop/Projektwoche/stm/U23_2013_examples/libs/libstm32f4xx/obj/libstm32f4xx.a(stm32f4xx_usart.o)
                0x0000000008000f68                USART_Init
 .text.USART_ClockInit
                0x00000000080010f0       0x54 /home/robert/Desktop/Projektwoche/stm/U23_2013_examples/libs/libstm32f4xx/obj/libstm32f4xx.a(stm32f4xx_usart.o)
                0x00000000080010f0                USART_ClockInit
 .text.USART_ClockStructInit
                0x0000000008001144       0x2c /home/robert/Desktop/Projektwoche/stm/U23_2013_examples/libs/libstm32f4xx/obj/libstm32f4xx.a(stm32f4xx_usart.o)
                0x0000000008001144                USART_ClockStructInit
 .text.USART_Cmd
                0x0000000008001170       0x40 /home/robert/Desktop/Projektwoche/stm/U23_2013_examples/libs/libstm32f4xx/obj/libstm32f4xx.a(stm32f4xx_usart.o)
                0x0000000008001170                USART_Cmd
 .text.USART_SendData
                0x00000000080011b0       0x24 /home/robert/Desktop/Projektwoche/stm/U23_2013_examples/libs/libstm32f4xx/obj/libstm32f4xx.a(stm32f4xx_usart.o)
                0x00000000080011b0                USART_SendData
 .text.USART_GetFlagStatus
                0x00000000080011d4       0x38 /home/robert/Desktop/Projektwoche/stm/U23_2013_examples/libs/libstm32f4xx/obj/libstm32f4xx.a(stm32f4xx_usart.o)
                0x00000000080011d4                USART_GetFlagStatus
 .text.RCC_GetClocksFreq
                0x000000000800120c      0x1a8 /home/robert/Desktop/Projektwoche/stm/U23_2013_examples/libs/libstm32f4xx/obj/libstm32f4xx.a(stm32f4xx_rcc.o)
                0x000000000800120c                RCC_GetClocksFreq
 .text.RCC_AHB1PeriphClockCmd
                0x00000000080013b4       0x50 /home/robert/Desktop/Projektwoche/stm/U23_2013_examples/libs/libstm32f4xx/obj/libstm32f4xx.a(stm32f4xx_rcc.o)
                0x00000000080013b4                RCC_AHB1PeriphClockCmd
 .text.RCC_AHB2PeriphClockCmd
                0x0000000008001404       0x50 /home/robert/Desktop/Projektwoche/stm/U23_2013_examples/libs/libstm32f4xx/obj/libstm32f4xx.a(stm32f4xx_rcc.o)
                0x0000000008001404                RCC_AHB2PeriphClockCmd
 .text.RCC_APB1PeriphClockCmd
                0x0000000008001454       0x50 /home/robert/Desktop/Projektwoche/stm/U23_2013_examples/libs/libstm32f4xx/obj/libstm32f4xx.a(stm32f4xx_rcc.o)
                0x0000000008001454                RCC_APB1PeriphClockCmd
 .text.SPI_Init
                0x00000000080014a4       0x88 /home/robert/Desktop/Projektwoche/stm/U23_2013_examples/libs/libstm32f4xx/obj/libstm32f4xx.a(stm32f4xx_spi.o)
                0x00000000080014a4                SPI_Init
 .text.SPI_Cmd  0x000000000800152c       0x40 /home/robert/Desktop/Projektwoche/stm/U23_2013_examples/libs/libstm32f4xx/obj/libstm32f4xx.a(stm32f4xx_spi.o)
                0x000000000800152c                SPI_Cmd
 .text.SPI_I2S_ReceiveData
                0x000000000800156c       0x1c /home/robert/Desktop/Projektwoche/stm/U23_2013_examples/libs/libstm32f4xx/obj/libstm32f4xx.a(stm32f4xx_spi.o)
                0x000000000800156c                SPI_I2S_ReceiveData
 .text.SPI_I2S_SendData
                0x0000000008001588       0x1c /home/robert/Desktop/Projektwoche/stm/U23_2013_examples/libs/libstm32f4xx/obj/libstm32f4xx.a(stm32f4xx_spi.o)
                0x0000000008001588                SPI_I2S_SendData
 .text.SPI_I2S_ITConfig
                0x00000000080015a4       0x60 /home/robert/Desktop/Projektwoche/stm/U23_2013_examples/libs/libstm32f4xx/obj/libstm32f4xx.a(stm32f4xx_spi.o)
                0x00000000080015a4                SPI_I2S_ITConfig
 .text.SPI_I2S_GetFlagStatus
                0x0000000008001604       0x38 /home/robert/Desktop/Projektwoche/stm/U23_2013_examples/libs/libstm32f4xx/obj/libstm32f4xx.a(stm32f4xx_spi.o)
                0x0000000008001604                SPI_I2S_GetFlagStatus
 .text.DMA_Init
                0x000000000800163c       0xb0 /home/robert/Desktop/Projektwoche/stm/U23_2013_examples/libs/libstm32f4xx/obj/libstm32f4xx.a(stm32f4xx_dma.o)
                0x000000000800163c                DMA_Init
 .text.DMA_Cmd  0x00000000080016ec       0x38 /home/robert/Desktop/Projektwoche/stm/U23_2013_examples/libs/libstm32f4xx/obj/libstm32f4xx.a(stm32f4xx_dma.o)
                0x00000000080016ec                DMA_Cmd
 .text.DMA_ClearFlag
                0x0000000008001724       0x60 /home/robert/Desktop/Projektwoche/stm/U23_2013_examples/libs/libstm32f4xx/obj/libstm32f4xx.a(stm32f4xx_dma.o)
                0x0000000008001724                DMA_ClearFlag
 .text.GPIO_Init
                0x0000000008001784      0x11c /home/robert/Desktop/Projektwoche/stm/U23_2013_examples/libs/libstm32f4xx/obj/libstm32f4xx.a(stm32f4xx_gpio.o)
                0x0000000008001784                GPIO_Init
 .text.GPIO_SetBits
                0x00000000080018a0       0x1c /home/robert/Desktop/Projektwoche/stm/U23_2013_examples/libs/libstm32f4xx/obj/libstm32f4xx.a(stm32f4xx_gpio.o)
                0x00000000080018a0                GPIO_SetBits
 .text.GPIO_ResetBits
                0x00000000080018bc       0x1c /home/robert/Desktop/Projektwoche/stm/U23_2013_examples/libs/libstm32f4xx/obj/libstm32f4xx.a(stm32f4xx_gpio.o)
                0x00000000080018bc                GPIO_ResetBits
 .text.GPIO_PinAFConfig
                0x00000000080018d8       0x8c /home/robert/Desktop/Projektwoche/stm/U23_2013_examples/libs/libstm32f4xx/obj/libstm32f4xx.a(stm32f4xx_gpio.o)
                0x00000000080018d8                GPIO_PinAFConfig
 .text.RNG_Cmd  0x0000000008001964       0x4c /home/robert/Desktop/Projektwoche/stm/U23_2013_examples/libs/libstm32f4xx/obj/libstm32f4xx.a(stm32f4xx_rng.o)
                0x0000000008001964                RNG_Cmd
 .text.RNG_ITConfig
                0x00000000080019b0       0x4c /home/robert/Desktop/Projektwoche/stm/U23_2013_examples/libs/libstm32f4xx/obj/libstm32f4xx.a(stm32f4xx_rng.o)
                0x00000000080019b0                RNG_ITConfig
 .text.TIM7_IRQHandler
                0x00000000080019fc       0x40 /home/robert/Desktop/Projektwoche/stm/U23_2013_examples/libs/libstm32f4xx/obj/libstm32f4xx.a(stm32_ub_onewire.o)
                0x00000000080019fc                TIM7_IRQHandler
 .text._fstat   0x0000000008001a3c       0x3c /home/robert/Desktop/Projektwoche/stm/U23_2013_examples/libs/libsystem/obj/libsystem.a(NewlibSyscalls.o)
                0x0000000008001a3c                _fstat
 .text._lseek   0x0000000008001a78       0x38 /home/robert/Desktop/Projektwoche/stm/U23_2013_examples/libs/libsystem/obj/libsystem.a(NewlibSyscalls.o)
                0x0000000008001a78                _lseek
 .text._read    0x0000000008001ab0       0x38 /home/robert/Desktop/Projektwoche/stm/U23_2013_examples/libs/libsystem/obj/libsystem.a(NewlibSyscalls.o)
                0x0000000008001ab0                _read
 .text._close   0x0000000008001ae8       0x30 /home/robert/Desktop/Projektwoche/stm/U23_2013_examples/libs/libsystem/obj/libsystem.a(NewlibSyscalls.o)
                0x0000000008001ae8                _close
 .text._isatty_r
                0x0000000008001b18       0x30 /home/robert/Desktop/Projektwoche/stm/U23_2013_examples/libs/libsystem/obj/libsystem.a(NewlibSyscalls.o)
                0x0000000008001b18                _isatty_r
 .text._write   0x0000000008001b48       0x68 /home/robert/Desktop/Projektwoche/stm/U23_2013_examples/libs/libsystem/obj/libsystem.a(NewlibSyscalls.o)
                0x0000000008001b48                _write
 .text._sbrk    0x0000000008001bb0       0x98 /home/robert/Desktop/Projektwoche/stm/U23_2013_examples/libs/libsystem/obj/libsystem.a(NewlibSyscalls.o)
                0x0000000008001bb0                _sbrk
 .text._file_fstat
                0x0000000008001c48       0x38 /home/robert/Desktop/Projektwoche/stm/U23_2013_examples/libs/libsystem/obj/libsystem.a(NewlibSyscalls.o)
                0x0000000008001c48                _file_fstat
 .text._file_write
                0x0000000008001c80       0x38 /home/robert/Desktop/Projektwoche/stm/U23_2013_examples/libs/libsystem/obj/libsystem.a(NewlibSyscalls.o)
                0x0000000008001c80                _file_write
 .text._file_read
                0x0000000008001cb8       0x38 /home/robert/Desktop/Projektwoche/stm/U23_2013_examples/libs/libsystem/obj/libsystem.a(NewlibSyscalls.o)
                0x0000000008001cb8                _file_read
 .text._file_lseek
                0x0000000008001cf0       0x38 /home/robert/Desktop/Projektwoche/stm/U23_2013_examples/libs/libsystem/obj/libsystem.a(NewlibSyscalls.o)
                0x0000000008001cf0                _file_lseek
 .text._file_close
                0x0000000008001d28       0x34 /home/robert/Desktop/Projektwoche/stm/U23_2013_examples/libs/libsystem/obj/libsystem.a(NewlibSyscalls.o)
                0x0000000008001d28                _file_close
 .text._file_isatty
                0x0000000008001d5c       0x34 /home/robert/Desktop/Projektwoche/stm/U23_2013_examples/libs/libsystem/obj/libsystem.a(NewlibSyscalls.o)
                0x0000000008001d5c                _file_isatty
 .text.SysTick_Handler
                0x0000000008001d90       0x24 /home/robert/Desktop/Projektwoche/stm/U23_2013_examples/libs/libsystem/obj/libsystem.a(SysTick.o)
                0x0000000008001d90                SysTick_Handler
 .text.ITM_SendChar
                0x0000000008001db4       0x4c /home/robert/Desktop/Projektwoche/stm/U23_2013_examples/libs/libsystem/obj/libsystem.a(Debug.o)
 .text.EnableDebugOutput
                0x0000000008001e00       0x40 /home/robert/Desktop/Projektwoche/stm/U23_2013_examples/libs/libsystem/obj/libsystem.a(Debug.o)
                0x0000000008001e00                EnableDebugOutput
 .text.DebugPrintChar
                0x0000000008001e40       0x40 /home/robert/Desktop/Projektwoche/stm/U23_2013_examples/libs/libsystem/obj/libsystem.a(Debug.o)
                0x0000000008001e40                DebugPrintChar
 .text.MyUSART_Init
                0x0000000008001e80       0xe0 /home/robert/Desktop/Projektwoche/stm/U23_2013_examples/libs/libsystem/obj/libsystem.a(USART.o)
                0x0000000008001e80                MyUSART_Init
 .text.USART_SendChar
                0x0000000008001f60       0x38 /home/robert/Desktop/Projektwoche/stm/U23_2013_examples/libs/libsystem/obj/libsystem.a(USART.o)
                0x0000000008001f60                USART_SendChar
 .text.InitializeRandom
                0x0000000008001f98       0x28 /home/robert/Desktop/Projektwoche/stm/U23_2013_examples/libs/libsystem/obj/libsystem.a(Random.o)
                0x0000000008001f98                InitializeRandom
 .text.ProvideAudioBuffer
                0x0000000008001fc0       0x28 /home/robert/Desktop/Projektwoche/stm/U23_2013_examples/libs/libsystem/obj/libsystem.a(Audio.o)
 .text.ProvideAudioBufferWithoutBlocking
                0x0000000008001fe8       0x84 /home/robert/Desktop/Projektwoche/stm/U23_2013_examples/libs/libsystem/obj/libsystem.a(Audio.o)
 .text.StartAudioDMAAndRequestBuffers
                0x000000000800206c      0x104 /home/robert/Desktop/Projektwoche/stm/U23_2013_examples/libs/libsystem/obj/libsystem.a(Audio.o)
 .text.DMA1_Stream7_IRQHandler
                0x0000000008002170       0x38 /home/robert/Desktop/Projektwoche/stm/U23_2013_examples/libs/libsystem/obj/libsystem.a(Audio.o)
                0x0000000008002170                DMA1_Stream7_IRQHandler
 .text.SPI2_IRQHandler
                0x00000000080021a8      0x1a4 /home/robert/Desktop/Projektwoche/stm/U23_2013_examples/libs/libsystem/obj/libsystem.a(Spi.o)
                0x00000000080021a8                SPI2_IRQHandler
 .text.InitializeLEDs
                0x000000000800234c       0x3c /home/robert/Desktop/Projektwoche/stm/U23_2013_examples/libs/libsystem/obj/libsystem.a(LED.o)
                0x000000000800234c                InitializeLEDs
 .text.NVIC_SetPriority
                0x0000000008002388       0x58 /home/robert/Desktop/Projektwoche/stm/U23_2013_examples/libs/libsystem/obj/libsystem.a(Init.o)
 .text.SysTick_Config
                0x00000000080023e0       0x54 /home/robert/Desktop/Projektwoche/stm/U23_2013_examples/libs/libsystem/obj/libsystem.a(Init.o)
 .text.InitializeSystem
                0x0000000008002434       0x34 /home/robert/Desktop/Projektwoche/stm/U23_2013_examples/libs/libsystem/obj/libsystem.a(Init.o)
                0x0000000008002434                InitializeSystem
 .text          0x0000000008002468      0x370 /home/robert/Desktop/Projektwoche/stm/STM32-Toolchain/arm-none-eabi/lib/gcc/arm-none-eabi/4.8.0/thumb/cortex-m4/float-abi-hard/fpuv4-sp-d16/libgcc.a(_arm_addsubdf3.o)
                0x0000000008002468                __aeabi_drsub
                0x0000000008002470                __aeabi_dsub
                0x0000000008002470                __subdf3
                0x0000000008002474                __adddf3
                0x0000000008002474                __aeabi_dadd
                0x00000000080026ec                __aeabi_ui2d
                0x00000000080026ec                __floatunsidf
                0x000000000800270c                __floatsidf
                0x000000000800270c                __aeabi_i2d
                0x0000000008002730                __extendsfdf2
                0x0000000008002730                __aeabi_f2d
                0x000000000800276c                __aeabi_ul2d
                0x000000000800276c                __floatundidf
                0x000000000800277c                __floatdidf
                0x000000000800277c                __aeabi_l2d
 .text          0x00000000080027d8      0x424 /home/robert/Desktop/Projektwoche/stm/STM32-Toolchain/arm-none-eabi/lib/gcc/arm-none-eabi/4.8.0/thumb/cortex-m4/float-abi-hard/fpuv4-sp-d16/libgcc.a(_arm_muldivdf3.o)
                0x00000000080027d8                __aeabi_dmul
                0x00000000080027d8                __muldf3
                0x0000000008002a2c                __aeabi_ddiv
                0x0000000008002a2c                __divdf3
 .text          0x0000000008002bfc      0x110 /home/robert/Desktop/Projektwoche/stm/STM32-Toolchain/arm-none-eabi/lib/gcc/arm-none-eabi/4.8.0/thumb/cortex-m4/float-abi-hard/fpuv4-sp-d16/libgcc.a(_arm_cmpdf2.o)
                0x0000000008002bfc                __gtdf2
                0x0000000008002bfc                __gedf2
                0x0000000008002c04                __ltdf2
                0x0000000008002c04                __ledf2
                0x0000000008002c0c                __cmpdf2
                0x0000000008002c0c                __eqdf2
                0x0000000008002c0c                __nedf2
                0x0000000008002c88                __aeabi_cdrcmple
                0x0000000008002c98                __aeabi_cdcmple
                0x0000000008002c98                __aeabi_cdcmpeq
                0x0000000008002ca8                __aeabi_dcmpeq
                0x0000000008002cbc                __aeabi_dcmplt
                0x0000000008002cd0                __aeabi_dcmple
                0x0000000008002ce4                __aeabi_dcmpge
                0x0000000008002cf8                __aeabi_dcmpgt
 .text          0x0000000008002d0c        0xc /home/robert/Desktop/Projektwoche/stm/STM32-Toolchain/arm-none-eabi/lib/gcc/arm-none-eabi/4.8.0/../../../../arm-none-eabi/lib/thumb/cortex-m4/float-abi-hard/fpuv4-sp-d16/libc.a(lib_a-errno.o)
                0x0000000008002d0c                __errno
 .text          0x0000000008002d18       0x4c /home/robert/Desktop/Projektwoche/stm/STM32-Toolchain/arm-none-eabi/lib/gcc/arm-none-eabi/4.8.0/../../../../arm-none-eabi/lib/thumb/cortex-m4/float-abi-hard/fpuv4-sp-d16/libc.a(lib_a-fprintf.o)
                0x0000000008002d18                _fprintf_r
                0x0000000008002d38                fprintf
 .text          0x0000000008002d64       0x88 /home/robert/Desktop/Projektwoche/stm/STM32-Toolchain/arm-none-eabi/lib/gcc/arm-none-eabi/4.8.0/../../../../arm-none-eabi/lib/thumb/cortex-m4/float-abi-hard/fpuv4-sp-d16/libc.a(lib_a-fwrite.o)
                0x0000000008002d64                _fwrite_r
                0x0000000008002dc8                fwrite
 .text          0x0000000008002dec       0x20 /home/robert/Desktop/Projektwoche/stm/STM32-Toolchain/arm-none-eabi/lib/gcc/arm-none-eabi/4.8.0/../../../../arm-none-eabi/lib/thumb/cortex-m4/float-abi-hard/fpuv4-sp-d16/libc.a(lib_a-malloc.o)
                0x0000000008002dec                malloc
                0x0000000008002dfc                free
 .text          0x0000000008002e0c      0x554 /home/robert/Desktop/Projektwoche/stm/STM32-Toolchain/arm-none-eabi/lib/gcc/arm-none-eabi/4.8.0/../../../../arm-none-eabi/lib/thumb/cortex-m4/float-abi-hard/fpuv4-sp-d16/libc.a(lib_a-mallocr.o)
                0x0000000008002e0c                _malloc_r
 .text          0x0000000008003360       0x9c /home/robert/Desktop/Projektwoche/stm/STM32-Toolchain/arm-none-eabi/lib/gcc/arm-none-eabi/4.8.0/../../../../arm-none-eabi/lib/thumb/cortex-m4/float-abi-hard/fpuv4-sp-d16/libc.a(lib_a-memcpy-stub.o)
                0x0000000008003360                memcpy
 .text          0x00000000080033fc       0x94 /home/robert/Desktop/Projektwoche/stm/STM32-Toolchain/arm-none-eabi/lib/gcc/arm-none-eabi/4.8.0/../../../../arm-none-eabi/lib/thumb/cortex-m4/float-abi-hard/fpuv4-sp-d16/libc.a(lib_a-memset.o)
                0x00000000080033fc                memset
 .text          0x0000000008003490        0x8 /home/robert/Desktop/Projektwoche/stm/STM32-Toolchain/arm-none-eabi/lib/gcc/arm-none-eabi/4.8.0/../../../../arm-none-eabi/lib/thumb/cortex-m4/float-abi-hard/fpuv4-sp-d16/libc.a(lib_a-mlock.o)
                0x0000000008003490                __malloc_lock
                0x0000000008003494                __malloc_unlock
 .text          0x0000000008003498       0x28 /home/robert/Desktop/Projektwoche/stm/STM32-Toolchain/arm-none-eabi/lib/gcc/arm-none-eabi/4.8.0/../../../../arm-none-eabi/lib/thumb/cortex-m4/float-abi-hard/fpuv4-sp-d16/libc.a(lib_a-sbrkr.o)
                0x0000000008003498                _sbrk_r
 .text          0x00000000080034c0      0x11c /home/robert/Desktop/Projektwoche/stm/STM32-Toolchain/arm-none-eabi/lib/gcc/arm-none-eabi/4.8.0/../../../../arm-none-eabi/lib/thumb/cortex-m4/float-abi-hard/fpuv4-sp-d16/libc.a(lib_a-setvbuf.o)
                0x00000000080034c0                setvbuf
 .text          0x00000000080035dc       0x60 /home/robert/Desktop/Projektwoche/stm/STM32-Toolchain/arm-none-eabi/lib/gcc/arm-none-eabi/4.8.0/../../../../arm-none-eabi/lib/thumb/cortex-m4/float-abi-hard/fpuv4-sp-d16/libc.a(lib_a-strlen.o)
                0x00000000080035dc                strlen
 .text          0x000000000800363c     0x14cc /home/robert/Desktop/Projektwoche/stm/STM32-Toolchain/arm-none-eabi/lib/gcc/arm-none-eabi/4.8.0/../../../../arm-none-eabi/lib/thumb/cortex-m4/float-abi-hard/fpuv4-sp-d16/libc.a(lib_a-vfprintf.o)
                0x000000000800363c                _vfprintf_r
                0x0000000008004a74                vfprintf
 .text          0x0000000008004b08       0xc8 /home/robert/Desktop/Projektwoche/stm/STM32-Toolchain/arm-none-eabi/lib/gcc/arm-none-eabi/4.8.0/../../../../arm-none-eabi/lib/thumb/cortex-m4/float-abi-hard/fpuv4-sp-d16/libc.a(lib_a-wsetup.o)
                0x0000000008004b08                __swsetup_r
 .text          0x0000000008004bd0     0x1080 /home/robert/Desktop/Projektwoche/stm/STM32-Toolchain/arm-none-eabi/lib/gcc/arm-none-eabi/4.8.0/../../../../arm-none-eabi/lib/thumb/cortex-m4/float-abi-hard/fpuv4-sp-d16/libc.a(lib_a-dtoa.o)
                0x0000000008004cfc                _dtoa_r
 .text          0x0000000008005c50      0x1ac /home/robert/Desktop/Projektwoche/stm/STM32-Toolchain/arm-none-eabi/lib/gcc/arm-none-eabi/4.8.0/../../../../arm-none-eabi/lib/thumb/cortex-m4/float-abi-hard/fpuv4-sp-d16/libc.a(lib_a-fflush.o)
                0x0000000008005c50                __sflush_r
                0x0000000008005da8                _fflush_r
                0x0000000008005dd4                fflush
 .text          0x0000000008005dfc      0x21c /home/robert/Desktop/Projektwoche/stm/STM32-Toolchain/arm-none-eabi/lib/gcc/arm-none-eabi/4.8.0/../../../../arm-none-eabi/lib/thumb/cortex-m4/float-abi-hard/fpuv4-sp-d16/libc.a(lib_a-findfp.o)
                0x0000000008005e04                _cleanup_r
                0x0000000008005e10                __sfmoreglue
                0x0000000008005e3c                _cleanup
                0x0000000008005e54                __sinit
                0x0000000008005f4c                __sfp
                0x0000000008005fd8                __sfp_lock_acquire
                0x0000000008005fdc                __sfp_lock_release
                0x0000000008005fe0                __sinit_lock_acquire
                0x0000000008005fe4                __sinit_lock_release
                0x0000000008005fe8                __fp_lock_all
                0x0000000008006000                __fp_unlock_all
 .text          0x0000000008006018      0x240 /home/robert/Desktop/Projektwoche/stm/STM32-Toolchain/arm-none-eabi/lib/gcc/arm-none-eabi/4.8.0/../../../../arm-none-eabi/lib/thumb/cortex-m4/float-abi-hard/fpuv4-sp-d16/libc.a(lib_a-freer.o)
                0x0000000008006018                _malloc_trim_r
                0x00000000080060bc                _free_r
 .text          0x0000000008006258      0x2f4 /home/robert/Desktop/Projektwoche/stm/STM32-Toolchain/arm-none-eabi/lib/gcc/arm-none-eabi/4.8.0/../../../../arm-none-eabi/lib/thumb/cortex-m4/float-abi-hard/fpuv4-sp-d16/libc.a(lib_a-fvwrite.o)
                0x0000000008006258                __sfvwrite_r
 .text          0x000000000800654c       0x9c /home/robert/Desktop/Projektwoche/stm/STM32-Toolchain/arm-none-eabi/lib/gcc/arm-none-eabi/4.8.0/../../../../arm-none-eabi/lib/thumb/cortex-m4/float-abi-hard/fpuv4-sp-d16/libc.a(lib_a-fwalk.o)
                0x000000000800654c                _fwalk
                0x0000000008006598                _fwalk_reent
 .text          0x00000000080065e8       0x9c /home/robert/Desktop/Projektwoche/stm/STM32-Toolchain/arm-none-eabi/lib/gcc/arm-none-eabi/4.8.0/../../../../arm-none-eabi/lib/thumb/cortex-m4/float-abi-hard/fpuv4-sp-d16/libc.a(lib_a-locale.o)
                0x00000000080065e8                _setlocale_r
                0x000000000800663c                __locale_charset
                0x0000000008006648                __locale_mb_cur_max
                0x0000000008006654                __locale_msgcharset
                0x000000000800665c                __locale_cjk_lang
                0x0000000008006660                _localeconv_r
                0x0000000008006668                setlocale
                0x000000000800667c                localeconv
 .text          0x0000000008006684       0xe4 /home/robert/Desktop/Projektwoche/stm/STM32-Toolchain/arm-none-eabi/lib/gcc/arm-none-eabi/4.8.0/../../../../arm-none-eabi/lib/thumb/cortex-m4/float-abi-hard/fpuv4-sp-d16/libc.a(lib_a-makebuf.o)
                0x0000000008006684                __smakebuf_r
 .text          0x0000000008006768       0x90 /home/robert/Desktop/Projektwoche/stm/STM32-Toolchain/arm-none-eabi/lib/gcc/arm-none-eabi/4.8.0/../../../../arm-none-eabi/lib/thumb/cortex-m4/float-abi-hard/fpuv4-sp-d16/libc.a(lib_a-memchr-stub.o)
                0x0000000008006768                memchr
 .text          0x00000000080067f8       0xc4 /home/robert/Desktop/Projektwoche/stm/STM32-Toolchain/arm-none-eabi/lib/gcc/arm-none-eabi/4.8.0/../../../../arm-none-eabi/lib/thumb/cortex-m4/float-abi-hard/fpuv4-sp-d16/libc.a(lib_a-memmove.o)
                0x00000000080067f8                memmove
 .text          0x00000000080068bc      0x8f8 /home/robert/Desktop/Projektwoche/stm/STM32-Toolchain/arm-none-eabi/lib/gcc/arm-none-eabi/4.8.0/../../../../arm-none-eabi/lib/thumb/cortex-m4/float-abi-hard/fpuv4-sp-d16/libc.a(lib_a-mprec.o)
                0x00000000080068bc                _Balloc
                0x0000000008006908                _Bfree
                0x000000000800691c                __multadd
                0x00000000080069b4                __s2b
                0x0000000008006a50                __hi0bits
                0x0000000008006a8c                __lo0bits
                0x0000000008006ae8                __i2b
                0x0000000008006afc                __multiply
                0x0000000008006c50                __pow5mult
                0x0000000008006cf0                __lshift
                0x0000000008006dac                __mcmp
                0x0000000008006df0                __mdiff
                0x0000000008006ec4                __ulp
                0x0000000008006f14                __b2d
                0x0000000008006fc4                __d2b
                0x0000000008007078                __ratio
                0x00000000080070d8                _mprec_log10
                0x0000000008007110                __copybits
                0x0000000008007158                __any_on
 .text          0x00000000080071b4      0x3e0 /home/robert/Desktop/Projektwoche/stm/STM32-Toolchain/arm-none-eabi/lib/gcc/arm-none-eabi/4.8.0/../../../../arm-none-eabi/lib/thumb/cortex-m4/float-abi-hard/fpuv4-sp-d16/libc.a(lib_a-reallocr.o)
                0x00000000080071b4                _realloc_r
 .text          0x0000000008007594       0x54 /home/robert/Desktop/Projektwoche/stm/STM32-Toolchain/arm-none-eabi/lib/gcc/arm-none-eabi/4.8.0/../../../../arm-none-eabi/lib/thumb/cortex-m4/float-abi-hard/fpuv4-sp-d16/libc.a(lib_a-s_fpclassify.o)
                0x0000000008007594                __fpclassifyd
 .text          0x00000000080075e8       0x88 /home/robert/Desktop/Projektwoche/stm/STM32-Toolchain/arm-none-eabi/lib/gcc/arm-none-eabi/4.8.0/../../../../arm-none-eabi/lib/thumb/cortex-m4/float-abi-hard/fpuv4-sp-d16/libc.a(lib_a-stdio.o)
                0x00000000080075e8                __sread
                0x000000000800760c                __seofread
                0x0000000008007610                __swrite
                0x0000000008007648                __sseek
                0x0000000008007668                __sclose
 .text          0x0000000008007670      0x248 /home/robert/Desktop/Projektwoche/stm/STM32-Toolchain/arm-none-eabi/lib/gcc/arm-none-eabi/4.8.0/../../../../arm-none-eabi/lib/thumb/cortex-m4/float-abi-hard/fpuv4-sp-d16/libc.a(lib_a-strcmp.o)
                0x0000000008007670                strcmp
 .text          0x00000000080078b8      0xb70 /home/robert/Desktop/Projektwoche/stm/STM32-Toolchain/arm-none-eabi/lib/gcc/arm-none-eabi/4.8.0/../../../../arm-none-eabi/lib/thumb/cortex-m4/float-abi-hard/fpuv4-sp-d16/libc.a(lib_a-vfiprintf.o)
                0x0000000008007934                __sprint_r
                0x000000000800794c                _vfiprintf_r
                0x0000000008008394                vfiprintf
 .text          0x0000000008008428       0x2c /home/robert/Desktop/Projektwoche/stm/STM32-Toolchain/arm-none-eabi/lib/gcc/arm-none-eabi/4.8.0/../../../../arm-none-eabi/lib/thumb/cortex-m4/float-abi-hard/fpuv4-sp-d16/libc.a(lib_a-writer.o)
                0x0000000008008428                _write_r
 .text          0x0000000008008454       0x60 /home/robert/Desktop/Projektwoche/stm/STM32-Toolchain/arm-none-eabi/lib/gcc/arm-none-eabi/4.8.0/../../../../arm-none-eabi/lib/thumb/cortex-m4/float-abi-hard/fpuv4-sp-d16/libc.a(lib_a-callocr.o)
                0x0000000008008454                _calloc_r
 .text          0x00000000080084b4       0x28 /home/robert/Desktop/Projektwoche/stm/STM32-Toolchain/arm-none-eabi/lib/gcc/arm-none-eabi/4.8.0/../../../../arm-none-eabi/lib/thumb/cortex-m4/float-abi-hard/fpuv4-sp-d16/libc.a(lib_a-closer.o)
                0x00000000080084b4                _close_r
 .text          0x00000000080084dc       0x94 /home/robert/Desktop/Projektwoche/stm/STM32-Toolchain/arm-none-eabi/lib/gcc/arm-none-eabi/4.8.0/../../../../arm-none-eabi/lib/thumb/cortex-m4/float-abi-hard/fpuv4-sp-d16/libc.a(lib_a-fclose.o)
                0x00000000080084dc                _fclose_r
                0x0000000008008560                fclose
 .text          0x0000000008008570       0xe8 /home/robert/Desktop/Projektwoche/stm/STM32-Toolchain/arm-none-eabi/lib/gcc/arm-none-eabi/4.8.0/../../../../arm-none-eabi/lib/thumb/cortex-m4/float-abi-hard/fpuv4-sp-d16/libc.a(lib_a-fputwc.o)
                0x0000000008008570                _fputwc_r
                0x0000000008008630                fputwc
 .text          0x0000000008008658       0x28 /home/robert/Desktop/Projektwoche/stm/STM32-Toolchain/arm-none-eabi/lib/gcc/arm-none-eabi/4.8.0/../../../../arm-none-eabi/lib/thumb/cortex-m4/float-abi-hard/fpuv4-sp-d16/libc.a(lib_a-fstatr.o)
                0x0000000008008658                _fstat_r
 .text          0x0000000008008680       0x2c /home/robert/Desktop/Projektwoche/stm/STM32-Toolchain/arm-none-eabi/lib/gcc/arm-none-eabi/4.8.0/../../../../arm-none-eabi/lib/thumb/cortex-m4/float-abi-hard/fpuv4-sp-d16/libc.a(lib_a-lseekr.o)
                0x0000000008008680                _lseek_r
 .text          0x00000000080086ac       0x2c /home/robert/Desktop/Projektwoche/stm/STM32-Toolchain/arm-none-eabi/lib/gcc/arm-none-eabi/4.8.0/../../../../arm-none-eabi/lib/thumb/cortex-m4/float-abi-hard/fpuv4-sp-d16/libc.a(lib_a-readr.o)
                0x00000000080086ac                _read_r
 .text          0x00000000080086d8       0xb8 /home/robert/Desktop/Projektwoche/stm/STM32-Toolchain/arm-none-eabi/lib/gcc/arm-none-eabi/4.8.0/../../../../arm-none-eabi/lib/thumb/cortex-m4/float-abi-hard/fpuv4-sp-d16/libc.a(lib_a-wbuf.o)
                0x00000000080086d8                __swbuf_r
                0x000000000800877c                __swbuf
 .text          0x0000000008008790       0xbc /home/robert/Desktop/Projektwoche/stm/STM32-Toolchain/arm-none-eabi/lib/gcc/arm-none-eabi/4.8.0/../../../../arm-none-eabi/lib/thumb/cortex-m4/float-abi-hard/fpuv4-sp-d16/libc.a(lib_a-wcrtomb.o)
                0x0000000008008790                _wcrtomb_r
                0x00000000080087e8                wcrtomb
 .text          0x000000000800884c       0x4c /home/robert/Desktop/Projektwoche/stm/STM32-Toolchain/arm-none-eabi/lib/gcc/arm-none-eabi/4.8.0/../../../../arm-none-eabi/lib/thumb/cortex-m4/float-abi-hard/fpuv4-sp-d16/libc.a(lib_a-wctomb_r.o)
                0x000000000800884c                __ascii_wctomb
                0x0000000008008868                _wctomb_r
 .text          0x0000000008008898       0x50 /home/robert/Desktop/Projektwoche/stm/STM32-Toolchain/arm-none-eabi/lib/gcc/arm-none-eabi/4.8.0/thumb/cortex-m4/float-abi-hard/fpuv4-sp-d16/libgcc.a(_arm_fixdfsi.o)
                0x0000000008008898                __fixdfsi
                0x0000000008008898                __aeabi_d2iz
                0x00000000080088e8                . = ALIGN (0x4)
 *(.rodata*)
 .rodata        0x00000000080088e8       0x14 /home/robert/Desktop/Projektwoche/stm/U23_2013_examples/stm_projects/render3D/obj/main.o
 .rodata.FONT6x8_table
                0x00000000080088fc      0x2f8 /home/robert/Desktop/Projektwoche/stm/U23_2013_examples/stm_projects/render3D/obj/AsciiLib.o
 .rodata.FONT8x8_table
                0x0000000008008bf4      0x2f8 /home/robert/Desktop/Projektwoche/stm/U23_2013_examples/stm_projects/render3D/obj/AsciiLib.o
 .rodata.MS_GOTHIC_8x16_table
                0x0000000008008eec      0x5f0 /home/robert/Desktop/Projektwoche/stm/U23_2013_examples/stm_projects/render3D/obj/AsciiLib.o
 .rodata.SYSTEM_8x16_table
                0x00000000080094dc      0x5f0 /home/robert/Desktop/Projektwoche/stm/U23_2013_examples/stm_projects/render3D/obj/AsciiLib.o
 .rodata        0x0000000008009acc       0x6c /home/robert/Desktop/Projektwoche/stm/U23_2013_examples/libs/libsystem/obj/libsystem.a(NewlibSyscalls.o)
 .rodata.__func__.5194
                0x0000000008009b38        0xc /home/robert/Desktop/Projektwoche/stm/U23_2013_examples/libs/libsystem/obj/libsystem.a(NewlibSyscalls.o)
 .rodata.__func__.5200
                0x0000000008009b44        0xc /home/robert/Desktop/Projektwoche/stm/U23_2013_examples/libs/libsystem/obj/libsystem.a(NewlibSyscalls.o)
 .rodata.__func__.5211
                0x0000000008009b50        0xc /home/robert/Desktop/Projektwoche/stm/U23_2013_examples/libs/libsystem/obj/libsystem.a(NewlibSyscalls.o)
 .rodata.__func__.5217
                0x0000000008009b5c        0xc /home/robert/Desktop/Projektwoche/stm/U23_2013_examples/libs/libsystem/obj/libsystem.a(NewlibSyscalls.o)
 .rodata.__func__.5221
                0x0000000008009b68        0xc /home/robert/Desktop/Projektwoche/stm/U23_2013_examples/libs/libsystem/obj/libsystem.a(NewlibSyscalls.o)
 .rodata.__func__.5225
                0x0000000008009b74       0x10 /home/robert/Desktop/Projektwoche/stm/U23_2013_examples/libs/libsystem/obj/libsystem.a(NewlibSyscalls.o)
 .rodata        0x0000000008009b84       0x34 /home/robert/Desktop/Projektwoche/stm/U23_2013_examples/libs/libsystem/obj/libsystem.a(Audio.o)
 .rodata        0x0000000008009bb8        0x4 /home/robert/Desktop/Projektwoche/stm/STM32-Toolchain/arm-none-eabi/lib/gcc/arm-none-eabi/4.8.0/../../../../arm-none-eabi/lib/thumb/cortex-m4/float-abi-hard/fpuv4-sp-d16/libc.a(lib_a-impure.o)
                0x0000000008009bb8                _global_impure_ptr
 .rodata.str1.4
                0x0000000008009bbc        0x2 /home/robert/Desktop/Projektwoche/stm/STM32-Toolchain/arm-none-eabi/lib/gcc/arm-none-eabi/4.8.0/../../../../arm-none-eabi/lib/thumb/cortex-m4/float-abi-hard/fpuv4-sp-d16/libc.a(lib_a-impure.o)
                                          0x4 (size before relaxing)
 *fill*         0x0000000008009bbe        0x2 00
 .rodata        0x0000000008009bc0       0x20 /home/robert/Desktop/Projektwoche/stm/STM32-Toolchain/arm-none-eabi/lib/gcc/arm-none-eabi/4.8.0/../../../../arm-none-eabi/lib/thumb/cortex-m4/float-abi-hard/fpuv4-sp-d16/libc.a(lib_a-vfprintf.o)
 .rodata.str1.4
                0x0000000008009be0       0x42 /home/robert/Desktop/Projektwoche/stm/STM32-Toolchain/arm-none-eabi/lib/gcc/arm-none-eabi/4.8.0/../../../../arm-none-eabi/lib/thumb/cortex-m4/float-abi-hard/fpuv4-sp-d16/libc.a(lib_a-vfprintf.o)
                                         0x44 (size before relaxing)
 *fill*         0x0000000008009c22        0x2 00
 .rodata.str1.4
                0x0000000008009c24       0x10 /home/robert/Desktop/Projektwoche/stm/STM32-Toolchain/arm-none-eabi/lib/gcc/arm-none-eabi/4.8.0/../../../../arm-none-eabi/lib/thumb/cortex-m4/float-abi-hard/fpuv4-sp-d16/libc.a(lib_a-dtoa.o)
                                         0x14 (size before relaxing)
 .rodata.str1.4
                0x0000000008009c34        0xc /home/robert/Desktop/Projektwoche/stm/STM32-Toolchain/arm-none-eabi/lib/gcc/arm-none-eabi/4.8.0/../../../../arm-none-eabi/lib/thumb/cortex-m4/float-abi-hard/fpuv4-sp-d16/libc.a(lib_a-locale.o)
                                         0x14 (size before relaxing)
 .rodata        0x0000000008009c40      0x128 /home/robert/Desktop/Projektwoche/stm/STM32-Toolchain/arm-none-eabi/lib/gcc/arm-none-eabi/4.8.0/../../../../arm-none-eabi/lib/thumb/cortex-m4/float-abi-hard/fpuv4-sp-d16/libc.a(lib_a-mprec.o)
                0x0000000008009c50                __mprec_tens
                0x0000000008009d18                __mprec_tinytens
                0x0000000008009d40                __mprec_bigtens
 .rodata        0x0000000008009d68       0x20 /home/robert/Desktop/Projektwoche/stm/STM32-Toolchain/arm-none-eabi/lib/gcc/arm-none-eabi/4.8.0/../../../../arm-none-eabi/lib/thumb/cortex-m4/float-abi-hard/fpuv4-sp-d16/libc.a(lib_a-vfiprintf.o)
 .rodata.str1.4
                0x0000000000000000       0x30 /home/robert/Desktop/Projektwoche/stm/STM32-Toolchain/arm-none-eabi/lib/gcc/arm-none-eabi/4.8.0/../../../../arm-none-eabi/lib/thumb/cortex-m4/float-abi-hard/fpuv4-sp-d16/libc.a(lib_a-vfiprintf.o)
                0x0000000008009d88                . = ALIGN (0x4)
                0x0000000008009d88                __exidx_start = .

.glue_7         0x0000000008009d88        0x0
 .glue_7        0x0000000000000000        0x0 linker stubs

.glue_7t        0x0000000008009d88        0x0
 .glue_7t       0x0000000000000000        0x0 linker stubs

.vfp11_veneer   0x0000000008009d88        0x0
 .vfp11_veneer  0x0000000000000000        0x0 linker stubs

.v4_bx          0x0000000008009d88        0x0
 .v4_bx         0x0000000000000000        0x0 linker stubs

.iplt           0x0000000008009d88        0x0
 .iplt          0x0000000000000000        0x0 /home/robert/Desktop/Projektwoche/stm/U23_2013_examples/stm_projects/render3D/obj/SSD1289.o

.rel.dyn        0x0000000008009d88        0x0
 .rel.iplt      0x0000000000000000        0x0 /home/robert/Desktop/Projektwoche/stm/U23_2013_examples/stm_projects/render3D/obj/SSD1289.o

.ARM.exidx
 *(.ARM.exidx*)
                0x0000000008009d88                __exidx_end = .
                0x0000000008009d88                _etext = .

.data           0x0000000010000000      0x8d8 load address 0x0000000008009d88
                0x0000000010000000                _data = .
 *(.data*)
 .data.APBAHBPrescTable
                0x0000000010000000       0x10 /home/robert/Desktop/Projektwoche/stm/U23_2013_examples/libs/libstm32f4xx/obj/libstm32f4xx.a(stm32f4xx_rcc.o)
 .data.spi_txe  0x0000000010000010        0x1 /home/robert/Desktop/Projektwoche/stm/U23_2013_examples/libs/libsystem/obj/libsystem.a(Spi.o)
 *fill*         0x0000000010000011        0x7 00
 .data          0x0000000010000018      0x430 /home/robert/Desktop/Projektwoche/stm/STM32-Toolchain/arm-none-eabi/lib/gcc/arm-none-eabi/4.8.0/../../../../arm-none-eabi/lib/thumb/cortex-m4/float-abi-hard/fpuv4-sp-d16/libc.a(lib_a-impure.o)
                0x0000000010000018                _impure_ptr
 .data          0x0000000010000448      0x410 /home/robert/Desktop/Projektwoche/stm/STM32-Toolchain/arm-none-eabi/lib/gcc/arm-none-eabi/4.8.0/../../../../arm-none-eabi/lib/thumb/cortex-m4/float-abi-hard/fpuv4-sp-d16/libc.a(lib_a-mallocr.o)
                0x0000000010000448                __malloc_av_
                0x0000000010000850                __malloc_sbrk_base
                0x0000000010000854                __malloc_trim_threshold
 .data          0x0000000010000858       0x7c /home/robert/Desktop/Projektwoche/stm/STM32-Toolchain/arm-none-eabi/lib/gcc/arm-none-eabi/4.8.0/../../../../arm-none-eabi/lib/thumb/cortex-m4/float-abi-hard/fpuv4-sp-d16/libc.a(lib_a-locale.o)
                0x0000000010000878                __mb_cur_max
 .data          0x00000000100008d4        0x4 /home/robert/Desktop/Projektwoche/stm/STM32-Toolchain/arm-none-eabi/lib/gcc/arm-none-eabi/4.8.0/../../../../arm-none-eabi/lib/thumb/cortex-m4/float-abi-hard/fpuv4-sp-d16/libc.a(lib_a-wctomb_r.o)
                0x00000000100008d4                __wctomb
                0x00000000100008d8                . = ALIGN (0x4)
                0x00000000100008d8                _edata = .

.igot.plt       0x00000000100008d8        0x0 load address 0x000000000800a660
 .igot.plt      0x0000000000000000        0x0 /home/robert/Desktop/Projektwoche/stm/U23_2013_examples/stm_projects/render3D/obj/SSD1289.o

.bss            0x00000000100008d8       0x7c load address 0x000000000800a660
 *(.bss*)
 .bss.heap_end.5184
                0x00000000100008d8        0x4 /home/robert/Desktop/Projektwoche/stm/U23_2013_examples/libs/libsystem/obj/libsystem.a(NewlibSyscalls.o)
 .bss.SysTickCounter
                0x00000000100008dc        0x4 /home/robert/Desktop/Projektwoche/stm/U23_2013_examples/libs/libsystem/obj/libsystem.a(SysTick.o)
                0x00000000100008dc                SysTickCounter
 .bss.CurrentDebugDevice
                0x00000000100008e0        0x1 /home/robert/Desktop/Projektwoche/stm/U23_2013_examples/libs/libsystem/obj/libsystem.a(Debug.o)
                0x00000000100008e0                CurrentDebugDevice
 *fill*         0x00000000100008e1        0x1 00
 .bss.RNGInitialized
                0x00000000100008e2        0x2 /home/robert/Desktop/Projektwoche/stm/U23_2013_examples/libs/libsystem/obj/libsystem.a(Random.o)
 .bss.CallbackFunction
                0x00000000100008e4        0x4 /home/robert/Desktop/Projektwoche/stm/U23_2013_examples/libs/libsystem/obj/libsystem.a(Audio.o)
 .bss.CallbackContext
                0x00000000100008e8        0x4 /home/robert/Desktop/Projektwoche/stm/U23_2013_examples/libs/libsystem/obj/libsystem.a(Audio.o)
 .bss.NextBufferSamples
                0x00000000100008ec        0x4 /home/robert/Desktop/Projektwoche/stm/U23_2013_examples/libs/libsystem/obj/libsystem.a(Audio.o)
 .bss.NextBufferLength
                0x00000000100008f0        0x4 /home/robert/Desktop/Projektwoche/stm/U23_2013_examples/libs/libsystem/obj/libsystem.a(Audio.o)
 .bss.DMARunning
                0x00000000100008f4        0x1 /home/robert/Desktop/Projektwoche/stm/U23_2013_examples/libs/libsystem/obj/libsystem.a(Audio.o)
 *fill*         0x00000000100008f5        0x3 00
 .bss.BufferNumber
                0x00000000100008f8        0x4 /home/robert/Desktop/Projektwoche/stm/U23_2013_examples/libs/libsystem/obj/libsystem.a(Audio.o)
 .bss.spi_running
                0x00000000100008fc        0x1 /home/robert/Desktop/Projektwoche/stm/U23_2013_examples/libs/libsystem/obj/libsystem.a(Spi.o)
 .bss.spi_last_byte
                0x00000000100008fd        0x1 /home/robert/Desktop/Projektwoche/stm/U23_2013_examples/libs/libsystem/obj/libsystem.a(Spi.o)
 *fill*         0x00000000100008fe        0x2 00
 .bss.spi_transmit_buffer
                0x0000000010000900        0x4 /home/robert/Desktop/Projektwoche/stm/U23_2013_examples/libs/libsystem/obj/libsystem.a(Spi.o)
 .bss.spi_receive_buffer
                0x0000000010000904        0x4 /home/robert/Desktop/Projektwoche/stm/U23_2013_examples/libs/libsystem/obj/libsystem.a(Spi.o)
 .bss.spi_data_buffersize
                0x0000000010000908        0x2 /home/robert/Desktop/Projektwoche/stm/U23_2013_examples/libs/libsystem/obj/libsystem.a(Spi.o)
 .bss.spi_data_rx_counter
                0x000000001000090a        0x2 /home/robert/Desktop/Projektwoche/stm/U23_2013_examples/libs/libsystem/obj/libsystem.a(Spi.o)
 .bss.spi_data_tx_counter
                0x000000001000090c        0x2 /home/robert/Desktop/Projektwoche/stm/U23_2013_examples/libs/libsystem/obj/libsystem.a(Spi.o)
 *fill*         0x000000001000090e        0x2 00
 .bss.spi_external_handler
                0x0000000010000910        0x4 /home/robert/Desktop/Projektwoche/stm/U23_2013_examples/libs/libsystem/obj/libsystem.a(Spi.o)
 .bss           0x0000000010000914       0x34 /home/robert/Desktop/Projektwoche/stm/STM32-Toolchain/arm-none-eabi/lib/gcc/arm-none-eabi/4.8.0/../../../../arm-none-eabi/lib/thumb/cortex-m4/float-abi-hard/fpuv4-sp-d16/libc.a(lib_a-mallocr.o)
                0x0000000010000914                __malloc_top_pad
                0x0000000010000918                __malloc_current_mallinfo
                0x0000000010000940                __malloc_max_sbrked_mem
                0x0000000010000944                __malloc_max_total_mem
 *(COMMON)
 COMMON         0x0000000010000948        0x5 /home/robert/Desktop/Projektwoche/stm/U23_2013_examples/libs/libstm32f4xx/obj/libstm32f4xx.a(stm32_ub_onewire.o)
                0x0000000010000948                ow_akt_delay
                0x000000001000094c                ow_ascii_err_flag
 *fill*         0x000000001000094d        0x3 00
 COMMON         0x0000000010000950        0x4 /home/robert/Desktop/Projektwoche/stm/STM32-Toolchain/arm-none-eabi/lib/gcc/arm-none-eabi/4.8.0/../../../../arm-none-eabi/lib/thumb/cortex-m4/float-abi-hard/fpuv4-sp-d16/libc.a(lib_a-reent.o)
                0x0000000010000950                errno
                0x0000000010000954                . = ALIGN (0x4)
                0x0000000010000954                _ebss = .

.ARM.extab
 *(.ARM.extab*)
                0x0000000010000954                . = ALIGN (0x4)
                0x0000000010000954                end = .
                0x0000000010000a00                . = ALIGN (0x100)
                0x0000000010000a00                _start_heap = .

.sram.data      0x0000000020000000        0x0 load address 0x000000000800a660
                0x0000000020000000                __sram_data_start = ABSOLUTE (.)
 *(.sram.data*)
                0x0000000020000000                . = ALIGN (0x4)
                0x000000000800a660                __srom_data_start = LOADADDR (.sram.data)
                0x0000000020000000                __sram_data_end = .
                0x0000000020000000                PROVIDE (__sram_data_end, .)
                0x000000000800a660                PROVIDE (__srom_data_end, (LOADADDR (.sram.data) + SIZEOF (.sram.data)))

.sram.bss       0x0000000020000000      0x400 load address 0x000000000800a660
                0x0000000020000000                __sram_bss_start = ABSOLUTE (.)
 *(.sram.bss*)
 .sram.bss      0x0000000020000000      0x400 /home/robert/Desktop/Projektwoche/stm/U23_2013_examples/libs/libsystem/obj/libsystem.a(Audio.o)
                0x0000000020000400                . = ALIGN (0x4)
                0x0000000020000400                __sram_bss_end = .
                0x0000000020000400                PROVIDE (__sram_bss_end, .)
                0x0000000010010000                PROVIDE (_stack, (ORIGIN (ccmram) + 0x10000))
LOAD /home/robert/Desktop/Projektwoche/stm/U23_2013_examples/stm_projects/render3D/obj/SSD1289.o
LOAD /home/robert/Desktop/Projektwoche/stm/U23_2013_examples/stm_projects/render3D/obj/XPT2046.o
LOAD /home/robert/Desktop/Projektwoche/stm/U23_2013_examples/stm_projects/render3D/obj/LCD.o
LOAD /home/robert/Desktop/Projektwoche/stm/U23_2013_examples/stm_projects/render3D/obj/controller.o
LOAD /home/robert/Desktop/Projektwoche/stm/U23_2013_examples/stm_projects/render3D/obj/game.o
LOAD /home/robert/Desktop/Projektwoche/stm/U23_2013_examples/stm_projects/render3D/obj/main.o
LOAD /home/robert/Desktop/Projektwoche/stm/U23_2013_examples/stm_projects/render3D/obj/AsciiLib.o
LOAD /home/robert/Desktop/Projektwoche/stm/U23_2013_examples/libs/libCMSIS/obj/libCMSIS.a
LOAD /home/robert/Desktop/Projektwoche/stm/U23_2013_examples/libs/libstm32f4xx/obj/libstm32f4xx.a
LOAD /home/robert/Desktop/Projektwoche/stm/U23_2013_examples/libs/libsystem/obj/libsystem.a
LOAD /home/robert/Desktop/Projektwoche/stm/STM32-Toolchain/arm-none-eabi/lib/gcc/arm-none-eabi/4.8.0/../../../../arm-none-eabi/lib/thumb/cortex-m4/float-abi-hard/fpuv4-sp-d16/libm.a
START GROUP
LOAD /home/robert/Desktop/Projektwoche/stm/STM32-Toolchain/arm-none-eabi/lib/gcc/arm-none-eabi/4.8.0/thumb/cortex-m4/float-abi-hard/fpuv4-sp-d16/libgcc.a
LOAD /home/robert/Desktop/Projektwoche/stm/STM32-Toolchain/arm-none-eabi/lib/gcc/arm-none-eabi/4.8.0/../../../../arm-none-eabi/lib/thumb/cortex-m4/float-abi-hard/fpuv4-sp-d16/libc.a
END GROUP
OUTPUT(/home/robert/Desktop/Projektwoche/stm/U23_2013_examples/stm_projects/render3D/obj/render3D.elf elf32-littlearm)

.debug_info     0x0000000000000000    0x26a24
 .debug_info    0x0000000000000000      0xf77 /home/robert/Desktop/Projektwoche/stm/U23_2013_examples/stm_projects/render3D/obj/SSD1289.o
 .debug_info    0x0000000000000f77      0x8b4 /home/robert/Desktop/Projektwoche/stm/U23_2013_examples/stm_projects/render3D/obj/XPT2046.o
 .debug_info    0x000000000000182b      0x501 /home/robert/Desktop/Projektwoche/stm/U23_2013_examples/stm_projects/render3D/obj/LCD.o
 .debug_info    0x0000000000001d2c      0x953 /home/robert/Desktop/Projektwoche/stm/U23_2013_examples/stm_projects/render3D/obj/main.o
 .debug_info    0x000000000000267f      0x14c /home/robert/Desktop/Projektwoche/stm/U23_2013_examples/stm_projects/render3D/obj/AsciiLib.o
 .debug_info    0x00000000000027cb      0x573 /home/robert/Desktop/Projektwoche/stm/U23_2013_examples/libs/libCMSIS/obj/libCMSIS.a(system_stm32f4xx.o)
 .debug_info    0x0000000000002d3e      0x15c /home/robert/Desktop/Projektwoche/stm/U23_2013_examples/libs/libCMSIS/obj/libCMSIS.a(startup_stm32f4xx.o)
 .debug_info    0x0000000000002e9a      0x51c /home/robert/Desktop/Projektwoche/stm/U23_2013_examples/libs/libstm32f4xx/obj/libstm32f4xx.a(misc.o)
 .debug_info    0x00000000000033b6     0x1c35 /home/robert/Desktop/Projektwoche/stm/U23_2013_examples/libs/libstm32f4xx/obj/libstm32f4xx.a(stm32f4xx_tim.o)
 .debug_info    0x0000000000004feb      0x996 /home/robert/Desktop/Projektwoche/stm/U23_2013_examples/libs/libstm32f4xx/obj/libstm32f4xx.a(stm32f4xx_usart.o)
 .debug_info    0x0000000000005981      0xc47 /home/robert/Desktop/Projektwoche/stm/U23_2013_examples/libs/libstm32f4xx/obj/libstm32f4xx.a(stm32f4xx_rcc.o)
 .debug_info    0x00000000000065c8      0xadb /home/robert/Desktop/Projektwoche/stm/U23_2013_examples/libs/libstm32f4xx/obj/libstm32f4xx.a(stm32f4xx_spi.o)
 .debug_info    0x00000000000070a3      0x718 /home/robert/Desktop/Projektwoche/stm/U23_2013_examples/libs/libstm32f4xx/obj/libstm32f4xx.a(stm32f4xx_dma.o)
 .debug_info    0x00000000000077bb      0x5d9 /home/robert/Desktop/Projektwoche/stm/U23_2013_examples/libs/libstm32f4xx/obj/libstm32f4xx.a(stm32f4xx_gpio.o)
 .debug_info    0x0000000000007d94      0x25e /home/robert/Desktop/Projektwoche/stm/U23_2013_examples/libs/libstm32f4xx/obj/libstm32f4xx.a(stm32f4xx_rng.o)
 .debug_info    0x0000000000007ff2      0xb99 /home/robert/Desktop/Projektwoche/stm/U23_2013_examples/libs/libstm32f4xx/obj/libstm32f4xx.a(stm32_ub_onewire.o)
 .debug_info    0x0000000000008b8b      0xe7b /home/robert/Desktop/Projektwoche/stm/U23_2013_examples/libs/libsystem/obj/libsystem.a(NewlibSyscalls.o)
 .debug_info    0x0000000000009a06       0xcc /home/robert/Desktop/Projektwoche/stm/U23_2013_examples/libs/libsystem/obj/libsystem.a(SysTick.o)
 .debug_info    0x0000000000009ad2      0xb87 /home/robert/Desktop/Projektwoche/stm/U23_2013_examples/libs/libsystem/obj/libsystem.a(Debug.o)
 .debug_info    0x000000000000a659      0x4c4 /home/robert/Desktop/Projektwoche/stm/U23_2013_examples/libs/libsystem/obj/libsystem.a(USART.o)
 .debug_info    0x000000000000ab1d      0x120 /home/robert/Desktop/Projektwoche/stm/U23_2013_examples/libs/libsystem/obj/libsystem.a(Random.o)
 .debug_info    0x000000000000ac3d      0xc2d /home/robert/Desktop/Projektwoche/stm/U23_2013_examples/libs/libsystem/obj/libsystem.a(Audio.o)
 .debug_info    0x000000000000b86a      0x851 /home/robert/Desktop/Projektwoche/stm/U23_2013_examples/libs/libsystem/obj/libsystem.a(Spi.o)
 .debug_info    0x000000000000c0bb      0x280 /home/robert/Desktop/Projektwoche/stm/U23_2013_examples/libs/libsystem/obj/libsystem.a(LED.o)
 .debug_info    0x000000000000c33b      0x6ca /home/robert/Desktop/Projektwoche/stm/U23_2013_examples/libs/libsystem/obj/libsystem.a(Init.o)
 .debug_info    0x000000000000ca05       0xef /home/robert/Desktop/Projektwoche/stm/STM32-Toolchain/arm-none-eabi/lib/gcc/arm-none-eabi/4.8.0/thumb/cortex-m4/float-abi-hard/fpuv4-sp-d16/libgcc.a(_arm_addsubdf3.o)
 .debug_info    0x000000000000caf4       0xef /home/robert/Desktop/Projektwoche/stm/STM32-Toolchain/arm-none-eabi/lib/gcc/arm-none-eabi/4.8.0/thumb/cortex-m4/float-abi-hard/fpuv4-sp-d16/libgcc.a(_arm_muldivdf3.o)
 .debug_info    0x000000000000cbe3       0xef /home/robert/Desktop/Projektwoche/stm/STM32-Toolchain/arm-none-eabi/lib/gcc/arm-none-eabi/4.8.0/thumb/cortex-m4/float-abi-hard/fpuv4-sp-d16/libgcc.a(_arm_cmpdf2.o)
 .debug_info    0x000000000000ccd2      0x889 /home/robert/Desktop/Projektwoche/stm/STM32-Toolchain/arm-none-eabi/lib/gcc/arm-none-eabi/4.8.0/../../../../arm-none-eabi/lib/thumb/cortex-m4/float-abi-hard/fpuv4-sp-d16/libc.a(lib_a-errno.o)
 .debug_info    0x000000000000d55b      0x9c2 /home/robert/Desktop/Projektwoche/stm/STM32-Toolchain/arm-none-eabi/lib/gcc/arm-none-eabi/4.8.0/../../../../arm-none-eabi/lib/thumb/cortex-m4/float-abi-hard/fpuv4-sp-d16/libc.a(lib_a-fprintf.o)
 .debug_info    0x000000000000df1d      0xa4e /home/robert/Desktop/Projektwoche/stm/STM32-Toolchain/arm-none-eabi/lib/gcc/arm-none-eabi/4.8.0/../../../../arm-none-eabi/lib/thumb/cortex-m4/float-abi-hard/fpuv4-sp-d16/libc.a(lib_a-fwrite.o)
 .debug_info    0x000000000000e96b      0x894 /home/robert/Desktop/Projektwoche/stm/STM32-Toolchain/arm-none-eabi/lib/gcc/arm-none-eabi/4.8.0/../../../../arm-none-eabi/lib/thumb/cortex-m4/float-abi-hard/fpuv4-sp-d16/libc.a(lib_a-impure.o)
 .debug_info    0x000000000000f1ff      0x915 /home/robert/Desktop/Projektwoche/stm/STM32-Toolchain/arm-none-eabi/lib/gcc/arm-none-eabi/4.8.0/../../../../arm-none-eabi/lib/thumb/cortex-m4/float-abi-hard/fpuv4-sp-d16/libc.a(lib_a-malloc.o)
 .debug_info    0x000000000000fb14      0xd81 /home/robert/Desktop/Projektwoche/stm/STM32-Toolchain/arm-none-eabi/lib/gcc/arm-none-eabi/4.8.0/../../../../arm-none-eabi/lib/thumb/cortex-m4/float-abi-hard/fpuv4-sp-d16/libc.a(lib_a-mallocr.o)
 .debug_info    0x0000000000010895      0x131 /home/robert/Desktop/Projektwoche/stm/STM32-Toolchain/arm-none-eabi/lib/gcc/arm-none-eabi/4.8.0/../../../../arm-none-eabi/lib/thumb/cortex-m4/float-abi-hard/fpuv4-sp-d16/libc.a(lib_a-memcpy-stub.o)
 .debug_info    0x00000000000109c6      0x117 /home/robert/Desktop/Projektwoche/stm/STM32-Toolchain/arm-none-eabi/lib/gcc/arm-none-eabi/4.8.0/../../../../arm-none-eabi/lib/thumb/cortex-m4/float-abi-hard/fpuv4-sp-d16/libc.a(lib_a-memset.o)
 .debug_info    0x0000000000010add      0x8b4 /home/robert/Desktop/Projektwoche/stm/STM32-Toolchain/arm-none-eabi/lib/gcc/arm-none-eabi/4.8.0/../../../../arm-none-eabi/lib/thumb/cortex-m4/float-abi-hard/fpuv4-sp-d16/libc.a(lib_a-mlock.o)
 .debug_info    0x0000000000011391      0x8f4 /home/robert/Desktop/Projektwoche/stm/STM32-Toolchain/arm-none-eabi/lib/gcc/arm-none-eabi/4.8.0/../../../../arm-none-eabi/lib/thumb/cortex-m4/float-abi-hard/fpuv4-sp-d16/libc.a(lib_a-sbrkr.o)
 .debug_info    0x0000000000011c85      0x997 /home/robert/Desktop/Projektwoche/stm/STM32-Toolchain/arm-none-eabi/lib/gcc/arm-none-eabi/4.8.0/../../../../arm-none-eabi/lib/thumb/cortex-m4/float-abi-hard/fpuv4-sp-d16/libc.a(lib_a-setvbuf.o)
 .debug_info    0x000000000001261c       0xb5 /home/robert/Desktop/Projektwoche/stm/STM32-Toolchain/arm-none-eabi/lib/gcc/arm-none-eabi/4.8.0/../../../../arm-none-eabi/lib/thumb/cortex-m4/float-abi-hard/fpuv4-sp-d16/libc.a(lib_a-strlen.o)
 .debug_info    0x00000000000126d1     0x17ff /home/robert/Desktop/Projektwoche/stm/STM32-Toolchain/arm-none-eabi/lib/gcc/arm-none-eabi/4.8.0/../../../../arm-none-eabi/lib/thumb/cortex-m4/float-abi-hard/fpuv4-sp-d16/libc.a(lib_a-vfprintf.o)
 .debug_info    0x0000000000013ed0      0x922 /home/robert/Desktop/Projektwoche/stm/STM32-Toolchain/arm-none-eabi/lib/gcc/arm-none-eabi/4.8.0/../../../../arm-none-eabi/lib/thumb/cortex-m4/float-abi-hard/fpuv4-sp-d16/libc.a(lib_a-wsetup.o)
 .debug_info    0x00000000000147f2     0x1331 /home/robert/Desktop/Projektwoche/stm/STM32-Toolchain/arm-none-eabi/lib/gcc/arm-none-eabi/4.8.0/../../../../arm-none-eabi/lib/thumb/cortex-m4/float-abi-hard/fpuv4-sp-d16/libc.a(lib_a-dtoa.o)
 .debug_info    0x0000000000015b23      0xa96 /home/robert/Desktop/Projektwoche/stm/STM32-Toolchain/arm-none-eabi/lib/gcc/arm-none-eabi/4.8.0/../../../../arm-none-eabi/lib/thumb/cortex-m4/float-abi-hard/fpuv4-sp-d16/libc.a(lib_a-fflush.o)
 .debug_info    0x00000000000165b9      0xd11 /home/robert/Desktop/Projektwoche/stm/STM32-Toolchain/arm-none-eabi/lib/gcc/arm-none-eabi/4.8.0/../../../../arm-none-eabi/lib/thumb/cortex-m4/float-abi-hard/fpuv4-sp-d16/libc.a(lib_a-findfp.o)
 .debug_info    0x00000000000172ca      0xc1c /home/robert/Desktop/Projektwoche/stm/STM32-Toolchain/arm-none-eabi/lib/gcc/arm-none-eabi/4.8.0/../../../../arm-none-eabi/lib/thumb/cortex-m4/float-abi-hard/fpuv4-sp-d16/libc.a(lib_a-freer.o)
 .debug_info    0x0000000000017ee6      0xc6e /home/robert/Desktop/Projektwoche/stm/STM32-Toolchain/arm-none-eabi/lib/gcc/arm-none-eabi/4.8.0/../../../../arm-none-eabi/lib/thumb/cortex-m4/float-abi-hard/fpuv4-sp-d16/libc.a(lib_a-fvwrite.o)
 .debug_info    0x0000000000018b54      0x99c /home/robert/Desktop/Projektwoche/stm/STM32-Toolchain/arm-none-eabi/lib/gcc/arm-none-eabi/4.8.0/../../../../arm-none-eabi/lib/thumb/cortex-m4/float-abi-hard/fpuv4-sp-d16/libc.a(lib_a-fwalk.o)
 .debug_info    0x00000000000194f0      0xbe5 /home/robert/Desktop/Projektwoche/stm/STM32-Toolchain/arm-none-eabi/lib/gcc/arm-none-eabi/4.8.0/../../../../arm-none-eabi/lib/thumb/cortex-m4/float-abi-hard/fpuv4-sp-d16/libc.a(lib_a-locale.o)
 .debug_info    0x000000000001a0d5      0xae6 /home/robert/Desktop/Projektwoche/stm/STM32-Toolchain/arm-none-eabi/lib/gcc/arm-none-eabi/4.8.0/../../../../arm-none-eabi/lib/thumb/cortex-m4/float-abi-hard/fpuv4-sp-d16/libc.a(lib_a-makebuf.o)
 .debug_info    0x000000000001abbb      0x129 /home/robert/Desktop/Projektwoche/stm/STM32-Toolchain/arm-none-eabi/lib/gcc/arm-none-eabi/4.8.0/../../../../arm-none-eabi/lib/thumb/cortex-m4/float-abi-hard/fpuv4-sp-d16/libc.a(lib_a-memchr-stub.o)
 .debug_info    0x000000000001ace4      0x131 /home/robert/Desktop/Projektwoche/stm/STM32-Toolchain/arm-none-eabi/lib/gcc/arm-none-eabi/4.8.0/../../../../arm-none-eabi/lib/thumb/cortex-m4/float-abi-hard/fpuv4-sp-d16/libc.a(lib_a-memmove.o)
 .debug_info    0x000000000001ae15     0x1683 /home/robert/Desktop/Projektwoche/stm/STM32-Toolchain/arm-none-eabi/lib/gcc/arm-none-eabi/4.8.0/../../../../arm-none-eabi/lib/thumb/cortex-m4/float-abi-hard/fpuv4-sp-d16/libc.a(lib_a-mprec.o)
 .debug_info    0x000000000001c498      0xcca /home/robert/Desktop/Projektwoche/stm/STM32-Toolchain/arm-none-eabi/lib/gcc/arm-none-eabi/4.8.0/../../../../arm-none-eabi/lib/thumb/cortex-m4/float-abi-hard/fpuv4-sp-d16/libc.a(lib_a-reallocr.o)
 .debug_info    0x000000000001d162      0xa46 /home/robert/Desktop/Projektwoche/stm/STM32-Toolchain/arm-none-eabi/lib/gcc/arm-none-eabi/4.8.0/../../../../arm-none-eabi/lib/thumb/cortex-m4/float-abi-hard/fpuv4-sp-d16/libc.a(lib_a-reent.o)
 .debug_info    0x000000000001dba8      0x14b /home/robert/Desktop/Projektwoche/stm/STM32-Toolchain/arm-none-eabi/lib/gcc/arm-none-eabi/4.8.0/../../../../arm-none-eabi/lib/thumb/cortex-m4/float-abi-hard/fpuv4-sp-d16/libc.a(lib_a-s_fpclassify.o)
 .debug_info    0x000000000001dcf3      0xb7f /home/robert/Desktop/Projektwoche/stm/STM32-Toolchain/arm-none-eabi/lib/gcc/arm-none-eabi/4.8.0/../../../../arm-none-eabi/lib/thumb/cortex-m4/float-abi-hard/fpuv4-sp-d16/libc.a(lib_a-stdio.o)
 .debug_info    0x000000000001e872      0x10b /home/robert/Desktop/Projektwoche/stm/STM32-Toolchain/arm-none-eabi/lib/gcc/arm-none-eabi/4.8.0/../../../../arm-none-eabi/lib/thumb/cortex-m4/float-abi-hard/fpuv4-sp-d16/libc.a(lib_a-strcmp.o)
 .debug_info    0x000000000001e97d     0x1515 /home/robert/Desktop/Projektwoche/stm/STM32-Toolchain/arm-none-eabi/lib/gcc/arm-none-eabi/4.8.0/../../../../arm-none-eabi/lib/thumb/cortex-m4/float-abi-hard/fpuv4-sp-d16/libc.a(lib_a-vfiprintf.o)
 .debug_info    0x000000000001fe92      0x929 /home/robert/Desktop/Projektwoche/stm/STM32-Toolchain/arm-none-eabi/lib/gcc/arm-none-eabi/4.8.0/../../../../arm-none-eabi/lib/thumb/cortex-m4/float-abi-hard/fpuv4-sp-d16/libc.a(lib_a-writer.o)
 .debug_info    0x00000000000207bb      0x9e0 /home/robert/Desktop/Projektwoche/stm/STM32-Toolchain/arm-none-eabi/lib/gcc/arm-none-eabi/4.8.0/../../../../arm-none-eabi/lib/thumb/cortex-m4/float-abi-hard/fpuv4-sp-d16/libc.a(lib_a-callocr.o)
 .debug_info    0x000000000002119b      0x8e0 /home/robert/Desktop/Projektwoche/stm/STM32-Toolchain/arm-none-eabi/lib/gcc/arm-none-eabi/4.8.0/../../../../arm-none-eabi/lib/thumb/cortex-m4/float-abi-hard/fpuv4-sp-d16/libc.a(lib_a-closer.o)
 .debug_info    0x0000000000021a7b      0x9c6 /home/robert/Desktop/Projektwoche/stm/STM32-Toolchain/arm-none-eabi/lib/gcc/arm-none-eabi/4.8.0/../../../../arm-none-eabi/lib/thumb/cortex-m4/float-abi-hard/fpuv4-sp-d16/libc.a(lib_a-fclose.o)
 .debug_info    0x0000000000022441      0xa94 /home/robert/Desktop/Projektwoche/stm/STM32-Toolchain/arm-none-eabi/lib/gcc/arm-none-eabi/4.8.0/../../../../arm-none-eabi/lib/thumb/cortex-m4/float-abi-hard/fpuv4-sp-d16/libc.a(lib_a-fputwc.o)
 .debug_info    0x0000000000022ed5      0xa5e /home/robert/Desktop/Projektwoche/stm/STM32-Toolchain/arm-none-eabi/lib/gcc/arm-none-eabi/4.8.0/../../../../arm-none-eabi/lib/thumb/cortex-m4/float-abi-hard/fpuv4-sp-d16/libc.a(lib_a-fstatr.o)
 .debug_info    0x0000000000023933      0x90c /home/robert/Desktop/Projektwoche/stm/STM32-Toolchain/arm-none-eabi/lib/gcc/arm-none-eabi/4.8.0/../../../../arm-none-eabi/lib/thumb/cortex-m4/float-abi-hard/fpuv4-sp-d16/libc.a(lib_a-lseekr.o)
 .debug_info    0x000000000002423f      0x922 /home/robert/Desktop/Projektwoche/stm/STM32-Toolchain/arm-none-eabi/lib/gcc/arm-none-eabi/4.8.0/../../../../arm-none-eabi/lib/thumb/cortex-m4/float-abi-hard/fpuv4-sp-d16/libc.a(lib_a-readr.o)
 .debug_info    0x0000000000024b61      0x9b7 /home/robert/Desktop/Projektwoche/stm/STM32-Toolchain/arm-none-eabi/lib/gcc/arm-none-eabi/4.8.0/../../../../arm-none-eabi/lib/thumb/cortex-m4/float-abi-hard/fpuv4-sp-d16/libc.a(lib_a-wbuf.o)
 .debug_info    0x0000000000025518      0xa68 /home/robert/Desktop/Projektwoche/stm/STM32-Toolchain/arm-none-eabi/lib/gcc/arm-none-eabi/4.8.0/../../../../arm-none-eabi/lib/thumb/cortex-m4/float-abi-hard/fpuv4-sp-d16/libc.a(lib_a-wcrtomb.o)
 .debug_info    0x0000000000025f80      0x9b5 /home/robert/Desktop/Projektwoche/stm/STM32-Toolchain/arm-none-eabi/lib/gcc/arm-none-eabi/4.8.0/../../../../arm-none-eabi/lib/thumb/cortex-m4/float-abi-hard/fpuv4-sp-d16/libc.a(lib_a-wctomb_r.o)
 .debug_info    0x0000000000026935       0xef /home/robert/Desktop/Projektwoche/stm/STM32-Toolchain/arm-none-eabi/lib/gcc/arm-none-eabi/4.8.0/thumb/cortex-m4/float-abi-hard/fpuv4-sp-d16/libgcc.a(_arm_fixdfsi.o)

.debug_abbrev   0x0000000000000000     0x7b93
 .debug_abbrev  0x0000000000000000      0x237 /home/robert/Desktop/Projektwoche/stm/U23_2013_examples/stm_projects/render3D/obj/SSD1289.o
 .debug_abbrev  0x0000000000000237      0x239 /home/robert/Desktop/Projektwoche/stm/U23_2013_examples/stm_projects/render3D/obj/XPT2046.o
 .debug_abbrev  0x0000000000000470      0x1c7 /home/robert/Desktop/Projektwoche/stm/U23_2013_examples/stm_projects/render3D/obj/LCD.o
 .debug_abbrev  0x0000000000000637      0x24d /home/robert/Desktop/Projektwoche/stm/U23_2013_examples/stm_projects/render3D/obj/main.o
 .debug_abbrev  0x0000000000000884       0x9e /home/robert/Desktop/Projektwoche/stm/U23_2013_examples/stm_projects/render3D/obj/AsciiLib.o
 .debug_abbrev  0x0000000000000922      0x136 /home/robert/Desktop/Projektwoche/stm/U23_2013_examples/libs/libCMSIS/obj/libCMSIS.a(system_stm32f4xx.o)
 .debug_abbrev  0x0000000000000a58       0xcc /home/robert/Desktop/Projektwoche/stm/U23_2013_examples/libs/libCMSIS/obj/libCMSIS.a(startup_stm32f4xx.o)
 .debug_abbrev  0x0000000000000b24      0x145 /home/robert/Desktop/Projektwoche/stm/U23_2013_examples/libs/libstm32f4xx/obj/libstm32f4xx.a(misc.o)
 .debug_abbrev  0x0000000000000c69      0x187 /home/robert/Desktop/Projektwoche/stm/U23_2013_examples/libs/libstm32f4xx/obj/libstm32f4xx.a(stm32f4xx_tim.o)
 .debug_abbrev  0x0000000000000df0      0x155 /home/robert/Desktop/Projektwoche/stm/U23_2013_examples/libs/libstm32f4xx/obj/libstm32f4xx.a(stm32f4xx_usart.o)
 .debug_abbrev  0x0000000000000f45      0x1e3 /home/robert/Desktop/Projektwoche/stm/U23_2013_examples/libs/libstm32f4xx/obj/libstm32f4xx.a(stm32f4xx_rcc.o)
 .debug_abbrev  0x0000000000001128      0x167 /home/robert/Desktop/Projektwoche/stm/U23_2013_examples/libs/libstm32f4xx/obj/libstm32f4xx.a(stm32f4xx_spi.o)
 .debug_abbrev  0x000000000000128f      0x155 /home/robert/Desktop/Projektwoche/stm/U23_2013_examples/libs/libstm32f4xx/obj/libstm32f4xx.a(stm32f4xx_dma.o)
 .debug_abbrev  0x00000000000013e4      0x1a3 /home/robert/Desktop/Projektwoche/stm/U23_2013_examples/libs/libstm32f4xx/obj/libstm32f4xx.a(stm32f4xx_gpio.o)
 .debug_abbrev  0x0000000000001587      0x144 /home/robert/Desktop/Projektwoche/stm/U23_2013_examples/libs/libstm32f4xx/obj/libstm32f4xx.a(stm32f4xx_rng.o)
 .debug_abbrev  0x00000000000016cb      0x243 /home/robert/Desktop/Projektwoche/stm/U23_2013_examples/libs/libstm32f4xx/obj/libstm32f4xx.a(stm32_ub_onewire.o)
 .debug_abbrev  0x000000000000190e      0x231 /home/robert/Desktop/Projektwoche/stm/U23_2013_examples/libs/libsystem/obj/libsystem.a(NewlibSyscalls.o)
 .debug_abbrev  0x0000000000001b3f       0x9b /home/robert/Desktop/Projektwoche/stm/U23_2013_examples/libs/libsystem/obj/libsystem.a(SysTick.o)
 .debug_abbrev  0x0000000000001bda      0x236 /home/robert/Desktop/Projektwoche/stm/U23_2013_examples/libs/libsystem/obj/libsystem.a(Debug.o)
 .debug_abbrev  0x0000000000001e10      0x13c /home/robert/Desktop/Projektwoche/stm/U23_2013_examples/libs/libsystem/obj/libsystem.a(USART.o)
 .debug_abbrev  0x0000000000001f4c       0xad /home/robert/Desktop/Projektwoche/stm/U23_2013_examples/libs/libsystem/obj/libsystem.a(Random.o)
 .debug_abbrev  0x0000000000001ff9      0x20c /home/robert/Desktop/Projektwoche/stm/U23_2013_examples/libs/libsystem/obj/libsystem.a(Audio.o)
 .debug_abbrev  0x0000000000002205      0x1b4 /home/robert/Desktop/Projektwoche/stm/U23_2013_examples/libs/libsystem/obj/libsystem.a(Spi.o)
 .debug_abbrev  0x00000000000023b9       0xff /home/robert/Desktop/Projektwoche/stm/U23_2013_examples/libs/libsystem/obj/libsystem.a(LED.o)
 .debug_abbrev  0x00000000000024b8      0x170 /home/robert/Desktop/Projektwoche/stm/U23_2013_examples/libs/libsystem/obj/libsystem.a(Init.o)
 .debug_abbrev  0x0000000000002628       0x14 /home/robert/Desktop/Projektwoche/stm/STM32-Toolchain/arm-none-eabi/lib/gcc/arm-none-eabi/4.8.0/thumb/cortex-m4/float-abi-hard/fpuv4-sp-d16/libgcc.a(_arm_addsubdf3.o)
 .debug_abbrev  0x000000000000263c       0x14 /home/robert/Desktop/Projektwoche/stm/STM32-Toolchain/arm-none-eabi/lib/gcc/arm-none-eabi/4.8.0/thumb/cortex-m4/float-abi-hard/fpuv4-sp-d16/libgcc.a(_arm_muldivdf3.o)
 .debug_abbrev  0x0000000000002650       0x14 /home/robert/Desktop/Projektwoche/stm/STM32-Toolchain/arm-none-eabi/lib/gcc/arm-none-eabi/4.8.0/thumb/cortex-m4/float-abi-hard/fpuv4-sp-d16/libgcc.a(_arm_cmpdf2.o)
 .debug_abbrev  0x0000000000002664      0x18f /home/robert/Desktop/Projektwoche/stm/STM32-Toolchain/arm-none-eabi/lib/gcc/arm-none-eabi/4.8.0/../../../../arm-none-eabi/lib/thumb/cortex-m4/float-abi-hard/fpuv4-sp-d16/libc.a(lib_a-errno.o)
 .debug_abbrev  0x00000000000027f3      0x216 /home/robert/Desktop/Projektwoche/stm/STM32-Toolchain/arm-none-eabi/lib/gcc/arm-none-eabi/4.8.0/../../../../arm-none-eabi/lib/thumb/cortex-m4/float-abi-hard/fpuv4-sp-d16/libc.a(lib_a-fprintf.o)
 .debug_abbrev  0x0000000000002a09      0x234 /home/robert/Desktop/Projektwoche/stm/STM32-Toolchain/arm-none-eabi/lib/gcc/arm-none-eabi/4.8.0/../../../../arm-none-eabi/lib/thumb/cortex-m4/float-abi-hard/fpuv4-sp-d16/libc.a(lib_a-fwrite.o)
 .debug_abbrev  0x0000000000002c3d      0x180 /home/robert/Desktop/Projektwoche/stm/STM32-Toolchain/arm-none-eabi/lib/gcc/arm-none-eabi/4.8.0/../../../../arm-none-eabi/lib/thumb/cortex-m4/float-abi-hard/fpuv4-sp-d16/libc.a(lib_a-impure.o)
 .debug_abbrev  0x0000000000002dbd      0x1fa /home/robert/Desktop/Projektwoche/stm/STM32-Toolchain/arm-none-eabi/lib/gcc/arm-none-eabi/4.8.0/../../../../arm-none-eabi/lib/thumb/cortex-m4/float-abi-hard/fpuv4-sp-d16/libc.a(lib_a-malloc.o)
 .debug_abbrev  0x0000000000002fb7      0x2a2 /home/robert/Desktop/Projektwoche/stm/STM32-Toolchain/arm-none-eabi/lib/gcc/arm-none-eabi/4.8.0/../../../../arm-none-eabi/lib/thumb/cortex-m4/float-abi-hard/fpuv4-sp-d16/libc.a(lib_a-mallocr.o)
 .debug_abbrev  0x0000000000003259       0xab /home/robert/Desktop/Projektwoche/stm/STM32-Toolchain/arm-none-eabi/lib/gcc/arm-none-eabi/4.8.0/../../../../arm-none-eabi/lib/thumb/cortex-m4/float-abi-hard/fpuv4-sp-d16/libc.a(lib_a-memcpy-stub.o)
 .debug_abbrev  0x0000000000003304       0x9f /home/robert/Desktop/Projektwoche/stm/STM32-Toolchain/arm-none-eabi/lib/gcc/arm-none-eabi/4.8.0/../../../../arm-none-eabi/lib/thumb/cortex-m4/float-abi-hard/fpuv4-sp-d16/libc.a(lib_a-memset.o)
 .debug_abbrev  0x00000000000033a3      0x19a /home/robert/Desktop/Projektwoche/stm/STM32-Toolchain/arm-none-eabi/lib/gcc/arm-none-eabi/4.8.0/../../../../arm-none-eabi/lib/thumb/cortex-m4/float-abi-hard/fpuv4-sp-d16/libc.a(lib_a-mlock.o)
 .debug_abbrev  0x000000000000353d      0x1fd /home/robert/Desktop/Projektwoche/stm/STM32-Toolchain/arm-none-eabi/lib/gcc/arm-none-eabi/4.8.0/../../../../arm-none-eabi/lib/thumb/cortex-m4/float-abi-hard/fpuv4-sp-d16/libc.a(lib_a-sbrkr.o)
 .debug_abbrev  0x000000000000373a      0x235 /home/robert/Desktop/Projektwoche/stm/STM32-Toolchain/arm-none-eabi/lib/gcc/arm-none-eabi/4.8.0/../../../../arm-none-eabi/lib/thumb/cortex-m4/float-abi-hard/fpuv4-sp-d16/libc.a(lib_a-setvbuf.o)
 .debug_abbrev  0x000000000000396f       0x70 /home/robert/Desktop/Projektwoche/stm/STM32-Toolchain/arm-none-eabi/lib/gcc/arm-none-eabi/4.8.0/../../../../arm-none-eabi/lib/thumb/cortex-m4/float-abi-hard/fpuv4-sp-d16/libc.a(lib_a-strlen.o)
 .debug_abbrev  0x00000000000039df      0x3e0 /home/robert/Desktop/Projektwoche/stm/STM32-Toolchain/arm-none-eabi/lib/gcc/arm-none-eabi/4.8.0/../../../../arm-none-eabi/lib/thumb/cortex-m4/float-abi-hard/fpuv4-sp-d16/libc.a(lib_a-vfprintf.o)
 .debug_abbrev  0x0000000000003dbf      0x1f3 /home/robert/Desktop/Projektwoche/stm/STM32-Toolchain/arm-none-eabi/lib/gcc/arm-none-eabi/4.8.0/../../../../arm-none-eabi/lib/thumb/cortex-m4/float-abi-hard/fpuv4-sp-d16/libc.a(lib_a-wsetup.o)
 .debug_abbrev  0x0000000000003fb2      0x2be /home/robert/Desktop/Projektwoche/stm/STM32-Toolchain/arm-none-eabi/lib/gcc/arm-none-eabi/4.8.0/../../../../arm-none-eabi/lib/thumb/cortex-m4/float-abi-hard/fpuv4-sp-d16/libc.a(lib_a-dtoa.o)
 .debug_abbrev  0x0000000000004270      0x28e /home/robert/Desktop/Projektwoche/stm/STM32-Toolchain/arm-none-eabi/lib/gcc/arm-none-eabi/4.8.0/../../../../arm-none-eabi/lib/thumb/cortex-m4/float-abi-hard/fpuv4-sp-d16/libc.a(lib_a-fflush.o)
 .debug_abbrev  0x00000000000044fe      0x360 /home/robert/Desktop/Projektwoche/stm/STM32-Toolchain/arm-none-eabi/lib/gcc/arm-none-eabi/4.8.0/../../../../arm-none-eabi/lib/thumb/cortex-m4/float-abi-hard/fpuv4-sp-d16/libc.a(lib_a-findfp.o)
 .debug_abbrev  0x000000000000485e      0x27b /home/robert/Desktop/Projektwoche/stm/STM32-Toolchain/arm-none-eabi/lib/gcc/arm-none-eabi/4.8.0/../../../../arm-none-eabi/lib/thumb/cortex-m4/float-abi-hard/fpuv4-sp-d16/libc.a(lib_a-freer.o)
 .debug_abbrev  0x0000000000004ad9      0x24a /home/robert/Desktop/Projektwoche/stm/STM32-Toolchain/arm-none-eabi/lib/gcc/arm-none-eabi/4.8.0/../../../../arm-none-eabi/lib/thumb/cortex-m4/float-abi-hard/fpuv4-sp-d16/libc.a(lib_a-fvwrite.o)
 .debug_abbrev  0x0000000000004d23      0x1d1 /home/robert/Desktop/Projektwoche/stm/STM32-Toolchain/arm-none-eabi/lib/gcc/arm-none-eabi/4.8.0/../../../../arm-none-eabi/lib/thumb/cortex-m4/float-abi-hard/fpuv4-sp-d16/libc.a(lib_a-fwalk.o)
 .debug_abbrev  0x0000000000004ef4      0x2a3 /home/robert/Desktop/Projektwoche/stm/STM32-Toolchain/arm-none-eabi/lib/gcc/arm-none-eabi/4.8.0/../../../../arm-none-eabi/lib/thumb/cortex-m4/float-abi-hard/fpuv4-sp-d16/libc.a(lib_a-locale.o)
 .debug_abbrev  0x0000000000005197      0x206 /home/robert/Desktop/Projektwoche/stm/STM32-Toolchain/arm-none-eabi/lib/gcc/arm-none-eabi/4.8.0/../../../../arm-none-eabi/lib/thumb/cortex-m4/float-abi-hard/fpuv4-sp-d16/libc.a(lib_a-makebuf.o)
 .debug_abbrev  0x000000000000539d       0xba /home/robert/Desktop/Projektwoche/stm/STM32-Toolchain/arm-none-eabi/lib/gcc/arm-none-eabi/4.8.0/../../../../arm-none-eabi/lib/thumb/cortex-m4/float-abi-hard/fpuv4-sp-d16/libc.a(lib_a-memchr-stub.o)
 .debug_abbrev  0x0000000000005457       0xab /home/robert/Desktop/Projektwoche/stm/STM32-Toolchain/arm-none-eabi/lib/gcc/arm-none-eabi/4.8.0/../../../../arm-none-eabi/lib/thumb/cortex-m4/float-abi-hard/fpuv4-sp-d16/libc.a(lib_a-memmove.o)
 .debug_abbrev  0x0000000000005502      0x38a /home/robert/Desktop/Projektwoche/stm/STM32-Toolchain/arm-none-eabi/lib/gcc/arm-none-eabi/4.8.0/../../../../arm-none-eabi/lib/thumb/cortex-m4/float-abi-hard/fpuv4-sp-d16/libc.a(lib_a-mprec.o)
 .debug_abbrev  0x000000000000588c      0x26b /home/robert/Desktop/Projektwoche/stm/STM32-Toolchain/arm-none-eabi/lib/gcc/arm-none-eabi/4.8.0/../../../../arm-none-eabi/lib/thumb/cortex-m4/float-abi-hard/fpuv4-sp-d16/libc.a(lib_a-reallocr.o)
 .debug_abbrev  0x0000000000005af7      0x27b /home/robert/Desktop/Projektwoche/stm/STM32-Toolchain/arm-none-eabi/lib/gcc/arm-none-eabi/4.8.0/../../../../arm-none-eabi/lib/thumb/cortex-m4/float-abi-hard/fpuv4-sp-d16/libc.a(lib_a-reent.o)
 .debug_abbrev  0x0000000000005d72       0xca /home/robert/Desktop/Projektwoche/stm/STM32-Toolchain/arm-none-eabi/lib/gcc/arm-none-eabi/4.8.0/../../../../arm-none-eabi/lib/thumb/cortex-m4/float-abi-hard/fpuv4-sp-d16/libc.a(lib_a-s_fpclassify.o)
 .debug_abbrev  0x0000000000005e3c      0x246 /home/robert/Desktop/Projektwoche/stm/STM32-Toolchain/arm-none-eabi/lib/gcc/arm-none-eabi/4.8.0/../../../../arm-none-eabi/lib/thumb/cortex-m4/float-abi-hard/fpuv4-sp-d16/libc.a(lib_a-stdio.o)
 .debug_abbrev  0x0000000000006082       0x14 /home/robert/Desktop/Projektwoche/stm/STM32-Toolchain/arm-none-eabi/lib/gcc/arm-none-eabi/4.8.0/../../../../arm-none-eabi/lib/thumb/cortex-m4/float-abi-hard/fpuv4-sp-d16/libc.a(lib_a-strcmp.o)
 .debug_abbrev  0x0000000000006096      0x3ad /home/robert/Desktop/Projektwoche/stm/STM32-Toolchain/arm-none-eabi/lib/gcc/arm-none-eabi/4.8.0/../../../../arm-none-eabi/lib/thumb/cortex-m4/float-abi-hard/fpuv4-sp-d16/libc.a(lib_a-vfiprintf.o)
 .debug_abbrev  0x0000000000006443      0x1f4 /home/robert/Desktop/Projektwoche/stm/STM32-Toolchain/arm-none-eabi/lib/gcc/arm-none-eabi/4.8.0/../../../../arm-none-eabi/lib/thumb/cortex-m4/float-abi-hard/fpuv4-sp-d16/libc.a(lib_a-writer.o)
 .debug_abbrev  0x0000000000006637      0x213 /home/robert/Desktop/Projektwoche/stm/STM32-Toolchain/arm-none-eabi/lib/gcc/arm-none-eabi/4.8.0/../../../../arm-none-eabi/lib/thumb/cortex-m4/float-abi-hard/fpuv4-sp-d16/libc.a(lib_a-callocr.o)
 .debug_abbrev  0x000000000000684a      0x1ef /home/robert/Desktop/Projektwoche/stm/STM32-Toolchain/arm-none-eabi/lib/gcc/arm-none-eabi/4.8.0/../../../../arm-none-eabi/lib/thumb/cortex-m4/float-abi-hard/fpuv4-sp-d16/libc.a(lib_a-closer.o)
 .debug_abbrev  0x0000000000006a39      0x26c /home/robert/Desktop/Projektwoche/stm/STM32-Toolchain/arm-none-eabi/lib/gcc/arm-none-eabi/4.8.0/../../../../arm-none-eabi/lib/thumb/cortex-m4/float-abi-hard/fpuv4-sp-d16/libc.a(lib_a-fclose.o)
 .debug_abbrev  0x0000000000006ca5      0x292 /home/robert/Desktop/Projektwoche/stm/STM32-Toolchain/arm-none-eabi/lib/gcc/arm-none-eabi/4.8.0/../../../../arm-none-eabi/lib/thumb/cortex-m4/float-abi-hard/fpuv4-sp-d16/libc.a(lib_a-fputwc.o)
 .debug_abbrev  0x0000000000006f37      0x1fe /home/robert/Desktop/Projektwoche/stm/STM32-Toolchain/arm-none-eabi/lib/gcc/arm-none-eabi/4.8.0/../../../../arm-none-eabi/lib/thumb/cortex-m4/float-abi-hard/fpuv4-sp-d16/libc.a(lib_a-fstatr.o)
 .debug_abbrev  0x0000000000007135      0x1fe /home/robert/Desktop/Projektwoche/stm/STM32-Toolchain/arm-none-eabi/lib/gcc/arm-none-eabi/4.8.0/../../../../arm-none-eabi/lib/thumb/cortex-m4/float-abi-hard/fpuv4-sp-d16/libc.a(lib_a-lseekr.o)
 .debug_abbrev  0x0000000000007333      0x1ef /home/robert/Desktop/Projektwoche/stm/STM32-Toolchain/arm-none-eabi/lib/gcc/arm-none-eabi/4.8.0/../../../../arm-none-eabi/lib/thumb/cortex-m4/float-abi-hard/fpuv4-sp-d16/libc.a(lib_a-readr.o)
 .debug_abbrev  0x0000000000007522      0x238 /home/robert/Desktop/Projektwoche/stm/STM32-Toolchain/arm-none-eabi/lib/gcc/arm-none-eabi/4.8.0/../../../../arm-none-eabi/lib/thumb/cortex-m4/float-abi-hard/fpuv4-sp-d16/libc.a(lib_a-wbuf.o)
 .debug_abbrev  0x000000000000775a      0x213 /home/robert/Desktop/Projektwoche/stm/STM32-Toolchain/arm-none-eabi/lib/gcc/arm-none-eabi/4.8.0/../../../../arm-none-eabi/lib/thumb/cortex-m4/float-abi-hard/fpuv4-sp-d16/libc.a(lib_a-wcrtomb.o)
 .debug_abbrev  0x000000000000796d      0x212 /home/robert/Desktop/Projektwoche/stm/STM32-Toolchain/arm-none-eabi/lib/gcc/arm-none-eabi/4.8.0/../../../../arm-none-eabi/lib/thumb/cortex-m4/float-abi-hard/fpuv4-sp-d16/libc.a(lib_a-wctomb_r.o)
 .debug_abbrev  0x0000000000007b7f       0x14 /home/robert/Desktop/Projektwoche/stm/STM32-Toolchain/arm-none-eabi/lib/gcc/arm-none-eabi/4.8.0/thumb/cortex-m4/float-abi-hard/fpuv4-sp-d16/libgcc.a(_arm_fixdfsi.o)

.debug_aranges  0x0000000000000000     0x1440
 .debug_aranges
                0x0000000000000000      0x130 /home/robert/Desktop/Projektwoche/stm/U23_2013_examples/stm_projects/render3D/obj/SSD1289.o
 .debug_aranges
                0x0000000000000130       0x88 /home/robert/Desktop/Projektwoche/stm/U23_2013_examples/stm_projects/render3D/obj/XPT2046.o
 .debug_aranges
                0x00000000000001b8       0x60 /home/robert/Desktop/Projektwoche/stm/U23_2013_examples/stm_projects/render3D/obj/LCD.o
 .debug_aranges
                0x0000000000000218       0x50 /home/robert/Desktop/Projektwoche/stm/U23_2013_examples/stm_projects/render3D/obj/main.o
 .debug_aranges
                0x0000000000000268       0x20 /home/robert/Desktop/Projektwoche/stm/U23_2013_examples/stm_projects/render3D/obj/AsciiLib.o
 .debug_aranges
                0x0000000000000288       0x30 /home/robert/Desktop/Projektwoche/stm/U23_2013_examples/libs/libCMSIS/obj/libCMSIS.a(system_stm32f4xx.o)
 .debug_aranges
                0x00000000000002b8       0x28 /home/robert/Desktop/Projektwoche/stm/U23_2013_examples/libs/libCMSIS/obj/libCMSIS.a(startup_stm32f4xx.o)
 .debug_aranges
                0x00000000000002e0       0x40 /home/robert/Desktop/Projektwoche/stm/U23_2013_examples/libs/libstm32f4xx/obj/libstm32f4xx.a(misc.o)
 .debug_aranges
                0x0000000000000320      0x2f8 /home/robert/Desktop/Projektwoche/stm/U23_2013_examples/libs/libstm32f4xx/obj/libstm32f4xx.a(stm32f4xx_tim.o)
 .debug_aranges
                0x0000000000000618      0x100 /home/robert/Desktop/Projektwoche/stm/U23_2013_examples/libs/libstm32f4xx/obj/libstm32f4xx.a(stm32f4xx_usart.o)
 .debug_aranges
                0x0000000000000718      0x180 /home/robert/Desktop/Projektwoche/stm/U23_2013_examples/libs/libstm32f4xx/obj/libstm32f4xx.a(stm32f4xx_rcc.o)
 .debug_aranges
                0x0000000000000898       0xe0 /home/robert/Desktop/Projektwoche/stm/U23_2013_examples/libs/libstm32f4xx/obj/libstm32f4xx.a(stm32f4xx_spi.o)
 .debug_aranges
                0x0000000000000978       0xb0 /home/robert/Desktop/Projektwoche/stm/U23_2013_examples/libs/libstm32f4xx/obj/libstm32f4xx.a(stm32f4xx_dma.o)
 .debug_aranges
                0x0000000000000a28       0x88 /home/robert/Desktop/Projektwoche/stm/U23_2013_examples/libs/libstm32f4xx/obj/libstm32f4xx.a(stm32f4xx_gpio.o)
 .debug_aranges
                0x0000000000000ab0       0x58 /home/robert/Desktop/Projektwoche/stm/U23_2013_examples/libs/libstm32f4xx/obj/libstm32f4xx.a(stm32f4xx_rng.o)
 .debug_aranges
                0x0000000000000b08       0xc0 /home/robert/Desktop/Projektwoche/stm/U23_2013_examples/libs/libstm32f4xx/obj/libstm32f4xx.a(stm32_ub_onewire.o)
 .debug_aranges
                0x0000000000000bc8       0x98 /home/robert/Desktop/Projektwoche/stm/U23_2013_examples/libs/libsystem/obj/libsystem.a(NewlibSyscalls.o)
 .debug_aranges
                0x0000000000000c60       0x28 /home/robert/Desktop/Projektwoche/stm/U23_2013_examples/libs/libsystem/obj/libsystem.a(SysTick.o)
 .debug_aranges
                0x0000000000000c88       0x30 /home/robert/Desktop/Projektwoche/stm/U23_2013_examples/libs/libsystem/obj/libsystem.a(Debug.o)
 .debug_aranges
                0x0000000000000cb8       0x40 /home/robert/Desktop/Projektwoche/stm/U23_2013_examples/libs/libsystem/obj/libsystem.a(USART.o)
 .debug_aranges
                0x0000000000000cf8       0x30 /home/robert/Desktop/Projektwoche/stm/U23_2013_examples/libs/libsystem/obj/libsystem.a(Random.o)
 .debug_aranges
                0x0000000000000d28       0xa0 /home/robert/Desktop/Projektwoche/stm/U23_2013_examples/libs/libsystem/obj/libsystem.a(Audio.o)
 .debug_aranges
                0x0000000000000dc8       0x70 /home/robert/Desktop/Projektwoche/stm/U23_2013_examples/libs/libsystem/obj/libsystem.a(Spi.o)
 .debug_aranges
                0x0000000000000e38       0x20 /home/robert/Desktop/Projektwoche/stm/U23_2013_examples/libs/libsystem/obj/libsystem.a(LED.o)
 .debug_aranges
                0x0000000000000e58       0x30 /home/robert/Desktop/Projektwoche/stm/U23_2013_examples/libs/libsystem/obj/libsystem.a(Init.o)
 .debug_aranges
                0x0000000000000e88       0x20 /home/robert/Desktop/Projektwoche/stm/STM32-Toolchain/arm-none-eabi/lib/gcc/arm-none-eabi/4.8.0/thumb/cortex-m4/float-abi-hard/fpuv4-sp-d16/libgcc.a(_arm_addsubdf3.o)
 .debug_aranges
                0x0000000000000ea8       0x20 /home/robert/Desktop/Projektwoche/stm/STM32-Toolchain/arm-none-eabi/lib/gcc/arm-none-eabi/4.8.0/thumb/cortex-m4/float-abi-hard/fpuv4-sp-d16/libgcc.a(_arm_muldivdf3.o)
 .debug_aranges
                0x0000000000000ec8       0x20 /home/robert/Desktop/Projektwoche/stm/STM32-Toolchain/arm-none-eabi/lib/gcc/arm-none-eabi/4.8.0/thumb/cortex-m4/float-abi-hard/fpuv4-sp-d16/libgcc.a(_arm_cmpdf2.o)
 .debug_aranges
                0x0000000000000ee8       0x20 /home/robert/Desktop/Projektwoche/stm/STM32-Toolchain/arm-none-eabi/lib/gcc/arm-none-eabi/4.8.0/../../../../arm-none-eabi/lib/thumb/cortex-m4/float-abi-hard/fpuv4-sp-d16/libc.a(lib_a-errno.o)
 .debug_aranges
                0x0000000000000f08       0x20 /home/robert/Desktop/Projektwoche/stm/STM32-Toolchain/arm-none-eabi/lib/gcc/arm-none-eabi/4.8.0/../../../../arm-none-eabi/lib/thumb/cortex-m4/float-abi-hard/fpuv4-sp-d16/libc.a(lib_a-fprintf.o)
 .debug_aranges
                0x0000000000000f28       0x20 /home/robert/Desktop/Projektwoche/stm/STM32-Toolchain/arm-none-eabi/lib/gcc/arm-none-eabi/4.8.0/../../../../arm-none-eabi/lib/thumb/cortex-m4/float-abi-hard/fpuv4-sp-d16/libc.a(lib_a-fwrite.o)
 .debug_aranges
                0x0000000000000f48       0x18 /home/robert/Desktop/Projektwoche/stm/STM32-Toolchain/arm-none-eabi/lib/gcc/arm-none-eabi/4.8.0/../../../../arm-none-eabi/lib/thumb/cortex-m4/float-abi-hard/fpuv4-sp-d16/libc.a(lib_a-impure.o)
 .debug_aranges